
 Start         Length     Name                   Class
 0001:00000000 0007A814H .text                   CODE
 0002:00000000 00002070H .data                   DATA
 0002:00002070 00001481H .bss                    BSS


Detailed map of segments

 0001:00000000 00005A1B C=CODE     S=.text    G=(none)   M=System   ACBP=A9
 0001:00005A1C 00000140 C=CODE     S=.text    G=(none)   M=SysInit  ACBP=A9
 0001:00005B5C 00000134 C=CODE     S=.text    G=(none)   M=Types    ACBP=A9
 0001:00005C90 00000BFC C=CODE     S=.text    G=(none)   M=Windows  ACBP=A9
 0001:0000688C 00000038 C=CODE     S=.text    G=(none)   M=Messages ACBP=A9
 0001:000068C4 00000350 C=CODE     S=.text    G=(none)   M=SysConst ACBP=A9
 0001:00006C14 00006960 C=CODE     S=.text    G=(none)   M=SysUtils ACBP=A9
 0001:0000D574 0000099F C=CODE     S=.text    G=(none)   M=VarUtils ACBP=A9
 0001:0000DF14 000092AC C=CODE     S=.text    G=(none)   M=Variants ACBP=A9
 0001:000171C0 00000178 C=CODE     S=.text    G=(none)   M=RTLConsts ACBP=A9
 0001:00017338 00000DCC C=CODE     S=.text    G=(none)   M=TypInfo  ACBP=A9
 0001:00018104 00000098 C=CODE     S=.text    G=(none)   M=ActiveX  ACBP=A9
 0001:0001819C 0000C5DA C=CODE     S=.text    G=(none)   M=Classes  ACBP=A9
 0001:00024778 000002C8 C=CODE     S=.text    G=(none)   M=Consts   ACBP=A9
 0001:00024A40 00007407 C=CODE     S=.text    G=(none)   M=Graphics ACBP=A9
 0001:0002BE48 00000048 C=CODE     S=.text    G=(none)   M=Math     ACBP=A9
 0001:0002BE90 000002B8 C=CODE     S=.text    G=(none)   M=Contnrs  ACBP=A9
 0001:0002C148 000005A8 C=CODE     S=.text    G=(none)   M=CommCtrl ACBP=A9
 0001:0002C6F0 00000787 C=CODE     S=.text    G=(none)   M=MultiMon ACBP=A9
 0001:0002CE78 00000038 C=CODE     S=.text    G=(none)   M=Imm      ACBP=A9
 0001:0002CEB0 00001098 C=CODE     S=.text    G=(none)   M=HelpIntfs ACBP=A9
 0001:0002DF48 00000058 C=CODE     S=.text    G=(none)   M=WinSpool ACBP=A9
 0001:0002DFA0 00000F80 C=CODE     S=.text    G=(none)   M=Printers ACBP=A9
 0001:0002EF20 0000031F C=CODE     S=.text    G=(none)   M=FlatSB   ACBP=A9
 0001:0002F240 00008050 C=CODE     S=.text    G=(none)   M=StdCtrls ACBP=A9
 0001:00037290 00000040 C=CODE     S=.text    G=(none)   M=ShellAPI ACBP=A9
 0001:000372D0 00000038 C=CODE     S=.text    G=(none)   M=RegStr   ACBP=A9
 0001:00037308 00000038 C=CODE     S=.text    G=(none)   M=WinInet  ACBP=A9
 0001:00037340 00000038 C=CODE     S=.text    G=(none)   M=UrlMon   ACBP=A9
 0001:00037378 00000038 C=CODE     S=.text    G=(none)   M=ShlObj   ACBP=A9
 0001:000373B0 00000038 C=CODE     S=.text    G=(none)   M=CommDlg  ACBP=A9
 0001:000373E8 00001500 C=CODE     S=.text    G=(none)   M=ExtCtrls ACBP=A9
 0001:000388E8 00000038 C=CODE     S=.text    G=(none)   M=Dlgs     ACBP=A9
 0001:00038920 00000659 C=CODE     S=.text    G=(none)   M=Dialogs  ACBP=A9
 0001:00038F7C 00000094 C=CODE     S=.text    G=(none)   M=Clipbrd  ACBP=A9
 0001:00039010 00000114 C=CODE     S=.text    G=(none)   M=StrUtils ACBP=A9
 0001:00039124 00000168 C=CODE     S=.text    G=(none)   M=StdActns ACBP=A9
 0001:0003928C 00000CC4 C=CODE     S=.text    G=(none)   M=WinHelpViewer ACBP=A9
 0001:00039F50 00010AEB C=CODE     S=.text    G=(none)   M=Controls ACBP=A9
 0001:0004AA3C 0000130E C=CODE     S=.text    G=(none)   M=ActnList ACBP=A9
 0001:0004BD4C 000017D0 C=CODE     S=.text    G=(none)   M=ImgList  ACBP=A9
 0001:0004D51C 000064CD C=CODE     S=.text    G=(none)   M=Menus    ACBP=A9
 0001:000539EC 0000CC1C C=CODE     S=.text    G=(none)   M=Forms    ACBP=A9
 0001:00060608 00000550 C=CODE     S=.text    G=(none)   M=RedirectConsole ACBP=A9
 0001:00060B58 00001018 C=CODE     S=.text    G=(none)   M=IniFiles ACBP=A9
 0001:00061B70 00000110 C=CODE     S=.text    G=(none)   M=WinSock  ACBP=A9
 0001:00061C80 000003F0 C=CODE     S=.text    G=(none)   M=SyncObjs ACBP=A9
 0001:00062070 000035E4 C=CODE     S=.text    G=(none)   M=ScktComp ACBP=A9
 0001:00065654 00000038 C=CODE     S=.text    G=(none)   M=JvWin32  ACBP=A9
 0001:0006568C 00000038 C=CODE     S=.text    G=(none)   M=JvConsts ACBP=A9
 0001:000656C4 0000006C C=CODE     S=.text    G=(none)   M=JVCLVer  ACBP=A9
 0001:00065730 00000118 C=CODE     S=.text    G=(none)   M=JvComponentBase ACBP=A9
 0001:00065848 000000C8 C=CODE     S=.text    G=(none)   M=DateUtils ACBP=A9
 0001:00065910 000002B8 C=CODE     S=.text    G=(none)   M=JvResources ACBP=A9
 0001:00065BC8 00000AA8 C=CODE     S=.text    G=(none)   M=JvTypes  ACBP=A9
 0001:00066670 00000038 C=CODE     S=.text    G=(none)   M=JvVCL5Utils ACBP=A9
 0001:000666A8 00000058 C=CODE     S=.text    G=(none)   M=ComConst ACBP=A9
 0001:00066700 00000E65 C=CODE     S=.text    G=(none)   M=ComObj   ACBP=A9
 0001:00067568 00000038 C=CODE     S=.text    G=(none)   M=MMSystem ACBP=A9
 0001:000675A0 00000068 C=CODE     S=.text    G=(none)   M=Registry ACBP=A9
 0001:00067608 00000354 C=CODE     S=.text    G=(none)   M=JvJCLUtils ACBP=A9
 0001:0006795C 00000038 C=CODE     S=.text    G=(none)   M=RichEdit ACBP=A9
 0001:00067994 00000038 C=CODE     S=.text    G=(none)   M=ToolWin  ACBP=A9
 0001:000679CC 00000060 C=CODE     S=.text    G=(none)   M=ComStrs  ACBP=A9
 0001:00067A2C 000000F5 C=CODE     S=.text    G=(none)   M=Buttons  ACBP=A9
 0001:00067B24 00000038 C=CODE     S=.text    G=(none)   M=ExtDlgs  ACBP=A9
 0001:00067B5C 0000006C C=CODE     S=.text    G=(none)   M=Mapi     ACBP=A9
 0001:00067BC8 00000058 C=CODE     S=.text    G=(none)   M=ExtActns ACBP=A9
 0001:00067C20 00001AF8 C=CODE     S=.text    G=(none)   M=ListActns ACBP=A9
 0001:00069718 0000B6E8 C=CODE     S=.text    G=(none)   M=ComCtrls ACBP=A9
 0001:00074E00 00000038 C=CODE     S=.text    G=(none)   M=MaskUtils ACBP=A9
 0001:00074E38 00000038 C=CODE     S=.text    G=(none)   M=Mask     ACBP=A9
 0001:00074E70 00000038 C=CODE     S=.text    G=(none)   M=Grids    ACBP=A9
 0001:00074EA8 000001D0 C=CODE     S=.text    G=(none)   M=JclResources ACBP=A9
 0001:00075078 00000038 C=CODE     S=.text    G=(none)   M=JclBase  ACBP=A9
 0001:000750B0 00000038 C=CODE     S=.text    G=(none)   M=AccCtrl  ACBP=A9
 0001:000750E8 00000040 C=CODE     S=.text    G=(none)   M=JclWin32 ACBP=A9
 0001:00075128 00000038 C=CODE     S=.text    G=(none)   M=JclConsole ACBP=A9
 0001:00075160 00000068 C=CODE     S=.text    G=(none)   M=JclWideStrings ACBP=A9
 0001:000751C8 00000038 C=CODE     S=.text    G=(none)   M=JclLogic ACBP=A9
 0001:00075200 00000158 C=CODE     S=.text    G=(none)   M=JclStrings ACBP=A9
 0001:00075358 00000038 C=CODE     S=.text    G=(none)   M=Jcl8087  ACBP=A9
 0001:00075390 00000038 C=CODE     S=.text    G=(none)   M=JclMath  ACBP=A9
 0001:000753C8 00000084 C=CODE     S=.text    G=(none)   M=JclSysUtils ACBP=A9
 0001:0007544C 00000038 C=CODE     S=.text    G=(none)   M=Snmp     ACBP=A9
 0001:00075484 00000038 C=CODE     S=.text    G=(none)   M=TlHelp32 ACBP=A9
 0001:000754BC 00000038 C=CODE     S=.text    G=(none)   M=PsAPI    ACBP=A9
 0001:000754F4 00000038 C=CODE     S=.text    G=(none)   M=JclRegistry ACBP=A9
 0001:0007552C 00000038 C=CODE     S=.text    G=(none)   M=JclIniFiles ACBP=A9
 0001:00075564 000006B5 C=CODE     S=.text    G=(none)   M=JclSysInfo ACBP=A9
 0001:00075C1C 00000044 C=CODE     S=.text    G=(none)   M=JclShell ACBP=A9
 0001:00075C60 00000038 C=CODE     S=.text    G=(none)   M=JclSecurity ACBP=A9
 0001:00075C98 00000038 C=CODE     S=.text    G=(none)   M=JclDateTime ACBP=A9
 0001:00075CD0 00000124 C=CODE     S=.text    G=(none)   M=JclFileUtils ACBP=A9
 0001:00075DF4 000001BF C=CODE     S=.text    G=(none)   M=JclRTTI  ACBP=A9
 0001:00075FB4 00000038 C=CODE     S=.text    G=(none)   M=JclMime  ACBP=A9
 0001:00075FEC 000001D0 C=CODE     S=.text    G=(none)   M=JvPropertyStore ACBP=A9
 0001:000761BC 0000013B C=CODE     S=.text    G=(none)   M=JvAppStorage ACBP=A9
 0001:000762F8 00000044 C=CODE     S=.text    G=(none)   M=JvProgressUtils ACBP=A9
 0001:0007633C 0000034B C=CODE     S=.text    G=(none)   M=JvJVCLUtils ACBP=A9
 0001:00076688 00001BF0 C=CODE     S=.text    G=(none)   M=JvTrayIcon ACBP=A9
 0001:00078278 00000474 C=CODE     S=.text    G=(none)   M=modRichEdit ACBP=A9
 0001:000786EC 00000114 C=CODE     S=.text    G=(none)   M=modSCPUtils ACBP=A9
 0001:00078800 00001C2C C=CODE     S=.text    G=(none)   M=fMain    ACBP=A9
 0001:0007A42C 000003E8 C=CODE     S=.text    G=(none)   M=PseuWoWConsole ACBP=A9
 0002:00000000 0000008C C=DATA     S=.data    G=DGROUP   M=System   ACBP=A9
 0002:0000008C 00000018 C=DATA     S=.data    G=DGROUP   M=SysInit  ACBP=A9
 0002:000000A4 00000254 C=DATA     S=.data    G=DGROUP   M=SysUtils ACBP=A9
 0002:000002F8 00000110 C=DATA     S=.data    G=DGROUP   M=VarUtils ACBP=A9
 0002:00000408 00000186 C=DATA     S=.data    G=DGROUP   M=Variants ACBP=A9
 0002:00000590 0000000C C=DATA     S=.data    G=DGROUP   M=TypInfo  ACBP=A9
 0002:0000059C 00000010 C=DATA     S=.data    G=DGROUP   M=ActiveX  ACBP=A9
 0002:000005AC 00000100 C=DATA     S=.data    G=DGROUP   M=Classes  ACBP=A9
 0002:000006AC 00000304 C=DATA     S=.data    G=DGROUP   M=Graphics ACBP=A9
 0002:000009B0 00000004 C=DATA     S=.data    G=DGROUP   M=Printers ACBP=A9
 0002:000009B4 00000104 C=DATA     S=.data    G=DGROUP   M=StdCtrls ACBP=A9
 0002:00000AB8 00000014 C=DATA     S=.data    G=DGROUP   M=ExtCtrls ACBP=A9
 0002:00000ACC 00000074 C=DATA     S=.data    G=DGROUP   M=Dialogs  ACBP=A9
 0002:00000B40 0000013C C=DATA     S=.data    G=DGROUP   M=Controls ACBP=A9
 0002:00000C7C 00000020 C=DATA     S=.data    G=DGROUP   M=ImgList  ACBP=A9
 0002:00000C9C 000000EC C=DATA     S=.data    G=DGROUP   M=Menus    ACBP=A9
 0002:00000D88 00000124 C=DATA     S=.data    G=DGROUP   M=Forms    ACBP=A9
 0002:00000EAC 00000008 C=DATA     S=.data    G=DGROUP   M=IniFiles ACBP=A9
 0002:00000EB4 0000000E C=DATA     S=.data    G=DGROUP   M=JvConsts ACBP=A9
 0002:00000EC4 00000438 C=DATA     S=.data    G=DGROUP   M=JvTypes  ACBP=A9
 0002:000012FC 00000030 C=DATA     S=.data    G=DGROUP   M=ComObj   ACBP=A9
 0002:0000132C 00000008 C=DATA     S=.data    G=DGROUP   M=Registry ACBP=A9
 0002:00001334 00000048 C=DATA     S=.data    G=DGROUP   M=JvJCLUtils ACBP=A9
 0002:0000137C 0000002C C=DATA     S=.data    G=DGROUP   M=Buttons  ACBP=A9
 0002:000013A8 00000008 C=DATA     S=.data    G=DGROUP   M=Mapi     ACBP=A9
 0002:000013B0 00000110 C=DATA     S=.data    G=DGROUP   M=ComCtrls ACBP=A9
 0002:000014C0 00000004 C=DATA     S=.data    G=DGROUP   M=JclWideStrings ACBP=A9
 0002:000014C4 0000000C C=DATA     S=.data    G=DGROUP   M=JclStrings ACBP=A9
 0002:000014D0 00000008 C=DATA     S=.data    G=DGROUP   M=JclSysUtils ACBP=A9
 0002:000014D8 00000450 C=DATA     S=.data    G=DGROUP   M=JclSysInfo ACBP=A9
 0002:00001928 00000004 C=DATA     S=.data    G=DGROUP   M=JclShell ACBP=A9
 0002:0000192C 00000040 C=DATA     S=.data    G=DGROUP   M=JvPropertyStore ACBP=A9
 0002:0000196C 00000004 C=DATA     S=.data    G=DGROUP   M=JvProgressUtils ACBP=A9
 0002:00001970 0000005C C=DATA     S=.data    G=DGROUP   M=JvJVCLUtils ACBP=A9
 0002:000019CC 00000024 C=DATA     S=.data    G=DGROUP   M=JvTrayIcon ACBP=A9
 0002:00003000 0000070C C=BSS      S=.bss     G=DGROUP   M=System   ACBP=A9
 0002:0000370C 00000018 C=BSS      S=.bss     G=DGROUP   M=SysInit  ACBP=A9
 0002:00003724 00000004 C=BSS      S=.bss     G=DGROUP   M=Types    ACBP=A9
 0002:00003728 00000004 C=BSS      S=.bss     G=DGROUP   M=Windows  ACBP=A9
 0002:0000372C 00000004 C=BSS      S=.bss     G=DGROUP   M=Messages ACBP=A9
 0002:00003730 00000004 C=BSS      S=.bss     G=DGROUP   M=SysConst ACBP=A9
 0002:00003734 00000120 C=BSS      S=.bss     G=DGROUP   M=SysUtils ACBP=A9
 0002:00003854 0000005C C=BSS      S=.bss     G=DGROUP   M=VarUtils ACBP=A9
 0002:000038B0 00000184 C=BSS      S=.bss     G=DGROUP   M=Variants ACBP=A9
 0002:00003A34 00000004 C=BSS      S=.bss     G=DGROUP   M=RTLConsts ACBP=A9
 0002:00003A38 00000004 C=BSS      S=.bss     G=DGROUP   M=TypInfo  ACBP=A9
 0002:00003A3C 00000004 C=BSS      S=.bss     G=DGROUP   M=ActiveX  ACBP=A9
 0002:00003A40 00000044 C=BSS      S=.bss     G=DGROUP   M=Classes  ACBP=A9
 0002:00003A84 00000004 C=BSS      S=.bss     G=DGROUP   M=Consts   ACBP=A9
 0002:00003A88 00000060 C=BSS      S=.bss     G=DGROUP   M=Graphics ACBP=A9
 0002:00003AE8 00000004 C=BSS      S=.bss     G=DGROUP   M=Math     ACBP=A9
 0002:00003AEC 00000004 C=BSS      S=.bss     G=DGROUP   M=Contnrs  ACBP=A9
 0002:00003AF0 0000000C C=BSS      S=.bss     G=DGROUP   M=CommCtrl ACBP=A9
 0002:00003AFC 00000031 C=BSS      S=.bss     G=DGROUP   M=MultiMon ACBP=A9
 0002:00003B30 00000004 C=BSS      S=.bss     G=DGROUP   M=Imm      ACBP=A9
 0002:00003B34 00000008 C=BSS      S=.bss     G=DGROUP   M=HelpIntfs ACBP=A9
 0002:00003B3C 00000004 C=BSS      S=.bss     G=DGROUP   M=WinSpool ACBP=A9
 0002:00003B40 00000004 C=BSS      S=.bss     G=DGROUP   M=Printers ACBP=A9
 0002:00003B44 00000034 C=BSS      S=.bss     G=DGROUP   M=FlatSB   ACBP=A9
 0002:00003B78 00000004 C=BSS      S=.bss     G=DGROUP   M=StdCtrls ACBP=A9
 0002:00003B7C 00000004 C=BSS      S=.bss     G=DGROUP   M=ShellAPI ACBP=A9
 0002:00003B80 00000004 C=BSS      S=.bss     G=DGROUP   M=RegStr   ACBP=A9
 0002:00003B84 00000004 C=BSS      S=.bss     G=DGROUP   M=WinInet  ACBP=A9
 0002:00003B88 00000004 C=BSS      S=.bss     G=DGROUP   M=UrlMon   ACBP=A9
 0002:00003B8C 00000004 C=BSS      S=.bss     G=DGROUP   M=ShlObj   ACBP=A9
 0002:00003B90 00000004 C=BSS      S=.bss     G=DGROUP   M=CommDlg  ACBP=A9
 0002:00003B94 00000004 C=BSS      S=.bss     G=DGROUP   M=ExtCtrls ACBP=A9
 0002:00003B98 00000004 C=BSS      S=.bss     G=DGROUP   M=Dlgs     ACBP=A9
 0002:00003B9C 0000000C C=BSS      S=.bss     G=DGROUP   M=Dialogs  ACBP=A9
 0002:00003BA8 0000000C C=BSS      S=.bss     G=DGROUP   M=Clipbrd  ACBP=A9
 0002:00003BB4 00000004 C=BSS      S=.bss     G=DGROUP   M=StrUtils ACBP=A9
 0002:00003BB8 00000004 C=BSS      S=.bss     G=DGROUP   M=StdActns ACBP=A9
 0002:00003BBC 00000010 C=BSS      S=.bss     G=DGROUP   M=WinHelpViewer ACBP=A9
 0002:00003BCC 00000080 C=BSS      S=.bss     G=DGROUP   M=Controls ACBP=A9
 0002:00003C4C 00000004 C=BSS      S=.bss     G=DGROUP   M=ActnList ACBP=A9
 0002:00003C50 00000004 C=BSS      S=.bss     G=DGROUP   M=ImgList  ACBP=A9
 0002:00003C54 00000010 C=BSS      S=.bss     G=DGROUP   M=Menus    ACBP=A9
 0002:00003C64 00000020 C=BSS      S=.bss     G=DGROUP   M=Forms    ACBP=A9
 0002:00003C84 00000014 C=BSS      S=.bss     G=DGROUP   M=RedirectConsole ACBP=A9
 0002:00003C98 00000004 C=BSS      S=.bss     G=DGROUP   M=IniFiles ACBP=A9
 0002:00003C9C 00000004 C=BSS      S=.bss     G=DGROUP   M=WinSock  ACBP=A9
 0002:00003CA0 00000004 C=BSS      S=.bss     G=DGROUP   M=SyncObjs ACBP=A9
 0002:00003CA4 00000194 C=BSS      S=.bss     G=DGROUP   M=ScktComp ACBP=A9
 0002:00003E38 00000004 C=BSS      S=.bss     G=DGROUP   M=JvWin32  ACBP=A9
 0002:00003E3C 00000004 C=BSS      S=.bss     G=DGROUP   M=JvConsts ACBP=A9
 0002:00003E40 00000004 C=BSS      S=.bss     G=DGROUP   M=JVCLVer  ACBP=A9
 0002:00003E44 00000004 C=BSS      S=.bss     G=DGROUP   M=JvComponentBase ACBP=A9
 0002:00003E48 00000004 C=BSS      S=.bss     G=DGROUP   M=DateUtils ACBP=A9
 0002:00003E4C 00000004 C=BSS      S=.bss     G=DGROUP   M=JvResources ACBP=A9
 0002:00003E50 00000004 C=BSS      S=.bss     G=DGROUP   M=JvTypes  ACBP=A9
 0002:00003E54 00000004 C=BSS      S=.bss     G=DGROUP   M=JvVCL5Utils ACBP=A9
 0002:00003E58 00000004 C=BSS      S=.bss     G=DGROUP   M=ComConst ACBP=A9
 0002:00003E5C 00000011 C=BSS      S=.bss     G=DGROUP   M=ComObj   ACBP=A9
 0002:00003E70 00000004 C=BSS      S=.bss     G=DGROUP   M=MMSystem ACBP=A9
 0002:00003E74 00000004 C=BSS      S=.bss     G=DGROUP   M=Registry ACBP=A9
 0002:00003E78 00000008 C=BSS      S=.bss     G=DGROUP   M=JvJCLUtils ACBP=A9
 0002:00003E80 00000004 C=BSS      S=.bss     G=DGROUP   M=RichEdit ACBP=A9
 0002:00003E84 00000004 C=BSS      S=.bss     G=DGROUP   M=ToolWin  ACBP=A9
 0002:00003E88 00000004 C=BSS      S=.bss     G=DGROUP   M=ComStrs  ACBP=A9
 0002:00003E8C 00000030 C=BSS      S=.bss     G=DGROUP   M=Buttons  ACBP=A9
 0002:00003EBC 00000004 C=BSS      S=.bss     G=DGROUP   M=ExtDlgs  ACBP=A9
 0002:00003EC0 00000004 C=BSS      S=.bss     G=DGROUP   M=Mapi     ACBP=A9
 0002:00003EC4 00000009 C=BSS      S=.bss     G=DGROUP   M=ExtActns ACBP=A9
 0002:00003ED0 00000004 C=BSS      S=.bss     G=DGROUP   M=ListActns ACBP=A9
 0002:00003ED4 0000000C C=BSS      S=.bss     G=DGROUP   M=ComCtrls ACBP=A9
 0002:00003EE0 00000004 C=BSS      S=.bss     G=DGROUP   M=MaskUtils ACBP=A9
 0002:00003EE4 00000004 C=BSS      S=.bss     G=DGROUP   M=Mask     ACBP=A9
 0002:00003EE8 00000004 C=BSS      S=.bss     G=DGROUP   M=Grids    ACBP=A9
 0002:00003EEC 00000004 C=BSS      S=.bss     G=DGROUP   M=JclResources ACBP=A9
 0002:00003EF0 00000004 C=BSS      S=.bss     G=DGROUP   M=JclBase  ACBP=A9
 0002:00003EF4 00000004 C=BSS      S=.bss     G=DGROUP   M=AccCtrl  ACBP=A9
 0002:00003EF8 00000004 C=BSS      S=.bss     G=DGROUP   M=JclWin32 ACBP=A9
 0002:00003EFC 00000004 C=BSS      S=.bss     G=DGROUP   M=JclConsole ACBP=A9
 0002:00003F00 00000004 C=BSS      S=.bss     G=DGROUP   M=JclWideStrings ACBP=A9
 0002:00003F04 00000004 C=BSS      S=.bss     G=DGROUP   M=JclLogic ACBP=A9
 0002:00003F08 00000504 C=BSS      S=.bss     G=DGROUP   M=JclStrings ACBP=A9
 0002:0000440C 00000004 C=BSS      S=.bss     G=DGROUP   M=Jcl8087  ACBP=A9
 0002:00004410 00000004 C=BSS      S=.bss     G=DGROUP   M=JclMath  ACBP=A9
 0002:00004414 00000004 C=BSS      S=.bss     G=DGROUP   M=JclSysUtils ACBP=A9
 0002:00004418 00000004 C=BSS      S=.bss     G=DGROUP   M=Snmp     ACBP=A9
 0002:0000441C 00000004 C=BSS      S=.bss     G=DGROUP   M=TlHelp32 ACBP=A9
 0002:00004420 00000004 C=BSS      S=.bss     G=DGROUP   M=PsAPI    ACBP=A9
 0002:00004424 00000004 C=BSS      S=.bss     G=DGROUP   M=JclRegistry ACBP=A9
 0002:00004428 00000004 C=BSS      S=.bss     G=DGROUP   M=JclIniFiles ACBP=A9
 0002:0000442C 00000010 C=BSS      S=.bss     G=DGROUP   M=JclSysInfo ACBP=A9
 0002:0000443C 00000004 C=BSS      S=.bss     G=DGROUP   M=JclShell ACBP=A9
 0002:00004440 00000004 C=BSS      S=.bss     G=DGROUP   M=JclSecurity ACBP=A9
 0002:00004444 00000004 C=BSS      S=.bss     G=DGROUP   M=JclDateTime ACBP=A9
 0002:00004448 00000004 C=BSS      S=.bss     G=DGROUP   M=JclFileUtils ACBP=A9
 0002:0000444C 00000008 C=BSS      S=.bss     G=DGROUP   M=JclRTTI  ACBP=A9
 0002:00004454 00000004 C=BSS      S=.bss     G=DGROUP   M=JclMime  ACBP=A9
 0002:00004458 00000004 C=BSS      S=.bss     G=DGROUP   M=JvPropertyStore ACBP=A9
 0002:0000445C 00000008 C=BSS      S=.bss     G=DGROUP   M=JvAppStorage ACBP=A9
 0002:00004464 00000004 C=BSS      S=.bss     G=DGROUP   M=JvProgressUtils ACBP=A9
 0002:00004468 00000004 C=BSS      S=.bss     G=DGROUP   M=JvJVCLUtils ACBP=A9
 0002:0000446C 00000004 C=BSS      S=.bss     G=DGROUP   M=JvTrayIcon ACBP=A9
 0002:00004470 00000004 C=BSS      S=.bss     G=DGROUP   M=modRichEdit ACBP=A9
 0002:00004474 00000004 C=BSS      S=.bss     G=DGROUP   M=modSCPUtils ACBP=A9
 0002:00004478 00000008 C=BSS      S=.bss     G=DGROUP   M=fMain    ACBP=A9


  Address         Publics by Name

 0002:00003B9C       .01
 0002:0000445C       .01
 0002:00003EFC       .01
 0002:00003B7C       .1
 0002:00003B8C       .1
 0002:00003B90       .1
 0002:00003EF4       .1
 0002:00003B98       .1
 0002:00004470       .1
 0002:00003BB4       .1
 0002:00003EEC       .1
 0002:00003BC4       .1
 0002:00004418       .1
 0002:00004428       .1
 0002:0000372C       .1
 0002:00003724       .1
 0002:00003730       .1
 0002:00003EC0       .1
 0002:0000371C       .1
 0002:00003E88       .1
 0002:00003E80       .1
 0002:00003E78       .1
 0002:0000440C       .1
 0002:00003E58       .1
 0002:00003E54       .1
 0002:0000443C       .1
 0002:00004440       .1
 0002:00003E4C       .1
 0002:00003E48       .1
 0002:00003F08       .1
 0002:00003F04       .1
 0002:00003E40       .1
 0002:00003E3C       .1
 0002:00003E38       .1
 0002:00003AF0       .1
 0002:00003B1C       .1
 0002:00004420       .1
 0002:00003854       .1
 0002:00003B30       .1
 0002:0000441C       .1
 0002:00004454       .1
 0002:00003C9C       .1
 0002:00003C94       .1
 0002:00004464       .1
 0002:00003B64       .1
 0002:00003A84       .1
 0002:00004474       .1
 0002:00003A34       .1
 0002:00003B80       .1
 0002:00003B84       .1
 0002:00003B88       .1
 0002:00003EE8       .11
 0002:00003A8C       .12
 0002:00003B94       .12
 0002:00003BAC       .2
 0002:0000446C       .2
 0002:00003B34       .2
 0002:00003AE8       .2
 0002:00004444       .2
 0002:00003E44       .2
 0002:0000442C       .2
 0002:00003EE0       .2
 0002:00003EF8       .2
 0002:00004424       .2
 0002:00003AEC       .21
 0002:00003EBC       .3
 0002:00003B40       .3
 0002:00003F00       .3
 0002:00003B3C       .3
 0002:00003A3C       .3
 0002:00003728       .3
 0002:00003C50       .3
 0002:00003A48       .35
 0002:00003ED4       .36
 0002:00004458       .4
 0002:00003EF0       .4
 0002:0000447C       .4
 0002:0000444C       .4
 0002:00003E8C       .4
 0002:00003E84       .4
 0002:00003C6C       .41
 0002:00003E5C       .41
 0002:00003CA4       .41
 0002:00003B78       .42
 0002:00004448       .42
 0002:00004414       .5
 0002:000035BC       .5
 0002:00003EE4       .5
 0002:00003E74       .5
 0002:00003A38       .6
 0002:00003CA0       .6
 0002:00004468       .6
 0002:00003BB8       .63
 0002:00003E70       .7
 0002:00003E50       .7
 0002:00004410       .7
 0002:00003BD4       .72
 0002:00003EC4       .72
 0002:00003C98       .8
 0002:00003ED0       .8
 0002:00003C4C       .8
 0002:000038D0       .81
 0002:00003C5C       .9
 0002:00003844       .94
 0001:00001B00       @AbstractError
 0001:00002CA8       @AfterConstruction
 0001:00002AB4       @AsClass
 0001:00001DE4       @Assign
 0001:00001FA4       @AStrCmp
 0001:00002CB8       @BeforeDestruction
 0001:00002844       @BoundErr
 0001:00002B00       @CallDynaInst
 0001:00002C50       @ClassCreate
 0001:00002CA0       @ClassDestroy
 0001:00001EAC       @Close
 0001:000018D4       @Copy
 0001:000043E0       @CopyArray
 0001:000042C4       @CopyRecord
 0001:00004670       @DispCallByIDError
 0001:00003134       @DoneExcept
 0001:00004DAC       @DynArrayAsg
 0001:00004D70       @DynArrayClear
 0001:00004C5C       @DynArrayCopy
 0001:00004C7C       @DynArrayCopyRange
 0001:00004A9C       @DynArrayHigh
 0001:00004A94       @DynArrayLength
 0001:00004C50       @DynArraySetLength
 0001:00002014       @EofText
 0001:0000321C       @ExceptionHandler
 0001:0000204C       @FillChar
 0001:000042B8       @Finalize
 0001:000041CC       @FinalizeArray
 0001:00004198       @FinalizeRecord
 0001:00001EA0       @Flush
 0001:00002838       @FpuInit
 0001:00002774       @FpuMaskInit
 0001:0000175C       @FreeMem
 0001:0000173C       @GetMem
 0001:00005A94       @GetTls
 0001:0000365C       @Halt
 0001:00003584       @Halt0
 0001:00002DCC       @HandleAnyException
 0001:00003080       @HandleFinally
 0001:00002EF8       @HandleOnException
 0001:00005AE0       @InitExe
 0001:00004104       @InitializeArray
 0001:000040D4       @InitializeRecord
 0001:0000342C       @InitImports
 0001:00003404       @InitResStringImports
 0001:00003450       @InitWideStrings
 0001:0000548C       @IntfAddRef
 0001:00005460       @IntfCast
 0001:0000541C       @IntfClear
 0001:00005434       @IntfCopy
 0001:00002A90       @IsClass
 0001:00002744       @isNECWindows
 0001:00003B98       @LStrAddRef
 0001:0000371C       @LStrArrayClr
 0001:0000374C       @LStrAsg
 0001:000039B8       @LStrCat
 0001:000039FC       @LStrCat3
 0001:00003A70       @LStrCatN
 0001:000036F8       @LStrClr
 0001:00003AF4       @LStrCmp
 0001:00003C08       @LStrCopy
 0001:00003C48       @LStrDelete
 0001:00003960       @LStrFromArray
 0001:000038D8       @LStrFromChar
 0001:000038E8       @LStrFromPChar
 0001:000037E8       @LStrFromPCharLen
 0001:00003918       @LStrFromPWChar
 0001:0000384C       @LStrFromPWCharLen
 0001:00003954       @LStrFromString
 0001:00003978       @LStrFromWStr
 0001:00003C90       @LStrInsert
 0001:00003790       @LStrLAsg
 0001:000039B0       @LStrLen
 0001:00003CEC       @LStrPos
 0001:00003D34       @LStrSetLength
 0001:00003BA8       @LStrToPChar
 0001:0000398C       @LStrToString
 0001:000037BC       @NewAnsiString
 0001:00003DC0       @NewWideString
 0001:0000245C       @Pow10
 0001:00001F20       @PStrCmp
 0001:00001F04       @PStrNCpy
 0001:000030E0       @RaiseAgain
 0001:000030B8       @RaiseExcept
 0001:000020A8       @ReadChar
 0001:00002200       @ReadLn
 0001:00002194       @ReadLString
 0001:00002188       @ReadString
 0001:0000177C       @ReallocMem
 0001:00001B74       @ResetText
 0001:00001B80       @RewritText
 0001:00001AD0       @ROUND
 0001:00003668       @RunError
 0001:00002440       @SetEq
 0001:000033C4       @StartExe
 0001:00000330       @strlen
 0001:00001ADC       @TRUNC
 0001:00003164       @TryFinallyExit
 0001:00003C00       @UniqueStringA
 0001:00004870       @ValInt64
 0001:00002230       @ValLong
 0001:000045A0       @VarCast
 0001:00004590       @VarClear
 0001:00004668       @VarClr
 0001:0000464C       @VarCmpEQ
 0001:00004598       @VarCopy
 0001:0000460C       @VarFromBool
 0001:00004624       @VarFromCurr
 0001:00004644       @VarFromDisp
 0001:000045F0       @VarFromInt
 0001:000045F8       @VarFromInt64
 0001:0000463C       @VarFromIntf
 0001:0000462C       @VarFromLStr
 0001:00004614       @VarFromReal
 0001:0000461C       @VarFromTDateTime
 0001:00004634       @VarFromWStr
 0001:00004658       @VarNeg
 0001:00004660       @VarNot
 0001:000045B8       @VarToBool
 0001:000045C8       @VarToCurr
 0001:000045E8       @VarToDisp
 0001:000045A8       @VarToInt
 0001:000045B0       @VarToInt64
 0001:000045E0       @VarToIntf
 0001:000045D0       @VarToLStr
 0001:000045C0       @VarToReal
 0001:000045D8       @VarToWStr
 0001:00002340       @WriteBytes
 0001:00003D98       @WriteLString
 0001:00002394       @WriteSpaces
 0001:00003E00       @WStrArrayClr
 0001:00003E24       @WStrAsg
 0001:00003F60       @WStrCat
 0001:00003DE8       @WStrClr
 0001:00003FC0       @WStrCmp
 0001:00004044       @WStrCopy
 0001:00003F34       @WStrFromLStr
 0001:00003E48       @WStrFromPCharLen
 0001:00003EF8       @WStrFromPWChar
 0001:00003ED4       @WStrFromPWCharLen
 0001:00003F54       @WStrLen
 0001:00004090       @WStrSetLength
 0001:00003F44       @WStrToPWChar
 0001:0000241C       @_CLenToPasStr
 0001:00002410       @_CToPasStr
 0001:000018A4       @_IOTest
 0001:0000469C       @_lldiv
 0001:00004764       @_llmod
 0001:00004678       @_llmul
 0001:00004830       @_llshl
 0001:00004718       @_lludiv
 0001:000047E0       @_llumod
 0001:00004850       @_llushr
 0001:0000B4D4       Abort
 0001:0002E0AC       AbortProc
 0001:0003CD74       AbsMin
 0001:0000B8DC       AbstractErrorHandler
 0002:0000302C       AbstractErrorProc
 0001:000750E0       AccCtrl
 0001:00061B88       accept
 0002:00000128       AccessMode
 0001:0000180C       AcquireExceptionObject
 0001:0001A764       ActivateClassGroup
 0001:00006150       ActivateKeyboardLayout
 0002:00003C08       ActiveDrag
 0001:00018194       ActiveX
 0001:0004BD20       ActnList
 0001:00000454       AddBlockAfter
 0001:00078278       AddColouredLine
 0001:00078318       AddColourToLine
 0002:000005AC       AddDataModule
 0001:00007848       AddExitProc
 0001:0001E20C       AddFinished
 0001:00078584       AddHilightedItem
 0001:0004F114       AddIn
 0001:000052B0       AddModuleUnloadProc
 0001:000052C0       AddModuleUnloadProc
 0001:0001E244       AddNotFinished
 0001:00022DA8       AddThread
 0001:000281E4       AdjustColor
 0001:000384A0       AdjustColors
 0001:0006CFAC       AdjustLineBreaks
 0001:00007B20       AdjustLineBreaks
 0001:00056834       Adjustment
 0001:00006158       AdjustWindowRectEx
 0002:00000D60       Alignments
 0002:00000D70       Alignments
 0002:00000A94       Alignments
 0002:00000A84       Alignments
 0002:00000AC0       Alignments
 0002:000009EC       Alignments
 0001:0005D730       AlignWork
 0001:00042400       AlignWork
 0001:00024590       AllocateHWnd
 0001:00076454       AllocateHWndEx
 0002:00001920       AllocGranularity
 0001:000077FC       AllocMem
 0002:000035B4       AllocMemCount
 0002:000035B8       AllocMemSize
 0001:0002BC40       AllocPatternBitmap
 0001:00005A3C       AllocTlsBuffer
 0001:000217C4       AncestorValid
 0002:00000B4C       AnchorAlign
 0001:00076C90       AnimateFromTray
 0001:00076C54       AnimateToTray
 0002:00000B40       AnimateWindowProc
 0002:00000C48       AnimationStyle
 0002:00003F0C       AnsiCaseMap
 0002:000014C4       AnsiCaseMapReady
 0002:0000420C       AnsiCharTypes
 0001:00007A28       AnsiCompareStr
 0001:00007A60       AnsiCompareText
 0001:00039010       AnsiContainsText
 0001:0000816C       AnsiLastChar
 0001:00006160       AnsiLower
 0001:000079F4       AnsiLowerCase
 0001:0000C0FC       AnsiLowerCaseFileName
 0001:0000C0C4       AnsiPos
 0001:00039080       AnsiReplaceText
 0001:000537F8       AnsiSameCaption
 0001:00007A98       AnsiSameText
 0001:00007AB0       AnsiStrLIComp
 0001:0000C188       AnsiStrPos
 0001:0000C228       AnsiStrRScan
 0001:0000C250       AnsiStrScan
 0001:00005898       AnsiToUtf8
 0001:000079C0       AnsiUpperCase
 0001:00013CA8       AnyOp
 0001:000130D4       AnyToIntf
 0001:00009760       AppendChars
 0001:00009B24       AppendFormat
 0001:000097C4       AppendNumber
 0001:000097A4       AppendString
 0002:00003C64       Application
 0002:000005BC       ApplicationHandleException
 0002:000005C4       ApplicationShowException
 0002:00000EA4       AppVisible
 0002:00001414       Arrangements
 0001:0000B8C0       AssertErrorHandler
 0002:00003024       AssertErrorProc
 0001:000177CC       AssignLongStr
 0001:00017E48       AssignVariant
 0002:0000141C       AutoArrange
 0002:00003608       avail
 0001:000082A0       BackfillGetDiskFreeSpaceEx
 0001:0003F8F0       BackgroundClipped
 0001:0000D80C       BackupVarBoolFromStr
 0001:0000D96C       BackupVarBStrFromBool
 0001:0000D88C       BackupVarBStrFromCy
 0001:0000D8FC       BackupVarBStrFromDate
 0001:0000D7A0       BackupVarCyFromStr
 0001:0000D734       BackupVarDateFromStr
 0001:0000D5F0       BackupVarI4FromStr
 0001:0000D59C       BackupVariantChangeTypeEx
 0001:0000D65C       BackupVarR4FromStr
 0001:0000D6C8       BackupVarR8FromStr
 0002:00000420       BaseTypeMap
 0001:0001AB38       BeginGlobalLoading
 0001:00006168       BeginPaint
 0001:000036AC       BeginThread
 0001:000281F0       BetterSize
 0001:0004FEF8       BiDiDraw
 0001:00061B90       bind
 0001:00022D14       BinToHex
 0001:00005F48       BitBlt
 0002:0000137C       BitBtnCaptions
 0002:00003E90       BitBtnGlyphs
 0002:00000964       BitmapCanvasList
 0002:00003AA4       BitmapImageLock
 0001:0000D5D8       BiUnimplemented
 0002:00000680       BlockCode
 0002:000035E0       blockDescBlockList
 0002:000035E4       blockDescFreeList
 0002:00000590       BooleanIdents
 0002:0000041C       BooleanToStringRule
 0002:000014C8       Bools
 0001:00007F88       BoolToStr
 0001:00012190       BoolToWStrViaOS
 0002:00000AAC       Borders
 0002:000013F4       BorderStyles
 0002:00000DEC       BorderStyles
 0002:000009B4       BorderStyles
 0002:00000AB8       BorderStyles
 0001:00005C10       Bounds
 0001:00019A80       Bounds
 0002:00000D08       Breaks
 0002:00003ADC       BrushManager
 0001:00052608       BuildImage
 0002:00000B14       ButtonCaptions
 0002:00001978       ButtonNames
 0002:00000AE8       ButtonNames
 0002:00000D84       Buttons
 0001:00067AFC       Buttons
 0002:00000A7C       ButtonStyles
 0001:000279D0       BytesPerScanline
 0001:00027D28       ByteSwapColors
 0001:0000BE78       ByteToCharIndex
 0001:0000BE50       ByteToCharLen
 0001:0000BE14       ByteType
 0001:0000BD9C       ByteTypeTest
 0001:000244CC       CalcJmpOffset
 0001:00049D10       CalcSplitterPos
 0001:00006170       CallNextHookEx
 0001:0000CA50       CallTerminateProcs
 0001:00006178       CallWindowProc
 0001:0003DD94       CancelDrag
 0002:00003C1C       CanvasList
 0002:00003AE0       CanvasList
 0002:00000AD4       Captions
 0002:00000C04       CaptureControl
 0002:00000CA8       cBooleanToItemAutoFlag
 0002:000004B4       CBooleanToRelationship
 0001:00005C2C       CenterPoint
 0002:00003BAA       CF_COMPONENT
 0002:00003BA8       CF_PICTURE
 0002:000038C8       ChangeAnyProc
 0002:00000A30       CharCases
 0002:000009CC       CharCases
 0001:00003818       CharFromWChar
 0001:000752B4       CharIsLower
 0001:000752C8       CharIsUpper
 0001:0000C04C       CharLength
 0001:00006180       CharLowerBuff
 0001:00006188       CharNext
 0001:00000298       CharNext
 0001:000261D8       CharsetToIdent
 0001:0000BF60       CharToByteIndex
 0001:0000BFC4       CharToByteLen
 0001:00006190       CharUpperBuff
 0001:000287A0       CheckBool
 0001:0006BF40       CheckCommonControl
 0001:00063420       CheckError
 0001:00002D48       CheckJmp
 0001:00006198       CheckMenuItem
 0002:00000CF8       Checks
 0001:00062E54       CheckSocketResult
 0001:00022E54       CheckSynchronize
 0001:00056270       CheckTaskWindow
 0001:00013D34       CheckType
 0001:0001492C       CheckType
 0001:0003DA48       CheckUndock
 0001:0000BD7C       CheckWin32Version
 0001:000061A0       ChildWindowFromPoint
 0002:000019CC       cHintSize
 0002:000019E0       cInfoFlagValues
 0002:00000438       CInvalidCustomVariantType
 0002:00000CAC       cItemAutoFlagToBoolean
 0002:00000CA4       cItemAutoFlagToMenu
 0001:00024714       Classes
 0001:0001A528       ClassNotFound
 0001:00062FB8       Cleanup
 0002:000038C4       ClearAnyProc
 0001:00025A68       ClearColor
 0001:00067248       ClearExcepInfo
 0001:00075E68       ClearInfoList
 0001:00016AE8       ClearVariantTypeList
 0001:000061A8       ClientToScreen
 0001:000472B4       ClientToWindow
 0002:0000095C       ClipboardFormats
 0001:00038FB8       Clipbrd
 0001:00000238       CloseHandle
 0001:00005CB8       CloseHandle
 0001:0002DF48       ClosePrinter
 0001:00061B98       closesocket
 0002:00003040       CmdLine
 0002:0000303C       CmdShow
 0002:00000CA0       cMenuAutoFlagToItem
 0002:000004C0       CmpTypeMap
 0001:0000D5E4       CmpUnimplemented
 0002:00001304       CoAddRefServerProcess
 0002:000012FC       CoCreateInstanceEx
 0002:00001470       Codes
 0002:000013E4       Codes
 0002:00001314       CoInitFlags
 0001:00018138       CoInitialize
 0002:00001300       CoInitializeEx
 0001:0001ADF4       CollectionsEqual
 0002:000006DC       Colors
 0001:00025FD0       ColorToIdent
 0001:00025FC0       ColorToRGB
 0002:00000EC4       ColorValues
 0002:00001444       ColumnClicks
 0002:000014A0       ComboBoxExStyles
 0002:00000A1C       ComboBoxStyles
 0002:000014AC       ComboExStyles
 0002:00003E64       ComClassManagerVar
 0001:000666F8       ComConst
 0002:00003AF4       ComCtl32DLL
 0001:00074DF8       ComCtrls
 0002:00003C60       CommandPool
 0001:0002C6E8       CommCtrl
 0001:000373E0       CommDlg
 0001:00000734       Commit
 0002:00003624       committedRoot
 0001:00067510       ComObj
 0001:0004E6F8       CompareFront
 0001:00007928       CompareMem
 0001:000078F8       CompareStr
 0001:00005CC0       CompareString
 0001:00007948       CompareText
 0001:00007EB0       CompareWith
 0001:0001EC2C       ComponentCreated
 0001:00067A24       ComStrs
 0001:00061BA0       connect
 0001:00024A38       Consts
 0001:0002C140       Contnrs
 0002:00003BDA       ControlAtom
 0002:00003BE0       ControlAtomString
 0001:0005B018       ControlHasHelp
 0001:0004A9AC       Controls
 0002:000013C8       ConversionFormatList
 0002:000005F0       Convert
 0002:000005E0       Convert
 0001:0000B284       ConvertAddr
 0001:000098B4       ConvertEraString
 0001:000077C0       ConvertError
 0001:000077D8       ConvertErrorFmt
 0001:000714C0       ConvertFlags
 0001:00071330       ConvertMask
 0001:000714E4       ConvertStates
 0001:00009A1C       ConvertYearString
 0001:00004AA4       CopyArray
 0001:0002927C       CopyBitmap
 0001:00029944       CopyBitmapAsMask
 0001:000298E0       CopyPalette
 0001:000516B4       CopyToBest
 0002:00001308       CoReleaseServerProcess
 0002:0000130C       CoResumeClassObjects
 0002:00001310       CoSuspendClassObjects
 0001:00018140       CoUninitialize
 0001:0000BED0       CountChars
 0002:00003ABC       CounterLock
 0002:0000043C       CRangeToType
 0002:00000EB8       crDragAlt
 0001:00076288       CreateAppStoragePropertyEngineList
 0001:0000B804       CreateAssertException
 0001:0000B98C       CreateAVObject
 0001:00005F50       CreateBitmap
 0001:00005F58       CreateBrushIndirect
 0001:00005F60       CreateCompatibleBitmap
 0001:00005F68       CreateCompatibleDC
 0001:0001ECAC       CreateComponent
 0001:00005F70       CreateDC
 0001:00005F80       CreateDIBitmap
 0001:00005F78       CreateDIBSection
 0001:00005CC8       CreateEvent
 0001:00005CD0       CreateFile
 0001:00000240       CreateFileA
 0001:00005F88       CreateFontIndirect
 0001:00005F90       CreateHalftonePalette
 0001:00005F98       CreateIC
 0001:000061B0       CreateIcon
 0001:0000B730       CreateInOutError
 0001:000061B8       CreateMenu
 0001:00005FA0       CreatePalette
 0001:00005FA8       CreatePenIndirect
 0001:00005CD8       CreatePipe
 0001:000061C0       CreatePopupMenu
 0001:00005CE0       CreateProcess
 0001:00005FB0       CreateSolidBrush
 0001:00027D80       CreateSystemPalette
 0001:000002A0       CreateThread
 0001:00005CE8       CreateThread
 0001:00006728       CreateWindow
 0001:000061C8       CreateWindowEx
 0002:00000B44       CreationControl
 0002:00000ACC       CreationControl
 0002:0000057C       CRelationshipToBoolean
 0002:00000400       CResult
 0002:00000EBC       crMultiDragAlt
 0002:00000EB4       crMultiDragLink
 0002:00000EC0       crMultiDragLinkAlt
 0002:00000120       cSimpleBoolStrs
 0002:00000528       CText
 0002:00000C40       Ctl3DStyles
 0002:00000A74       Ctl3DStyles
 0002:00000524       CTruth
 0002:0000361C       curAlloc
 0001:000149F0       CurrCompare
 0002:0000373C       CurrencyDecimals
 0002:00003738       CurrencyFormat
 0002:00003734       CurrencyString
 0001:0000974C       CurrentYear
 0001:000091E8       CurrToStr
 0001:00012128       CurrToWStrViaOS
 0002:00000E28       CursorMap
 0002:00000B54       Cursors
 0001:0003C648       CursorToIdent
 0002:00000E18       cUseAlpha
 0002:00000E20       cUseColorKey
 0002:000019A4       cUtilWindowExClass
 0002:000002F8       CVarTypeToElementInfo
 0002:00000160       CWNear
 0001:000149C8       DateCompare
 0001:00013DF8       DateOp
 0002:0000373D       DateSeparator
 0001:0000A340       DateTimeToStr
 0001:0000A2B4       DateTimeToString
 0001:000092E4       DateTimeToTimeStamp
 0001:0000A310       DateToStr
 0001:0001215C       DateToWStrViaOS
 0001:00065908       DateUtils
 0002:00001334       Day
 0001:000096D4       DayOfWeek
 0002:0000015C       DCon10
 0002:000006D8       DDBsOnly
 0001:00024644       DeallocateHWnd
 0001:00076538       DeallocateHWndEx
 0002:00000014       DebugHook
 0002:0000373B       DecimalSeparator
 0001:000163C8       DecIndices
 0001:000096B4       DecodeDate
 0001:00009568       DecodeDateFully
 0001:000093D8       DecodeTime
 0001:000007C8       Decommit
 0001:00000DE4       DecommitFree
 0002:000035F8       decommittedRoot
 0001:0005E2F4       Default
 0001:00058D6C       Default
 0002:0000000C       Default8087CW
 0002:00000B48       DefaultDockTreeClass
 0001:0006FE9C       DefaultListViewSort
 0002:00000020       DefaultTextLineBreakStyle
 0002:0000092C       DefBrushData
 0002:00001970       DefCompanyName
 0002:000006AC       DefFontData
 0001:000061D0       DefFrameProc
 0002:000001EC       DefLongDayNames
 0002:000001A0       DefLongMonthNames
 0001:000061D8       DefMDIChildProc
 0002:0000090C       DefPenData
 0002:000001D0       DefShortDayNames
 0002:00000170       DefShortMonthNames
 0001:000061E0       DefWindowProc
 0001:00004E04       DelayLoadResourceModule
 0001:00000484       DeleteBlock
 0001:00005CF0       DeleteCriticalSection
 0001:000003F4       DeleteCriticalSection
 0001:00005FB8       DeleteDC
 0001:00000C2C       DeleteFree
 0001:000061E8       DeleteMenu
 0001:00005FC0       DeleteObject
 0001:00035D10       DeleteSelectedText
 0001:00075E44       DeleteType
 0001:00028E38       DeselectBitmap
 0001:0007629C       DestroyAppStoragePropertyEngineList
 0001:000061F0       DestroyCursor
 0001:000061F8       DestroyIcon
 0001:00067A2C       DestroyLocals
 0001:00006200       DestroyMenu
 0001:00006208       DestroyWindow
 0001:00039C48       DialogEnumerationTester
 0001:00038F50       Dialogs
 0002:00000968       DIBPalSizes
 0002:0000007C       dig
 0002:0000145C       Directions
 0001:000560C4       DisableTaskWindows
 0001:00066C5C       DispatchInvoke
 0001:0006723C       DispatchInvokeError
 0001:00006210       DispatchMessage
 0001:0005C280       DispatchShortCut
 0001:00067258       DispCall
 0001:0006733C       DispCallByID
 0002:00003000       DispCallByIDProc
 0001:00067168       DispCallError
 0001:000077A4       DivMod
 0001:00038918       Dlgs
 0001:0005D5E4       DoAlign
 0001:00042290       DoAlign
 0001:00046230       DoCalcConstraints
 0002:00003C10       DockSiteList
 0001:000522D4       DoClick
 0001:00043918       DoControlMsg
 0001:0002DF50       DocumentProperties
 0001:00056074       DoDisableWindow
 0001:0003D374       DoDragOver
 0001:0000781C       DoExitProc
 0001:00047FE4       DoFindControlZone
 0001:000561B0       DoFindWindow
 0001:00048570       DoFindZone
 0001:00048068       DoForEach
 0001:00049974       DoGetNextLimit
 0001:0005603C       DoneApplication
 0001:0004A6D4       DoneControls
 0001:0000BCB8       DoneExceptions
 0001:0005A674       DoNestedActivation
 0001:0005D434       DoPosition
 0001:00041E50       DoPosition
 0001:00048F9C       DoPrune
 0001:00037F60       DoRect
 0001:00049474       DoSaveZone
 0001:00049678       DoSetNewBounds
 0002:00000598       DotSep
 0001:0001C340       DoWrite
 0001:0004CE5C       DoWrite
 0001:000289F8       DoWrite
 0001:00042F88       DoWriteDesignSize
 0001:00040A28       DoWriteIsControl
 0002:00003BF4       DragCapture
 0002:00003BE8       DragControl
 0001:0003DABC       DragDone
 0001:0003D324       DragFindTarget
 0001:0003D2F8       DragFindWindow
 0002:00003C0C       DragImageList
 0001:0003D714       DragInit
 0001:0003D884       DragInitControl
 0002:00003BF0       DragInternalObject
 0001:0003D258       DragMessage
 0002:00003BEC       DragObject
 0002:00003C18       DragSave
 0002:00003C00       DragSaveCursor
 0002:00003BF8       DragStartPos
 0002:00003C04       DragThreshold
 0001:0003D444       DragTo
 0001:00006218       DrawAnimatedRects
 0001:0005E330       DrawAppIcon
 0002:00001974       DrawBitmap
 0001:00048B08       DrawCloseButton
 0001:00006220       DrawEdge
 0001:00006228       DrawFocusRect
 0001:00006230       DrawFrameControl
 0001:00048B60       DrawGrabberLine
 0001:00006238       DrawIcon
 0001:00006240       DrawIconEx
 0002:00000C7C       DrawingStyles
 0001:00006248       DrawMenuBar
 0001:00053614       DrawMenuItem
 0001:00006250       DrawText
 0001:00063B8C       DropStream
 0001:00027850       DupBits
 0001:00016374       DynArrayBounds
 0001:00004ABC       DynArrayClear
 0001:000162EC       DynArrayDim
 0001:000162D0       DynArrayElTypeInfo
 0001:000167F4       DynArrayFromVariant
 0001:00016290       DynArrayIndex
 0001:00004AC4       DynArraySetLength
 0001:00016304       DynArraySize
 0001:000164D4       DynArrayToVariant
 0001:00016434       DynArrayVariantBounds
 0001:0001648C       DynArrayVarType
 0002:00000D68       EdgeStyle
 0002:00000C30       EdgeStyles
 0002:00000A64       EdgeStyles
 0002:000013FC       EditStyles
 0001:0000B704       EHeapException.FreeInstance
 0002:000009E8       Empty
 0002:000013CC       Empty
 0001:00014830       EmptyCompare
 0001:000141E8       EmptyOp
 0002:000038B0       EmptyParam
 0002:000000A4       EmptyStr
 0002:000000A8       EmptyWideStr
 0001:00006258       EnableMenuItem
 0002:00000D00       Enables
 0001:00006260       EnableScrollBar
 0001:00056178       EnableTaskWindows
 0001:00006268       EnableWindow
 0001:00009538       EncodeDate
 0001:00009398       EncodeTime
 0001:00005FC8       EndDoc
 0001:0001ABC0       EndGlobalLoading
 0001:00005FD0       EndPage
 0001:00006270       EndPaint
 0001:000036F0       EndThread
 0001:00005CF8       EnterCriticalSection
 0001:000003E4       EnterCriticalSection
 0001:00005D00       EnumCalendarInfoA
 0002:00003B18       EnumDisplayMonitors
 0001:0000AEF8       EnumEraNames
 0001:0000AF34       EnumEraYearOffsets
 0001:00059268       EnumMonitorsProc
 0001:0002DF58       EnumPrinters
 0001:00006278       EnumThreadWindows
 0001:00006280       EnumWindows
 0001:0006698C       EOleException.Create
 0001:000668BC       EOleSysError.Create
 0001:00006288       EqualRect
 0002:00003804       EraNames
 0001:0000A5B8       EraToYear
 0002:00003820       EraYearOffsets
 0002:00000074       errCaption
 0001:00001898       Error
 0001:0004E448       Error
 0001:0001A0EC       Error
 0001:0001DD98       Error
 0002:00000004       ErrorAddr
 0001:0000184C       ErrorAt
 0001:0000B7B0       ErrorHandler
 0002:00000208       ErrorMap
 0002:00003008       ErrorProc
 0002:000033E8       ErrOutput
 0001:000786EC       EvaluateProperty
 0001:000017EC       ExceptAddr
 0002:0000300C       ExceptClsProc
 0001:0000BC24       ExceptHandler
 0001:0000B530       Exception.Create
 0001:0000B56C       Exception.CreateFmt
 0001:0000B6BC       Exception.CreateHelp
 0001:0000B5EC       Exception.CreateRes
 0001:0000B628       Exception.CreateResFmt
 0002:0000301C       ExceptionClass
 0001:0000B290       ExceptionErrorMessage
 0002:00000240       ExceptMap
 0001:000017CC       ExceptObject
 0002:00003010       ExceptObjProc
 0002:00003004       ExceptProc
 0001:00005FD8       ExcludeClipRect
 0002:00000000       ExitCode
 0001:000034C8       ExitDll
 0002:00003048       ExitProc
 0001:000002B0       ExitProcess
 0002:00003028       ExitProcessProc
 0002:0000011C       ExitProcList
 0001:000002A8       ExitThread
 0001:00067C18       ExtActns
 0001:000388C4       ExtCtrls
 0001:00067B54       ExtDlgs
 0001:00008258       ExtractFileExt
 0001:00008220       ExtractFileName
 0001:000081EC       ExtractFilePath
 0001:00005FE0       ExtTextOut
 0002:00003840       FalseBoolStrs
 0002:00003BB0       FClipboard
 0002:00000150       FCon1E18
 0001:00061B70       FD_SET
 0001:00061B80       FD_ZERO
 0001:0002E060       FetchStr
 0001:000080F4       FileAge
 0001:000080EC       FileClose
 0001:00008054       FileCreate
 0001:00008030       FileCreate
 0001:0000815C       FileExists
 0002:00000960       FileFormats
 0002:00000008       FileMode
 0001:00001BC8       FileNOPProc
 0001:00007FD4       FileOpen
 0001:0000805C       FileRead
 0002:000005D4       FilerSignature
 0001:000080B4       FileSeek
 0001:00005D08       FileTimeToDosDateTime
 0001:00005D10       FileTimeToLocalFileTime
 0001:00008088       FileWrite
 0001:00000D14       FillAfterGap
 0001:00000CC0       FillBeforeGap
 0001:00000DAC       FillerSizeAfterGap
 0001:00000D3C       FillerSizeBeforeGap
 0001:00006290       FillRect
 0001:000666C8       Finalization
 0001:0002C6B8       Finalization
 0001:00075BB4       Finalization
 0001:00066318       Finalization
 0001:00075C1C       Finalization
 0001:00075C60       Finalization
 0001:00067490       Finalization
 0001:00065B90       Finalization
 0001:00067568       Finalization
 0001:000675B8       Finalization
 0001:000658D8       Finalization
 0001:00065810       Finalization
 0001:0002CE38       Finalization
 0001:000656F8       Finalization
 0001:00075C98       Finalization
 0001:000678B8       Finalization
 0001:0006568C       Finalization
 0001:0006795C       Finalization
 0001:0002CE78       Finalization
 0001:00067994       Finalization
 0001:000679F4       Finalization
 0001:0002C110       Finalization
 0001:00065654       Finalization
 0001:0006561C       Finalization
 0001:00005940       Finalization
 0001:0002BE58       Finalization
 0001:0000D374       Finalization
 0001:0002BC78       Finalization
 0001:0002DF00       Finalization
 0001:00062038       Finalization
 0001:00061C48       Finalization
 0001:00067AC4       Finalization
 0001:00075DBC       Finalization
 0001:00075F58       Finalization
 0001:0002DF68       Finalization
 0001:00067B24       Finalization
 0001:00075FB4       Finalization
 0001:00067B70       Finalization
 0001:00067BC8       Finalization
 0001:000696E0       Finalization
 0001:0007616C       Finalization
 0001:00005B24       Finalization
 0001:00006BDC       Finalization
 0001:00061B20       Finalization
 0001:0002EEDC       Finalization
 0001:0000688C       Finalization
 0001:00060B14       Finalization
 0001:00006854       Finalization
 0001:00060568       Finalization
 0001:0000DED4       Finalization
 0001:000762B0       Finalization
 0001:000787C8       Finalization
 0001:000762F8       Finalization
 0001:00005C58       Finalization
 0001:0002F200       Finalization
 0001:0007552C       Finalization
 0001:00074D80       Finalization
 0001:00074E00       Finalization
 0001:00074E38       Finalization
 0001:00074E70       Finalization
 0001:00075040       Finalization
 0001:00075078       Finalization
 0001:000750B0       Finalization
 0001:000538F4       Finalization
 0001:00024A08       Finalization
 0001:0007A3F4       Finalization
 0001:0007661C       Finalization
 0001:00037258       Finalization
 0001:0004D4E4       Finalization
 0001:0004BCF0       Finalization
 0001:00037298       Finalization
 0001:0004A944       Finalization
 0001:000372D0       Finalization
 0001:00037308       Finalization
 0001:00037340       Finalization
 0001:00037378       Finalization
 0001:000373B0       Finalization
 0001:00038894       Finalization
 0001:000388E8       Finalization
 0001:000786B4       Finalization
 0001:000750F0       Finalization
 0001:00075128       Finalization
 0001:0002466C       Finalization
 0001:0007516C       Finalization
 0001:00078238       Finalization
 0001:000751C8       Finalization
 0001:0007A42C       Finalization
 0001:000752FC       Finalization
 0001:00016F38       Finalization
 0001:00038EF4       Finalization
 0001:00017300       Finalization
 0001:00075358       Finalization
 0001:00075390       Finalization
 0001:000753FC       Finalization
 0001:0007544C       Finalization
 0001:00075484       Finalization
 0001:000754BC       Finalization
 0001:000180AC       Finalization
 0001:000754F4       Finalization
 0001:00018164       Finalization
 0001:00038F7C       Finalization
 0001:00039E78       Finalization
 0001:00039254       Finalization
 0001:000390EC       Finalization
 0001:00066670       Finalization
 0001:00004AB4       FinalizeArray
 0001:00075A10       FinalizeSysInfo
 0001:00003304       FinalizeUnits
 0001:00052094       Find
 0001:00020F34       FindAncestor
 0001:00004E74       FindBS
 0001:0001A5E8       FindClass
 0001:00004DFC       FindClassHInstance
 0001:00005D18       FindClose
 0001:000002C0       FindClose
 0001:00000C90       FindCommitted
 0001:0003C448       FindControl
 0001:0004879C       FindControlAtPos
 0001:00016D90       FindCustomVariantType
 0001:00016E48       FindCustomVariantType
 0001:0003DDE0       FindDragTarget
 0001:0001EE5C       FindExistingComponent
 0001:000002C8       FindFirstFile
 0001:00005D20       FindFirstFile
 0001:0001AA50       FindGlobalComponent
 0001:000562BC       FindGlobalComponent
 0002:00003A54       FindGlobalComponentProcs
 0001:00004DD4       FindHInstance
 0001:0001A8F8       FindIdentToInt
 0001:0001A87C       FindIntToIdent
 0002:00003BA4       FindMsg
 0001:0001E144       FindNestedComponent
 0001:0004E410       FindPopupControl
 0001:0000DB9C       FindProc
 0001:00005D28       FindResource
 0001:00004E4C       FindResourceHInstance
 0001:0005FDD0       FindScanline
 0001:00056214       FindTopMostWindow
 0001:0001FCCC       FindUniqueName
 0001:00015BD8       FindVarData
 0001:0003DDAC       FindVCLWindow
 0001:00006298       FindWindow
 0001:000062A0       FindWindowEx
 0001:00039CA0       FindWinHelp
 0001:00029230       FixupBitFields
 0002:00000D78       Flags
 0002:00003850       FLanguages
 0001:0002F230       FlatSB
 0002:00003B44       FlatSB_EnableScrollBar
 0002:00003B50       FlatSB_GetScrollInfo
 0002:00003B54       FlatSB_GetScrollPos
 0002:00003B4C       FlatSB_GetScrollRange
 0002:00003B5C       FlatSB_SetScrollInfo
 0002:00003B58       FlatSB_SetScrollPos
 0001:0002EF20       FlatSB_SetScrollProp
 0002:00003B60       FlatSB_SetScrollRange
 0002:00003B48       FlatSB_ShowScrollBar
 0001:00008E78       FloatToDecimal
 0001:000091B8       FloatToStr
 0001:00008BA0       FloatToText
 0001:00001E94       Flush
 0001:0007A424       fMain
 0002:00000164       FMSecsPerDay
 0001:00008A9C       FmtStr
 0002:00000D90       FocusCount
 0002:00000D8C       FocusMessages
 0002:0000087C       FontCharsets
 0002:00003AD4       FontManager
 0001:00056290       ForegroundTask
 0001:00008A88       Format
 0002:0000016C       Format
 0001:000085F4       FormatBuf
 0001:000085E8       FormatClearStr
 0001:0000857C       FormatError
 0002:00000148       FormatErrorStrs
 0001:00005D30       FormatMessage
 0001:000085D4       FormatVarToStr
 0001:000605C4       Forms
 0001:00002454       FPower10
 0002:000009B0       FPrinter
 0001:00038024       Frame3D
 0001:000062A8       FrameRect
 0001:0000CF54       FreeAndNil
 0001:000009FC       FreeCommitted
 0001:00000F1C       FreeCurAlloc
 0001:0003DEA0       FreeDeviceContext
 0001:0003DF5C       FreeDeviceContexts
 0001:00024438       FreeIntConstList
 0001:000002D0       FreeLibrary
 0001:00005D38       FreeLibrary
 0001:00028D8C       FreeMemoryContexts
 0001:0002456C       FreeObjectInstance
 0001:00005D40       FreeResource
 0001:0000067C       FreeSpace
 0001:0000CA6C       FreeTerminateProcs
 0001:00075DF4       FreeTypeData
 0002:00003EDC       FRichEditModule
 0002:00004478       frmMain
 0001:00027840       GDICheck
 0001:00027798       GDIError
 0001:00005D48       GetACP
 0001:000062B0       GetActiveWindow
 0001:0005DAC0       GetAnimation
 0001:00067830       GetAnimation
 0001:00005FE8       GetBitmapBits
 0001:000003FC       GetBlockDesc
 0001:00005FF0       GetBrushOrgEx
 0001:000062B8       GetCapture
 0001:0003C6F0       GetCaptureControl
 0001:0001A594       GetClass
 0001:000062C0       GetClassInfo
 0001:000062C8       GetClassName
 0001:000062D0       GetClientRect
 0001:00005FF8       GetClipBox
 0001:00000398       GetCmdShow
 0001:0004BF40       GetColor
 0001:000002D8       GetCommandLine
 0001:00000848       GetCommitted
 0001:000008D8       GetCommittedAt
 0001:00021D7C       GetComponentValue
 0001:000434CC       GetControlAtPos
 0001:00009810       GetCount
 0001:00005D50       GetCPInfo
 0001:00006000       GetCurrentPositionEx
 0001:00005D58       GetCurrentProcessId
 0001:00005D60       GetCurrentThreadId
 0001:00000390       GetCurrentThreadId
 0001:00006680       GetCurrentTime
 0001:000062D8       GetCursor
 0001:0005FDE0       GetCursorHeightMargin
 0001:000062E0       GetCursorPos
 0001:0000983C       GetDate
 0001:00005D68       GetDateFormat
 0001:0000A4D0       GetDateOrder
 0001:000062E8       GetDC
 0001:000062F0       GetDCEx
 0001:00006008       GetDCOrgEx
 0001:0002B888       GetDefFontCharSet
 0001:0001B8F0       GetDesigner
 0001:000062F8       GetDesktopWindow
 0001:00006020       GetDeviceCaps
 0001:00028788       GetDIB
 0001:00006010       GetDIBColorTable
 0001:00006018       GetDIBits
 0001:000286D0       GetDIBSizes
 0001:000279B0       GetDInColors
 0001:00005D70       GetDiskFreeSpaceA
 0002:00000118       GetDiskFreeSpaceEx
 0001:00049A54       GetDockAlign
 0001:0003D09C       GetDockSiteAtPos
 0001:00006300       GetDoubleClickTime
 0001:0003D3B0       GetDropCtl
 0001:00002AD0       GetDynaMethod
 0001:00017370       GetEnumName
 0001:00017464       GetEnumNameValue
 0001:000174B0       GetEnumValue
 0001:0000AFAC       GetEraNamesAndYearOffsets
 0001:0000A564       GetEraYearOffset
 0001:00018150       GetErrorInfo
 0001:0000B974       GetExceptionClass
 0001:0000BB58       GetExceptionObject
 0001:00005D78       GetExitCodeProcess
 0001:00005D80       GetExitCodeThread
 0001:0001A51C       GetFieldClassTable
 0001:00000250       GetFileSize
 0001:00000248       GetFileType
 0001:000676D4       GetFileVersion
 0001:00005F30       GetFileVersionInfo
 0001:00005F38       GetFileVersionInfoSize
 0001:00017B38       GetFloatProp
 0001:00006308       GetFocus
 0001:000261F8       GetFontData
 0001:00006310       GetForegroundWindow
 0001:0000C4F0       GetFormatSettings
 0001:00025764       GetHashCode
 0001:0005B050       GetHelpInfo
 0001:0002D30C       GetHelpSystem
 0001:0005D8A4       GetHint
 0001:0005D8DC       GetHintControl
 0001:00061C00       gethostbyname
 0001:00053794       GetHotkey
 0001:00006318       GetIconInfo
 0001:00066FD4       GetIDsOfNames
 0001:00017F54       GetInt64Prop
 0001:00017FB8       GetInterfaceProp
 0001:00006330       GetKeyboardLayout
 0001:00006338       GetKeyboardLayoutList
 0001:00006340       GetKeyboardState
 0001:0000273C       GetKeyboardType
 0001:00006320       GetKeyNameText
 0001:00006328       GetKeyState
 0001:00006348       GetLastActivePopup
 0001:00047D1C       GetLastChildZone
 0001:00005D88       GetLastError
 0001:000002E0       GetLastError
 0001:0006FAF8       GetLength
 0001:0000AD70       GetLocaleChar
 0001:00005D98       GetLocaleInfo
 0001:000002E8       GetLocaleInfo
 0001:0000AD24       GetLocaleStr
 0001:00005D90       GetLocalTime
 0001:0003C6AC       GetLongHint
 0001:000177E0       GetLongStrProp
 0001:00006350       GetMenu
 0001:0005AFD8       GetMenuHelpContext
 0001:00006358       GetMenuItemCount
 0001:00006360       GetMenuItemID
 0001:00006368       GetMenuItemInfo
 0001:000508E0       GetMenuSize
 0001:00006370       GetMenuState
 0001:00006378       GetMenuString
 0001:00006380       GetMessagePos
 0001:00017EDC       GetMethodProp
 0001:000002F0       GetModuleFileName
 0001:00005DA0       GetModuleFileName
 0001:000002F8       GetModuleHandle
 0001:00005A1C       GetModuleHandle
 0001:00005DA8       GetModuleHandle
 0001:00075CD0       GetModulePath
 0002:00003B0C       GetMonitorInfo
 0002:00003B10       GetMonitorInfoA
 0002:00003B14       GetMonitorInfoW
 0001:0000ADD4       GetMonthDayNames
 0001:00075770       GetNativeSystemInfo
 0001:00006388       GetNextWindow
 0001:00006028       GetObject
 0001:00017608       GetOrdProp
 0001:00006030       GetPaletteEntries
 0001:00001978       GetParamStr
 0001:00006390       GetParent
 0001:00056488       GetParentForm
 0001:00006038       GetPixel
 0001:00005DB0       GetPrivateProfileString
 0001:00000300       GetProcAddress
 0001:00005DB8       GetProcAddress
 0001:00005DC0       GetProfileString
 0001:00006398       GetProp
 0001:00017514       GetPropInfo
 0001:00017584       GetPropInfos
 0001:00056948       GetRealScrollPosition
 0001:0004BF20       GetRGBColor
 0001:000063A0       GetScrollInfo
 0001:000063A8       GetScrollPos
 0001:000063B0       GetScrollRange
 0001:00061C08       getservbyname
 0001:000677BC       GetShellVersion
 0001:0003C668       GetShortHint
 0001:000176D8       GetShortStrProp
 0001:00017770       GetShortStrPropAsLongStr
 0001:00061BA8       getsockopt
 0001:000005A0       GetSpace
 0001:00000604       GetSpaceAt
 0001:0004E4A0       GetSpecialName
 0001:00000308       GetStartupInfo
 0001:00005DC8       GetStartupInfo
 0001:00000258       GetStdHandle
 0001:00005DD0       GetStdHandle
 0001:00006040       GetStockObject
 0001:00005DD8       GetStringTypeEx
 0001:00005DE0       GetStringTypeExA
 0001:00017910       GetStrProp
 0001:000063B8       GetSubMenu
 0001:000063C0       GetSysColor
 0001:00005DE8       GetSystemInfo
 0001:000063C8       GetSystemMenu
 0001:000063D0       GetSystemMetrics
 0002:00003AFC       GetSystemMetrics
 0001:00006048       GetSystemPaletteEntries
 0001:00006050       GetTextExtentPoint32
 0001:00006058       GetTextMetrics
 0001:00005DF0       GetThreadLocale
 0001:00000310       GetThreadLocale
 0001:00005DF8       GetTickCount
 0001:00009874       GetTime
 0001:00005A48       GetTlsSize
 0001:0005E064       GetTopMostWindows
 0001:0003C7F8       GetTopParent
 0001:000063D8       GetTopWindow
 0001:00076C10       GetTrayHandle
 0001:00017364       GetTypeData
 0001:000063E0       GetUpdateRect
 0001:00015F0C       GetVarArray
 0001:00015DC8       GetVarDataArrayInfo
 0001:00004568       GetVariantManager
 0001:00017E5C       GetVariantProp
 0001:00005E00       GetVersion
 0001:00005E08       GetVersionEx
 0001:000750E8       GetVersionEx
 0001:0001797C       GetWideStrProp
 0001:00017860       GetWideStrPropAsLongStr
 0001:000063E8       GetWindow
 0001:000063F0       GetWindowDC
 0001:000063F8       GetWindowLong
 0001:00006060       GetWindowOrgEx
 0001:00006400       GetWindowPlacement
 0001:00006408       GetWindowRect
 0001:00075584       GetWindowsVersion
 0001:00006410       GetWindowText
 0001:00006418       GetWindowThreadProcessId
 0001:00006420       GetWindowThreadProcessId
 0002:000019D4       GKernel32Handle
 0001:00005E10       GlobalAddAtom
 0001:00005E18       GlobalAlloc
 0001:0000668C       GlobalAllocPtr
 0001:00005E20       GlobalDeleteAtom
 0001:00005E28       GlobalFindAtom
 0002:00003A58       GlobalFixupList
 0001:0001E28C       GlobalFixupReferences
 0001:00005E30       GlobalFree
 0001:000066B8       GlobalFreePtr
 0001:00005E40       GlobalHandle
 0001:00005E38       GlobalLock
 0002:00003A40       GlobalNameSpace
 0001:00005E48       GlobalReAlloc
 0001:0000669C       GlobalReAllocPtr
 0001:00005E50       GlobalUnlock
 0002:00003980       GOldVariantManager
 0001:0002BD4C       Graphics
 0001:00074EA0       Grids
 0001:0001A710       GroupDescendentsWith
 0002:000019D8       GTriedLoadKernel32Dll
 0002:0000059C       GUID_NULL
 0002:000038D4       GVariantManager
 0001:0000EA44       HandleConversionException
 0001:0001F524       HandleException
 0001:0007739C       HasDoubleClickFunctionality
 0001:000331D8       HasPopup
 0001:00035CE4       HasSelectedText
 0001:00077340       HasSingleClickFunctionality
 0002:00000010       HeapAllocFlags
 0002:000035C4       heapErrorCode
 0002:000035C8       heapLock
 0001:0002DF40       HelpIntfs
 0002:00003B38       HelpManager
 0002:00003BA0       HelpMsg
 0002:00003BC8       HelpViewer
 0002:00000114       HexDisplayPrefix
 0001:00022D50       HexToBin
 0001:0007847C       HexToColor
 0002:000013D0       HideScrollBars
 0002:000009D8       HideSelections
 0002:0000140C       HideSelections
 0002:000013D8       HideSelections
 0001:00049AD0       HideZone
 0002:00003718       HInstance
 0002:00003C78       HintDoneEvent
 0001:0005D9AC       HintGetMsgHook
 0002:00003C7C       HintHook
 0001:0005D950       HintMouseThread
 0002:00003C80       HintThread
 0002:00003C74       HintThreadID
 0001:0005D8FC       HintTimerProc
 0002:00000D88       HintWindowClass
 0001:0000667C       HiWord
 0001:0005D9F0       HookHintHooks
 0001:00061BB0       htons
 0001:0000675C       HwndMSWheel
 0002:00001488       IAlignment
 0002:00000D1C       IBreaks
 0002:00000D28       IChecks
 0002:00000D30       IDefaults
 0001:000261E8       IdentToCharset
 0001:00025FE0       IdentToColor
 0001:0003C658       IdentToCursor
 0001:0001A974       IdentToInt
 0002:00000D38       IEnables
 0001:00051684       IfHotkeyAvailable
 0002:0000192C       IgnorePropertyList
 0001:0002C1FC       ImageList_Add
 0001:0002C21C       ImageList_AddIcon
 0001:0002C24C       ImageList_BeginDrag
 0001:0002C1E4       ImageList_Create
 0001:0002C1EC       ImageList_Destroy
 0001:0002C25C       ImageList_DragEnter
 0001:0002C264       ImageList_DragLeave
 0001:0002C26C       ImageList_DragMove
 0001:0002C27C       ImageList_DragShowNolock
 0001:0002C22C       ImageList_Draw
 0001:0002C234       ImageList_DrawEx
 0001:0002C254       ImageList_EndDrag
 0001:0002C214       ImageList_GetBkColor
 0001:0002C284       ImageList_GetDragImage
 0001:0002C244       ImageList_GetIcon
 0001:0002C29C       ImageList_GetIconSize
 0001:0002C1F4       ImageList_GetImageCount
 0001:0002C28C       ImageList_Read
 0001:0002C23C       ImageList_Remove
 0001:0002C204       ImageList_ReplaceIcon
 0001:0002C20C       ImageList_SetBkColor
 0001:0002C274       ImageList_SetDragCursorImage
 0001:0002C2A4       ImageList_SetIconSize
 0001:0002C294       ImageList_Write
 0002:00000C8C       Images
 0001:0004D514       ImgList
 0001:0002CEA8       Imm
 0002:00000C70       IMM32DLL
 0001:0004A6C0       Imm32IsIME
 0002:00000168       IMSecsPerDay
 0001:0000EB30       InBounds
 0001:0000EECC       InBounds
 0001:0000EEFC       Increment
 0001:0000EB60       Increment
 0001:0002C228       IndexToOverlayMask
 0001:0002C2F0       IndexToStateImageMask
 0001:00061BB8       inet_addr
 0001:00006428       InflateRect
 0002:000014D0       InfMantissa
 0001:00061B68       IniFiles
 0001:00000A88       InitAllocator
 0001:0002C6F0       InitAnApi
 0002:00003B24       InitApis
 0001:0002C150       InitComCtl
 0001:0006BF14       InitCommonControl
 0001:0002C148       InitCommonControls
 0001:0002C1B0       InitCommonControlsEx
 0001:00067418       InitComObj
 0001:0001AC1C       InitComponent
 0002:00003634       InitContext
 0001:0004A75C       InitControls
 0001:0002B8CC       InitDefFontData
 0001:0000CA8C       InitDriveSpacePtr
 0001:0000BC34       InitExceptions
 0001:0002EF7C       InitFlatSB
 0001:00038DA0       InitGlobals
 0001:00028588       InitializeBitmapInfoHeader
 0001:000003DC       InitializeCriticalSection
 0001:00005E58       InitializeCriticalSection
 0002:000035C0       initialized
 0001:0002EF54       InitializeFlatSB
 0001:00005AD4       InitializeModule
 0001:00005C90       InitializeSecurityDescriptor
 0001:0000DBC8       InitializeVarUtils
 0001:0004A360       InitIMM32
 0001:0001ACC4       InitInheritedComponent
 0001:0000C304       InitLeadBytes
 0001:0002CDCC       InitMultiMonStubs
 0001:0000BD24       InitPlatformId
 0002:00003044       InitProc
 0001:000604DC       InitProcs
 0001:00076540       InitScreenCursors
 0001:0002B850       InitScreenLogPixels
 0001:00075834       InitSysInfo
 0001:0000C37C       InitSysLocale
 0001:00005A50       InitThreadTLS
 0001:00003364       InitUnits
 0001:00004548       InitVariantManager
 0001:0003C360       InitWndProc
 0002:00000C10       InnerStyles
 0002:00000A44       InnerStyles
 0002:00003050       Input
 0001:00041DC4       InsertBefore
 0001:0005D3D4       InsertBefore
 0001:00000E94       InsertFree
 0001:00051738       InsertHotkeyFarEastFormat
 0001:00006430       InsertMenu
 0001:00006438       InsertMenuItem
 0002:00003A7C       InstBlockList
 0002:00003A80       InstFreeList
 0001:00014964       Int64Compare
 0001:00013F60       Int64Op
 0001:00014950       IntCompare
 0002:00003A4C       IntConstList
 0002:00001520       IntelCacheDescription
 0001:00000388       InterlockedDecrement
 0001:0000CAF4       InterlockedDecrement
 0001:0000CB00       InterlockedExchange
 0001:0000CB08       InterlockedExchangeAdd
 0001:00000380       InterlockedIncrement
 0001:0000CAE8       InterlockedIncrement
 0001:00001C08       InternalClose
 0001:000256F0       InternalDeletePalette
 0001:00001E4C       InternalFlush
 0001:00000CF0       InternalFreeMem
 0001:000286D8       InternalGetDIB
 0001:0002866C       InternalGetDIBSizes
 0001:0001AAB4       InternalReadComponentRes
 0001:00003BB4       InternalUniqueString
 0001:00006068       IntersectClipRect
 0001:00005B80       IntersectRect
 0001:00006440       IntersectRect
 0001:00013E54       IntOp
 0001:00007D50       IntToHex
 0001:0001A9B4       IntToIdent
 0001:00007D1C       IntToStr
 0001:00007CEC       IntToStr
 0001:00006448       InvalidateRect
 0001:0002772C       InvalidBitmap
 0001:00027714       InvalidGraphic
 0001:00027738       InvalidIcon
 0001:000276FC       InvalidOperation
 0001:00019AA8       InvalidPoint
 0001:00019ABC       InvalidPoint
 0002:0000384C       InvalidPointer
 0001:00002988       InvokeImplGetter
 0001:00061BC0       ioctlsocket
 0001:00001918       IOResult
 0002:00000D58       IOwnerDraw
 0002:00000D40       IRadios
 0002:00000D50       IRTL
 0001:00056418       IsAccel
 0001:000528E8       IsAccelChar
 0001:00076B6C       IsApplicationMinimized
 0001:0003CE54       IsBeforeTargetWindow
 0001:00006450       IsChild
 0002:0000304C       IsConsole
 0001:00021EEC       IsDefault
 0001:00021C70       IsDefault
 0001:000224A8       IsDefaultValue
 0001:00022370       IsDefaultValue
 0001:0002217C       IsDefaultValue
 0001:00021BD8       IsDefaultValue
 0001:00021B34       IsDefaultValue
 0001:00021A04       IsDefaultValue
 0001:0003D2B0       IsDelphiHandle
 0001:00006458       IsDialogMessage
 0001:0001630C       IsDynArrayRectangular
 0002:00000D48       ISeparators
 0001:00006460       IsIconic
 0001:00052944       IsInitialChar
 0001:00009434       IsLeapYear
 0002:00003038       IsLibrary
 0002:0000304D       IsMultiThread
 0001:00047780       IsOrientationSet
 0001:00005BE0       IsRectEmpty
 0001:00006468       IsRectEmpty
 0001:0003D058       IsSiteChildOfClient
 0001:000175D8       IsStoredProp
 0001:0001AA90       IsUniqueGlobalComponentName
 0002:00003A44       IsUniqueGlobalComponentNameProc
 0001:00007C88       IsValidIdent
 0001:0000C364       IsWesternGroup
 0002:0000150C       IsWin2003
 0002:00001514       IsWin2003R2
 0002:00001504       IsWin2K
 0002:000014D8       IsWin95
 0002:000014DC       IsWin95OSR2
 0002:000014E0       IsWin98
 0002:000014E4       IsWin98SE
 0001:00006470       IsWindow
 0001:00006478       IsWindowEnabled
 0001:00006480       IsWindowVisible
 0002:0000151C       IsWinLonghorn
 0002:000014E8       IsWinME
 0002:000014EC       IsWinNT
 0001:00060670       IsWinNT
 0002:000014F0       IsWinNT3
 0002:000014F4       IsWinNT31
 0002:000014F8       IsWinNT35
 0002:000014FC       IsWinNT351
 0002:00001500       IsWinNT4
 0002:00001518       IsWinVista
 0002:00001508       IsWinXP
 0002:00001510       IsWinXP64
 0001:00006488       IsZoomed
 0001:0004E86C       Iterate
 0001:0004E8CC       IterateMenus
 0001:00075388       Jcl8087
 0001:000750A8       JclBase
 0001:00075158       JclConsole
 0001:00075CC8       JclDateTime
 0001:00075DEC       JclFileUtils
 0001:0007555C       JclIniFiles
 0001:000751F8       JclLogic
 0001:000753C0       JclMath
 0001:00075FE4       JclMime
 0001:00075524       JclRegistry
 0001:00075070       JclResources
 0001:00075F98       JclRTTI
 0001:00075C90       JclSecurity
 0001:00075C58       JclShell
 0001:00075344       JclStrings
 0001:00075C00       JclSysInfo
 0001:00075444       JclSysUtils
 0001:000751B4       JclWideStrings
 0001:00075120       JclWin32
 0002:00000018       JITEnable
 0001:000762E8       JvAppStorage
 0001:00065728       JVCLVer
 0001:00065840       JvComponentBase
 0001:000656BC       JvConsts
 0001:00067954       JvJCLUtils
 0001:00076678       JvJVCLUtils
 0001:00076334       JvProgressUtils
 0001:000761B4       JvPropertyStore
 0001:00065BC0       JvResources
 0001:00078270       JvTrayIcon
 0001:0006665C       JvTypes
 0001:000666A0       JvVCL5Utils
 0001:00065684       JvWin32
 0002:00004430       KernelVersionHi
 0001:000563CC       KeyboardStateToShiftState
 0001:00056390       KeyDataToShiftState
 0001:0005633C       KeysToShiftState
 0001:00006490       KillTimer
 0001:0000819C       LastDelimiter
 0001:0000C290       LCIDToCodePage
 0002:000000F4       LeadBytes
 0001:000003EC       LeaveCriticalSection
 0001:00005E60       LeaveCriticalSection
 0001:000390AC       LeftStr
 0002:00000024       LibModuleList
 0001:00006070       LineTo
 0001:00069710       ListActns
 0001:0003DE28       ListAdd
 0001:00061BC8       listen
 0001:00068A28       ListItemsCompare
 0001:0003DE50       ListRemove
 0002:00003802       ListSeparator
 0001:0002C404       ListView_Arrange
 0001:0002C4B0       ListView_CreateDragImage
 0001:0002C354       ListView_DeleteAllItems
 0001:0002C45C       ListView_DeleteColumn
 0001:0002C33C       ListView_DeleteItem
 0001:0002C38C       ListView_FindItem
 0001:0002C584       ListView_GetCheckState
 0001:0002C680       ListView_GetColumnOrderArray
 0001:0002C474       ListView_GetColumnWidth
 0001:0002C41C       ListView_GetEditControl
 0001:0002C2F4       ListView_GetItem
 0001:0002C2E0       ListView_GetItemCount
 0001:0002C39C       ListView_GetItemRect
 0001:0002C574       ListView_GetItemState
 0001:0002C368       ListView_GetNextItem
 0001:0002C50C       ListView_GetOrigin
 0001:0002C63C       ListView_GetSelectedCount
 0001:0002C4FC       ListView_GetTopIndex
 0001:0002C3D8       ListView_HitTest
 0001:0002C44C       ListView_InsertColumn
 0001:0002C324       ListView_InsertItem
 0001:0002C3E8       ListView_RedrawItems
 0001:0002C2AC       ListView_SetBkColor
 0001:0002C5A4       ListView_SetCheckState
 0001:0002C430       ListView_SetColumn
 0001:0002C664       ListView_SetColumnOrderArray
 0001:0002C48C       ListView_SetColumnWidth
 0001:0002C64C       ListView_SetExtendedListViewStyle
 0001:0002C2C4       ListView_SetImageList
 0001:0002C30C       ListView_SetItem
 0001:0002C600       ListView_SetItemCount
 0001:0002C610       ListView_SetItemCountEx
 0001:0002C544       ListView_SetItemState
 0001:0002C5D0       ListView_SetItemText
 0001:0002C4E4       ListView_SetTextBkColor
 0001:0002C4CC       ListView_SetTextColor
 0001:0002C69C       ListView_SetWorkAreas
 0001:0002C620       ListView_SortItems
 0001:0002C524       ListView_Update
 0001:00006498       LoadBitmap
 0001:00075238       LoadCaseMap
 0001:00075200       LoadCharTypes
 0001:00066A58       LoadComExProcs
 0001:000064A0       LoadCursor
 0001:000064A8       LoadIcon
 0001:00076BA8       LoadKernel32Dll
 0001:000064B0       LoadKeyboardLayout
 0001:00005E68       LoadLibrary
 0001:00000318       LoadLibraryEx
 0001:00005E70       LoadResource
 0001:00005040       LoadResourceModule
 0001:000058E8       LoadResString
 0001:000064B8       LoadString
 0001:00000320       LoadString
 0001:000003BC       LocalAlloc
 0001:00005A24       LocalAlloc
 0001:000003C4       LocalFree
 0001:0000AD98       LocalGetLocaleStr
 0001:00005E78       LockResource
 0002:00003744       LongDateFormat
 0002:000037D8       LongDayNames
 0002:0000378C       LongMonthNames
 0002:00003758       LongTimeFormat
 0001:000078BC       LowerCase
 0001:00005F20       lstrcmp
 0001:00005F28       lstrcpy
 0001:00000328       lstrcpyn
 0002:00003A2C       LVarTypes
 0002:00003A30       LVarTypeSync
 0002:00003030       MainInstance
 0002:00003034       MainThreadID
 0001:0000044C       MakeEmpty
 0001:0000346C       MakeErrorMessage
 0002:00000C5C       MakeLast
 0001:00006670       MakeLong
 0001:00006720       MakeLParam
 0001:000244D4       MakeObjectInstance
 0001:000066CC       MakeROP4
 0001:0000B8F4       MapException
 0001:00067BC0       Mapi
 0002:000013A8       MAPIDLL
 0002:000013AC       MAPIModule
 0001:0000317C       MapToRunError
 0001:000064C0       MapVirtualKey
 0001:000064C8       MapWindowPoints
 0001:00074E68       Mask
 0002:00000C94       Mask
 0001:00006078       MaskBlt
 0001:00074E30       MaskUtils
 0001:0002BE88       Math
 0001:0002BE50       Max
 0001:00058DB8       MaximizedChildren
 0002:0000002C       MemoryManager
 0002:00000CB0       MenuKeyCaps
 0001:00053964       Menus
 0001:0000049C       MergeBlockAfter
 0001:00000F68       MergeCommit
 0001:000002B8       MessageBox
 0001:000064D0       MessageBox
 0001:000068BC       Messages
 0001:0002BE48       Min
 0001:0001B514       Min
 0001:0004170C       MinVar
 0002:00003B2C       MMAvailable
 0001:00067598       MMSystem
 0002:00000C74       ModeMap
 0001:0005A9E4       ModifySystemMenu
 0001:000786E4       modRichEdit
 0001:000787F8       modSCPUtils
 0002:0000008C       Module
 0002:0000370D       ModuleIsCpp
 0002:0000370C       ModuleIsLib
 0001:000244A4       ModuleUnload
 0002:00000028       ModuleUnloadList
 0002:00003B08       MonitorFromPoint
 0002:00003B04       MonitorFromRect
 0002:00003B00       MonitorFromWindow
 0002:00001340       Month
 0002:000000C4       MonthDays
 0002:00003BCC       Mouse
 0001:00001938       Move
 0001:00006080       MoveToEx
 0001:0003DE70       MoveWindowOrg
 0001:000064D8       MsgWaitForMultipleObjects
 0001:00005E80       MulDiv
 0001:00005E88       MultiByteToWideChar
 0001:00000338       MultiByteToWideChar
 0001:0005FF94       MultiLineWidth
 0001:0002CE68       MultiMon
 0002:00001404       MultiSelections
 0002:00004438       MyGetFreeSystemResources
 0001:00078CD0       MyLineOut
 0002:00003E6C       NeedToUninitialize
 0001:00015178       NegateAny
 0001:000150C8       NegateAsDouble
 0001:00015120       NegateByte
 0001:0001518C       NegateCustom
 0001:00015144       NegateLongWord
 0001:000150F4       NegateVariant
 0001:000150E0       NegateViaOS
 0001:00015134       NegateWord
 0002:00003739       NegCurrFormat
 0001:00000FF4       NewCommit
 0001:00001020       NewCommitAt
 0002:00003BD0       NewStyleControls
 0001:0000C088       NextCharIndex
 0001:00047764       NextVisibleZone
 0002:000005D8       NilMethod
 0002:0000001C       NoErrMsg
 0001:0004F680       NormalDraw
 0001:00015620       NotAny
 0001:00015578       NotAsOrdinal
 0001:000154A8       NotAsString
 0001:00015634       NotCustom
 0001:00002D34       NotifyAnyExcept
 0001:0001B988       NotifyDesigner
 0001:00002D08       NotifyExcept
 0001:00002D68       NotifyExceptFinally
 0001:0001AB90       NotifyGlobalLoading
 0001:00005340       NotifyModuleUnload
 0001:00002CE4       NotifyNonDelphiException
 0001:00002D20       NotifyOnExcept
 0001:00002CC8       NotifyReRaise
 0001:00002D90       NotifyTerminate
 0001:00002DAC       NotifyUnhandled
 0001:000155F4       NotVariant
 0001:000155E0       NotViaOS
 0001:000096FC       Now
 0001:000522C4       NthParentOf
 0001:00061BD0       ntohs
 0001:00016F30       Null
 0002:00000414       NullAsStringValue
 0001:00014844       NullCompare
 0002:00000408       NullEqualityRule
 0002:0000040C       NullMagnitudeRule
 0001:0001413C       NullOp
 0002:00000410       NullStrictConvert
 0001:00021EA4       ObjectAncestorMatch
 0001:0003C418       ObjectFromHWnd
 0002:000009E0       OEMConverts
 0001:000064E0       OemToAnsi
 0001:00005BF8       OffsetRect
 0001:000064E8       OffsetRect
 0001:00066A40       OleCheck
 0001:00066A24       OleError
 0001:000044E0       OleStrToStrVar
 0002:00003E60       OleUninitializing
 0001:000136EC       OleVarFromAny
 0001:00013750       OleVarFromVarArrayProc
 0001:0002DF60       OpenPrinter
 0001:00001B1C       OpenText
 0002:00000450       OpTypeMap
 0002:00000C54       OrientArray
 0002:00000C20       OuterStyles
 0002:00000A54       OuterStyles
 0002:00003848       OutOfMemory
 0001:00027744       OutOfResources
 0002:0000321C       Output
 0001:00021D64       OwnedBy
 0002:00000418       PackVarCreation
 0002:00001924       PageSize
 0002:000013E0       Painting
 0002:00000970       Pal16
 0001:00025AD4       PaletteChanged
 0001:00027F30       PaletteFromDIBColorTable
 0001:00027FD4       PaletteToDIBColorTable
 0002:0000096C       PalSize
 0001:00001A64       ParamStr
 0001:00047B48       ParentNotLast
 0002:000009BC       Passwords
 0001:00006088       PatBlt
 0002:00003AE4       PatternManager
 0001:000064F0       PeekMessage
 0001:00005E90       PeekNamedPipe
 0002:00003AD8       PenManager
 0002:0000093C       PenModes
 0002:0000091C       PenStyles
 0001:00019A30       Point
 0001:00005B78       Point
 0001:00019E84       PointerInModule
 0001:00042F74       PointsEqual
 0001:00006708       PointToSmallPoint
 0001:00006090       Polyline
 0002:00003C54       PopupList
 0001:000064F8       PostMessage
 0001:00006500       PostQuitMessage
 0001:0002EEBC       Printer
 0001:0002EF18       Printers
 0002:00000664       Priorities
[...]
 0002:00001970       DefCompanyName
 0002:00001974       DrawBitmap
 0002:00001978       ButtonNames
 0002:000019A4       cUtilWindowExClass
 0002:000019CC       cHintSize
 0002:000019D4       GKernel32Handle
 0002:000019D8       GTriedLoadKernel32Dll
 0002:000019DC       RegisterServiceProcess
 0002:000019E0       cInfoFlagValues
 0002:00003000       DispCallByIDProc
 0002:00003004       ExceptProc
 0002:00003008       ErrorProc
 0002:0000300C       ExceptClsProc
 0002:00003010       ExceptObjProc
 0002:00003014       RaiseExceptionProc
 0002:00003018       RTLUnwindProc
 0002:0000301C       ExceptionClass
 0002:00003020       SafeCallErrorProc
 0002:00003024       AssertErrorProc
 0002:00003028       ExitProcessProc
 0002:0000302C       AbstractErrorProc
 0002:00003030       MainInstance
 0002:00003034       MainThreadID
 0002:00003038       IsLibrary
 0002:0000303C       CmdShow
 0002:00003040       CmdLine
 0002:00003044       InitProc
 0002:00003048       ExitProc
 0002:0000304C       IsConsole
 0002:0000304D       IsMultiThread
 0002:0000304E       Test8086
 0002:00003050       Input
 0002:0000321C       Output
 0002:000033E8       ErrOutput
 0002:000035B4       AllocMemCount
 0002:000035B8       AllocMemSize
 0002:000035BC       .5
 0002:000035C0       initialized
 0002:000035C4       heapErrorCode
 0002:000035C8       heapLock
 0002:000035E0       blockDescBlockList
 0002:000035E4       blockDescFreeList
 0002:000035E8       spaceRoot
 0002:000035F8       decommittedRoot
 0002:00003608       avail
 0002:00003614       rover
 0002:00003618       remBytes
 0002:0000361C       curAlloc
 0002:00003620       smallTab
 0002:00003624       committedRoot
 0002:00003634       InitContext
 0002:00003660       VariantManager
 0002:0000370C       ModuleIsLib
 0002:0000370D       ModuleIsCpp
 0002:00003710       TlsIndex
 0002:00003718       HInstance
 0002:0000371C       .1
 0002:00003720       tlsBuffer
 0002:00003724       .1
 0002:00003728       .3
 0002:0000372C       .1
 0002:00003730       .1
 0002:00003734       CurrencyString
 0002:00003738       CurrencyFormat
 0002:00003739       NegCurrFormat
 0002:0000373A       ThousandSeparator
 0002:0000373B       DecimalSeparator
 0002:0000373C       CurrencyDecimals
 0002:0000373D       DateSeparator
 0002:00003740       ShortDateFormat
 0002:00003744       LongDateFormat
 0002:00003748       TimeSeparator
 0002:0000374C       TimeAMString
 0002:00003750       TimePMString
 0002:00003754       ShortTimeFormat
 0002:00003758       LongTimeFormat
 0002:0000375C       ShortMonthNames
 0002:0000378C       LongMonthNames
 0002:000037BC       ShortDayNames
 0002:000037D8       LongDayNames
 0002:000037F4       SysLocale
 0002:00003802       ListSeparator
 0002:00003804       EraNames
 0002:00003820       EraYearOffsets
 0002:0000383C       TrueBoolStrs
 0002:00003840       FalseBoolStrs
 0002:00003844       .94
 0002:00003848       OutOfMemory
 0002:0000384C       InvalidPointer
 0002:00003850       FLanguages
 0002:00003854       .1
 0002:00003858       TempVariantChangeTypeEx
 0002:0000385C       TempVarNeg
 0002:00003860       TempVarNot
 0002:00003864       TempVarAdd
 0002:00003868       TempVarSub
 0002:0000386C       TempVarMul
 0002:00003870       TempVarDiv
 0002:00003874       TempVarIDiv
 0002:00003878       TempVarMod
 0002:0000387C       TempVarAnd
 0002:00003880       TempVarOr
 0002:00003884       TempVarXor
 0002:00003888       TempVarCmp
 0002:0000388C       TempVarI4FromStr
 0002:00003890       TempVarR4FromStr
 0002:00003894       TempVarR8FromStr
 0002:00003898       TempVarDateFromStr
 0002:0000389C       TempVarCyFromStr
 0002:000038A0       TempVarBoolFromStr
 0002:000038A4       TempVarBstrFromCy
 0002:000038A8       TempVarBstrFromDate
 0002:000038AC       TempVarBstrFromBool
 0002:000038B0       EmptyParam
 0002:000038C0       VarDispProc
 0002:000038C4       ClearAnyProc
 0002:000038C8       ChangeAnyProc
 0002:000038CC       RefAnyProc
 0002:000038D0       .81
 0002:000038D4       GVariantManager
 0002:00003980       GOldVariantManager
 0002:00003A2C       LVarTypes
 0002:00003A30       LVarTypeSync
 0002:00003A34       .1
 0002:00003A38       .6
 0002:00003A3C       .3
 0002:00003A40       GlobalNameSpace
 0002:00003A44       IsUniqueGlobalComponentNameProc
 0002:00003A48       .35
 0002:00003A4C       IntConstList
 0002:00003A50       RegGroups
 0002:00003A54       FindGlobalComponentProcs
 0002:00003A58       GlobalFixupList
 0002:00003A5C       ProcPosted
 0002:00003A60       ThreadLock
 0002:00003A78       ThreadCount
 0002:00003A7C       InstBlockList
 0002:00003A80       InstFreeList
 0002:00003A84       .1
 0002:00003A88       SystemPalette16
 0002:00003A8C       .12
 0002:00003A90       ScreenLogPixels
 0002:00003A94       StockPen
 0002:00003A98       StockBrush
 0002:00003A9C       StockFont
 0002:00003AA0       StockIcon
 0002:00003AA4       BitmapImageLock
 0002:00003ABC       CounterLock
 0002:00003AD4       FontManager
 0002:00003AD8       PenManager
 0002:00003ADC       BrushManager
 0002:00003AE0       CanvasList
 0002:00003AE4       PatternManager
 0002:00003AE8       .2
 0002:00003AEC       .21
 0002:00003AF0       .1
 0002:00003AF4       ComCtl32DLL
 0002:00003AF8       _InitCommonControlsEx
 0002:00003AFC       GetSystemMetrics
 0002:00003B00       MonitorFromWindow
 0002:00003B04       MonitorFromRect
 0002:00003B08       MonitorFromPoint
 0002:00003B0C       GetMonitorInfo
 0002:00003B10       GetMonitorInfoA
 0002:00003B14       GetMonitorInfoW
 0002:00003B18       EnumDisplayMonitors
 0002:00003B1C       .1
 0002:00003B20       User32Dll
 0002:00003B24       InitApis
 0002:00003B2C       MMAvailable
 0002:00003B30       .1
 0002:00003B34       .2
 0002:00003B38       HelpManager
 0002:00003B3C       .3
 0002:00003B40       .3
 0002:00003B44       FlatSB_EnableScrollBar
 0002:00003B48       FlatSB_ShowScrollBar
 0002:00003B4C       FlatSB_GetScrollRange
 0002:00003B50       FlatSB_GetScrollInfo
 0002:00003B54       FlatSB_GetScrollPos
 0002:00003B58       FlatSB_SetScrollPos
 0002:00003B5C       FlatSB_SetScrollInfo
 0002:00003B60       FlatSB_SetScrollRange
 0002:00003B64       .1
 0002:00003B68       _FlatSB_GetScrollProp
 0002:00003B6C       _FlatSB_SetScrollProp
 0002:00003B70       _InitializeFlatSB
 0002:00003B74       _UninitializeFlatSB
 0002:00003B78       .42
 0002:00003B7C       .1
 0002:00003B80       .1
 0002:00003B84       .1
 0002:00003B88       .1
 0002:00003B8C       .1
 0002:00003B90       .1
 0002:00003B94       .12
 0002:00003B98       .1
 0002:00003B9C       .01
 0002:00003BA0       HelpMsg
 0002:00003BA4       FindMsg
 0002:00003BA8       CF_PICTURE
 0002:00003BAA       CF_COMPONENT
 0002:00003BAC       .2
 0002:00003BB0       FClipboard
 0002:00003BB4       .1
 0002:00003BB8       .63
 0002:00003BBC       WinHelpTester
 0002:00003BC0       ViewerName
 0002:00003BC4       .1
 0002:00003BC8       HelpViewer
 0002:00003BCC       Mouse
 0002:00003BD0       NewStyleControls
 0002:00003BD4       .72
 0002:00003BD8       WindowAtom
 0002:00003BDA       ControlAtom
 0002:00003BDC       WindowAtomString
 0002:00003BE0       ControlAtomString
 0002:00003BE4       RM_GetObjectInstance
 0002:00003BE8       DragControl
 0002:00003BEC       DragObject
 0002:00003BF0       DragInternalObject
 0002:00003BF4       DragCapture
 0002:00003BF8       DragStartPos
 0002:00003C00       DragSaveCursor
 0002:00003C04       DragThreshold
 0002:00003C08       ActiveDrag
 0002:00003C0C       DragImageList
 0002:00003C10       DockSiteList
 0002:00003C14       QualifyingSites
 0002:00003C18       DragSave
 0002:00003C1C       CanvasList
 0002:00003C20       _WINNLSEnableIME
 0002:00003C24       _ImmGetContext
 0002:00003C28       _ImmReleaseContext
 0002:00003C2C       _ImmGetConversionStatus
 0002:00003C30       _ImmSetConversionStatus
 0002:00003C34       _ImmSetOpenStatus
 0002:00003C38       _ImmSetCompositionWindow
 0002:00003C3C       _ImmSetCompositionFont
 0002:00003C40       _ImmGetCompositionString
 0002:00003C44       _ImmIsIME
 0002:00003C48       _ImmNotifyIME
 0002:00003C4C       .8
 0002:00003C50       .3
 0002:00003C54       PopupList
 0002:00003C58       ShortCutItems
 0002:00003C5C       .9
 0002:00003C60       CommandPool
 0002:00003C64       Application
 0002:00003C68       Screen
 0002:00003C6C       .41
 0002:00003C70       RM_TaskbarCreated
 0002:00003C74       HintThreadID
 0002:00003C78       HintDoneEvent
 0002:00003C7C       HintHook
 0002:00003C80       HintThread
 0002:00003C84       RC_SendBuf
 0002:00003C88       RC_End
 0002:00003C8C       RC_ExitCode
 0002:00003C90       RC_LineOut
 0002:00003C94       .1
 0002:00003C98       .8
 0002:00003C9C       .1
 0002:00003CA0       .6
 0002:00003CA4       .41
 0002:00003CA8       WSAData
 0002:00003E38       .1
 0002:00003E3C       .1
 0002:00003E40       .1
 0002:00003E44       .2
 0002:00003E48       .1
 0002:00003E4C       .1
 0002:00003E50       .7
 0002:00003E54       .1
 0002:00003E58       .1
 0002:00003E5C       .41
 0002:00003E60       OleUninitializing
 0002:00003E64       ComClassManagerVar
 0002:00003E68       SaveInitProc
 0002:00003E6C       NeedToUninitialize
 0002:00003E70       .7
 0002:00003E74       .5
 0002:00003E78       .1
 0002:00003E7C       ShellVersion
 0002:00003E80       .1
 0002:00003E84       .4
 0002:00003E88       .1
 0002:00003E8C       .4
 0002:00003E90       BitBtnGlyphs
 0002:00003EBC       .3
 0002:00003EC0       .1
 0002:00003EC4       .72
 0002:00003EC8       UrlMonHandle
 0002:00003ECC       UrlMonInitialized
 0002:00003ED0       .8
 0002:00003ED4       .36
 0002:00003ED8       ShellModule
 0002:00003EDC       FRichEditModule
 0002:00003EE0       .2
 0002:00003EE4       .5
 0002:00003EE8       .11
 0002:00003EEC       .1
 0002:00003EF0       .4
 0002:00003EF4       .1
 0002:00003EF8       .2
 0002:00003EFC       .01
 0002:00003F00       .3
 0002:00003F04       .1
 0002:00003F08       .1
 0002:00003F0C       AnsiCaseMap
 0002:0000420C       AnsiCharTypes
 0002:0000440C       .1
 0002:00004410       .7
 0002:00004414       .5
 0002:00004418       .1
 0002:0000441C       .1
 0002:00004420       .1
 0002:00004424       .2
 0002:00004428       .1
 0002:0000442C       .2
 0002:00004430       KernelVersionHi
 0002:00004434       ResmeterLibHandle
 0002:00004438       MyGetFreeSystemResources
 0002:0000443C       .1
 0002:00004440       .1
 0002:00004444       .2
 0002:00004448       .42
 0002:0000444C       .4
 0002:00004450       TypeList
 0002:00004454       .1
 0002:00004458       .4
 0002:0000445C       .01
 0002:00004460       RegisteredAppStoragePropertyEngineList
 0002:00004464       .1
 0002:00004468       .6
 0002:0000446C       .2
 0002:00004470       .1
 0002:00004474       .1
 0002:00004478       frmMain
 0002:0000447C       .4


Line numbers for RedirectConsole(RedirectConsole.pas) segment .text

    36 0001:00060608    37 0001:00060625    38 0001:0006065F    42 0001:00060670
    43 0001:00060676    44 0001:0006067D    45 0001:00060683    46 0001:0006068B
    50 0001:00060694    52 0001:000606BA    53 0001:000606DB    54 0001:000606E4
    51 0001:00060701    56 0001:00060712    57 0001:00060749    69 0001:0006075C
    71 0001:000607A3    72 0001:000607AC    73 0001:000607BA    74 0001:000607CC
    75 0001:000607DA    77 0001:000607E2    78 0001:000607FC    79 0001:00060807
    82 0001:0006080C    83 0001:00060826    84 0001:00060831    85 0001:0006083A
    86 0001:00060843    89 0001:00060848    90 0001:00060854    91 0001:0006085E
    92 0001:00060867    93 0001:00060870    94 0001:00060879    96 0001:00060882
    98 0001:000608B0    99 0001:000608CF   100 0001:000608D8   101 0001:000608E1
   102 0001:000608EA   103 0001:000608F3   106 0001:000608F8   107 0001:00060906
   108 0001:0006090D   111 0001:00060914   112 0001:00060920   113 0001:00060931
   114 0001:00060944   116 0001:0006095A   117 0001:00060963   118 0001:00060971
   119 0001:0006097A   120 0001:00060986   121 0001:00060998   122 0001:000609B5
   119 0001:000609C3   125 0001:000609CD   126 0001:000609DF   131 0001:000609FE
   132 0001:00060A14   130 0001:00060A25   134 0001:00060A30   136 0001:00060A3D
   137 0001:00060A49   138 0001:00060A55   139 0001:00060A5E   140 0001:00060A67
   141 0001:00060A70   142 0001:00060AA6   144 0001:00060B50   144 0001:00060B57

Line numbers for JvWin32(JvWin32.pas) segment .text

   334 0001:00065684   334 0001:0006568B

Line numbers for JvConsts(JvConsts.pas) segment .text

   273 0001:000656BC   273 0001:000656C3

Line numbers for modRichEdit(modRichEdit.pas) segment .text

    15 0001:00078278    18 0001:000782A2    19 0001:000782C0    20 0001:000782CD
    21 0001:000782DD    23 0001:00078310    30 0001:00078318    31 0001:0007834B
    33 0001:0007834D    37 0001:00078367    39 0001:0007836F    44 0001:000783A0
    45 0001:000783B3    47 0001:000783D1    48 0001:000783DB    56 0001:00078407
    37 0001:00078421    62 0001:00078429    63 0001:00078457    66 0001:0007847C
    67 0001:000784A3    68 0001:000784B9    73 0001:00078572    78 0001:00078584
    79 0001:000785BC    81 0001:000785DB    82 0001:000785F8    84 0001:00078607
    86 0001:00078615    88 0001:00078624    89 0001:0007863E    92 0001:0007867C
    95 0001:000786E4    95 0001:000786EB

Line numbers for modSCPUtils(modSCPUtils.pas) segment .text

    88 0001:000786EC    89 0001:00078726    91 0001:0007872D    92 0001:00078737
    94 0001:00078739    96 0001:0007876E    97 0001:00078770    99 0001:000787C0
   600 0001:000787F8   600 0001:000787FF

Line numbers for fMain(fMain.pas) segment .text

   109 0001:00078CD0   110 0001:00078CED   111 0001:00078D1D   119 0001:00078D20
   120 0001:00078D41   121 0001:00078D4F   122 0001:00078D53   124 0001:00078D5E
   125 0001:00078D85   128 0001:00078D8C   129 0001:00078D9E   131 0001:00078DA9
   133 0001:00078DAD   134 0001:00078DBC   135 0001:00078DE2   138 0001:00078DE8
   139 0001:00078DF3   140 0001:00078DFB   141 0001:00078E03   142 0001:00078E1A
   148 0001:00078E20   149 0001:00078E25   153 0001:00078E32   154 0001:00078E3C
   158 0001:00078E46   164 0001:00078E51   166 0001:00078E68   167 0001:00078E75
   168 0001:00078E82   171 0001:00078E8A   172 0001:00078E95   174 0001:00078EA2
   175 0001:00078EAC   156 0001:00078EB3   178 0001:00078EB9   151 0001:00078EC2
   180 0001:00078ECC   183 0001:00078EEC   184 0001:00078EEF   185 0001:00078EF6
   186 0001:00078F00   187 0001:00078F08   195 0001:00078F0C   197 0001:00078F39
   198 0001:00078F3D   201 0001:00078F3F   204 0001:00078F56   205 0001:00078F67
   212 0001:00078F69   215 0001:00078F76   216 0001:00078F7F   219 0001:00078F94
   222 0001:00078F9A   223 0001:00078FA8   226 0001:00078FBD   229 0001:00078FE0
   231 0001:00078FF1   232 0001:00078FF5   235 0001:00078FFF   238 0001:0007901D
   240 0001:00079034   241 0001:00079052   245 0001:00079070   247 0001:0007908B
   249 0001:0007909C   252 0001:000790B7   254 0001:000790C8   257 0001:000790E3
   259 0001:000790F4   265 0001:0007910F   266 0001:00079127   269 0001:00079131
   270 0001:00079148   272 0001:00079166   274 0001:00079184   276 0001:000791A3
   277 0001:000791BA   279 0001:000791D8   280 0001:000791F0   284 0001:000791FA
   286 0001:00079211   290 0001:00079224   292 0001:00079243   293 0001:0007925A
   294 0001:00079278   295 0001:00079290   298 0001:0007929A   300 0001:000792B9
   301 0001:000792D0   303 0001:000792EE   304 0001:00079306   307 0001:00079310
   309 0001:0007932F   310 0001:00079346   311 0001:00079364   312 0001:0007937C
   315 0001:00079386   317 0001:000793A5   318 0001:000793BC   320 0001:000793DA
   321 0001:000793F2   325 0001:000793F9   328 0001:0007941E   329 0001:00079424
   331 0001:00079461   338 0001:00079570   339 0001:00079574   341 0001:0007957F
   342 0001:00079593   344 0001:0007959A   345 0001:000795A1   346 0001:000795A8
   347 0001:000795AF   352 0001:000795B4   353 0001:000795D0   354 0001:00079608
   355 0001:0007962B   356 0001:00079632   357 0001:00079639   358 0001:0007967E
   362 0001:000796C4   363 0001:000796C9   367 0001:000796CC   368 0001:000796DB
   369 0001:000796E5   370 0001:000796EF   371 0001:000796F9   374 0001:0007973C
   376 0001:00079764   379 0001:00079786   381 0001:0007978C   382 0001:00079798
   386 0001:0007979F   387 0001:000797A6   388 0001:000797B1   389 0001:000797BF
   391 0001:000797E9   394 0001:0007980C   395 0001:0007980F   397 0001:0007981D
   398 0001:00079822   400 0001:00079825   403 0001:00079828   404 0001:0007982B
   405 0001:00079838   408 0001:00079841   409 0001:00079848   413 0001:0007984A
   414 0001:00079856   417 0001:0007985D   418 0001:0007986A   422 0001:0007986C
   423 0001:00079889   424 0001:00079893   425 0001:000798A5   426 0001:000798F0
   429 0001:00079928   430 0001:0007992B   431 0001:00079936   433 0001:00079941
   434 0001:0007994E   438 0001:00079950   441 0001:00079953   443 0001:00079962
   444 0001:00079969   445 0001:00079976   446 0001:00079987   450 0001:0007998E
   452 0001:0007999D   453 0001:000799AE   456 0001:000799BB   461 0001:00079A14
   463 0001:00079A1E   465 0001:00079A2D   466 0001:00079A34   467 0001:00079A41
   468 0001:00079A52   472 0001:00079A58   473 0001:00079A69   474 0001:00079A76
   476 0001:00079A7A   482 0001:00079AC4   483 0001:00079AC7   486 0001:00079AD0
   487 0001:00079AD7   489 0001:00079AE4   490 0001:00079AED   493 0001:00079AFC
   495 0001:00079B09   499 0001:00079B0C   500 0001:00079B33   501 0001:00079B7A
   508 0001:00079B94   509 0001:00079B9E   511 0001:00079BA4   513 0001:00079BBC
   514 0001:00079BC2   515 0001:00079BC8   511 0001:00079BD5   517 0001:00079BD8
   521 0001:00079BE0   522 0001:00079BFD   524 0001:00079C03   526 0001:00079C22
   527 0001:00079C27   531 0001:00079C29   532 0001:00079C3F   533 0001:00079C57
   534 0001:00079C64   536 0001:00079C8B   540 0001:00079C94   541 0001:00079C97
   543 0001:00079CA6   546 0001:00079CB7   548 0001:00079CC6   550 0001:00079CD7
   553 0001:00079D2C   554 0001:00079D4C   556 0001:00079D52   558 0001:00079D63
   561 0001:00079D8E   564 0001:00079D94   565 0001:00079DBC   566 0001:00079DBE
   568 0001:00079DD4   570 0001:00079DF2   571 0001:00079DF4   572 0001:00079DFB
   573 0001:00079E05   576 0001:00079E30   581 0001:00079E58   582 0001:00079E5D
   584 0001:00079E6B   586 0001:00079E80   587 0001:00079E9B   584 0001:00079E9C
   589 0001:00079E9F   594 0001:00079EA4   595 0001:00079ECA   596 0001:00079ED8
   597 0001:00079F11   598 0001:00079F17   600 0001:00079F2A   602 0001:00079F33
   603 0001:00079F48   605 0001:00079F58   607 0001:00079F78   609 0001:00079F7E
   610 0001:00079F86   612 0001:00079F97   614 0001:00079FC9   620 0001:0007A008
   621 0001:0007A028   623 0001:0007A036   624 0001:0007A06F   625 0001:0007A094
   627 0001:0007A09D   629 0001:0007A0D0   630 0001:0007A0FD   633 0001:0007A10A
   635 0001:0007A115   638 0001:0007A12E   640 0001:0007A144   641 0001:0007A149
   643 0001:0007A15D   646 0001:0007A175   647 0001:0007A17D   649 0001:0007A1AF
   652 0001:0007A228   653 0001:0007A22B   654 0001:0007A234   655 0001:0007A24D
   662 0001:0007A250   663 0001:0007A289   665 0001:0007A299   666 0001:0007A2A7
   670 0001:0007A2BC   672 0001:0007A2C4   674 0001:0007A2E2   676 0001:0007A2F6
   677 0001:0007A304   678 0001:0007A329   668 0001:0007A34C   682 0001:0007A364
   684 0001:0007A374   685 0001:0007A3B4   687 0001:0007A424   687 0001:0007A42B

Line numbers for PseuWoWConsole(M:\Mangos\PseudoWoWGM\src\PseuWoWConsole.dpr) segment .text

    12 0001:0007A7A4    13 0001:0007A7B4    14 0001:0007A7C0    15 0001:0007A7D1
    16 0001:0007A7E9    17 0001:0007A7F5

Bound resource files

c:\program files\borland\delphi6\Lib\CONTROLS.RES
c:\program files\borland\delphi6\Lib\BUTTONS.RES
c:\program files\borland\delphi6\Lib\EXTDLGS.RES
F:\Delphi Updates\jedi vcl\Resources\JvConsts.res
fMain.DFM
PseuWoWConsole.RES
PseuWoWConsole.drf


Program entry point at 0001:0007A7A4
