
 Start         Length     Name                   Class
 0001:00000000 00079120H .text                   CODE
 0002:00000000 00002060H .data                   DATA
 0002:00002060 00001481H .bss                    BSS


Detailed map of segments

 0001:00000000 00005A1B C=CODE     S=.text    G=(none)   M=System   ACBP=A9
 0001:00005A1C 00000140 C=CODE     S=.text    G=(none)   M=SysInit  ACBP=A9
 0001:00005B5C 00000134 C=CODE     S=.text    G=(none)   M=Types    ACBP=A9
 0001:00005C90 00000BF4 C=CODE     S=.text    G=(none)   M=Windows  ACBP=A9
 0001:00006884 00000038 C=CODE     S=.text    G=(none)   M=Messages ACBP=A9
 0001:000068BC 00000350 C=CODE     S=.text    G=(none)   M=SysConst ACBP=A9
 0001:00006C0C 00006960 C=CODE     S=.text    G=(none)   M=SysUtils ACBP=A9
 0001:0000D56C 0000099F C=CODE     S=.text    G=(none)   M=VarUtils ACBP=A9
 0001:0000DF0C 000092AC C=CODE     S=.text    G=(none)   M=Variants ACBP=A9
 0001:000171B8 00000178 C=CODE     S=.text    G=(none)   M=RTLConsts ACBP=A9
 0001:00017330 00000DCC C=CODE     S=.text    G=(none)   M=TypInfo  ACBP=A9
 0001:000180FC 00000098 C=CODE     S=.text    G=(none)   M=ActiveX  ACBP=A9
 0001:00018194 0000C5B2 C=CODE     S=.text    G=(none)   M=Classes  ACBP=A9
 0001:00024748 000002C8 C=CODE     S=.text    G=(none)   M=Consts   ACBP=A9
 0001:00024A10 00007407 C=CODE     S=.text    G=(none)   M=Graphics ACBP=A9
 0001:0002BE18 00000048 C=CODE     S=.text    G=(none)   M=Math     ACBP=A9
 0001:0002BE60 000002B8 C=CODE     S=.text    G=(none)   M=Contnrs  ACBP=A9
 0001:0002C118 000005A8 C=CODE     S=.text    G=(none)   M=CommCtrl ACBP=A9
 0001:0002C6C0 00000787 C=CODE     S=.text    G=(none)   M=MultiMon ACBP=A9
 0001:0002CE48 00000038 C=CODE     S=.text    G=(none)   M=Imm      ACBP=A9
 0001:0002CE80 00001098 C=CODE     S=.text    G=(none)   M=HelpIntfs ACBP=A9
 0001:0002DF18 00000058 C=CODE     S=.text    G=(none)   M=WinSpool ACBP=A9
 0001:0002DF70 00000F80 C=CODE     S=.text    G=(none)   M=Printers ACBP=A9
 0001:0002EEF0 0000031F C=CODE     S=.text    G=(none)   M=FlatSB   ACBP=A9
 0001:0002F210 00007454 C=CODE     S=.text    G=(none)   M=StdCtrls ACBP=A9
 0001:00036664 00000040 C=CODE     S=.text    G=(none)   M=ShellAPI ACBP=A9
 0001:000366A4 00000038 C=CODE     S=.text    G=(none)   M=RegStr   ACBP=A9
 0001:000366DC 00000038 C=CODE     S=.text    G=(none)   M=WinInet  ACBP=A9
 0001:00036714 00000038 C=CODE     S=.text    G=(none)   M=UrlMon   ACBP=A9
 0001:0003674C 00000038 C=CODE     S=.text    G=(none)   M=ShlObj   ACBP=A9
 0001:00036784 00000038 C=CODE     S=.text    G=(none)   M=CommDlg  ACBP=A9
 0001:000367BC 00001500 C=CODE     S=.text    G=(none)   M=ExtCtrls ACBP=A9
 0001:00037CBC 00000038 C=CODE     S=.text    G=(none)   M=Dlgs     ACBP=A9
 0001:00037CF4 00000659 C=CODE     S=.text    G=(none)   M=Dialogs  ACBP=A9
 0001:00038350 00000094 C=CODE     S=.text    G=(none)   M=Clipbrd  ACBP=A9
 0001:000383E4 00000088 C=CODE     S=.text    G=(none)   M=StrUtils ACBP=A9
 0001:0003846C 00000168 C=CODE     S=.text    G=(none)   M=StdActns ACBP=A9
 0001:000385D4 00000CC4 C=CODE     S=.text    G=(none)   M=WinHelpViewer ACBP=A9
 0001:00039298 00010AEB C=CODE     S=.text    G=(none)   M=Controls ACBP=A9
 0001:00049D84 0000130E C=CODE     S=.text    G=(none)   M=ActnList ACBP=A9
 0001:0004B094 000017D0 C=CODE     S=.text    G=(none)   M=ImgList  ACBP=A9
 0001:0004C864 000064CD C=CODE     S=.text    G=(none)   M=Menus    ACBP=A9
 0001:00052D34 0000CC1C C=CODE     S=.text    G=(none)   M=Forms    ACBP=A9
 0001:0005F950 00000550 C=CODE     S=.text    G=(none)   M=RedirectConsole ACBP=A9
 0001:0005FEA0 00001018 C=CODE     S=.text    G=(none)   M=IniFiles ACBP=A9
 0001:00060EB8 00000110 C=CODE     S=.text    G=(none)   M=WinSock  ACBP=A9
 0001:00060FC8 000003F0 C=CODE     S=.text    G=(none)   M=SyncObjs ACBP=A9
 0001:000613B8 000035E4 C=CODE     S=.text    G=(none)   M=ScktComp ACBP=A9
 0001:0006499C 00000038 C=CODE     S=.text    G=(none)   M=JvWin32  ACBP=A9
 0001:000649D4 00000038 C=CODE     S=.text    G=(none)   M=JvConsts ACBP=A9
 0001:00064A0C 0000006C C=CODE     S=.text    G=(none)   M=JVCLVer  ACBP=A9
 0001:00064A78 00000118 C=CODE     S=.text    G=(none)   M=JvComponentBase ACBP=A9
 0001:00064B90 000000C8 C=CODE     S=.text    G=(none)   M=DateUtils ACBP=A9
 0001:00064C58 000002B8 C=CODE     S=.text    G=(none)   M=JvResources ACBP=A9
 0001:00064F10 00000AA8 C=CODE     S=.text    G=(none)   M=JvTypes  ACBP=A9
 0001:000659B8 00000038 C=CODE     S=.text    G=(none)   M=JvVCL5Utils ACBP=A9
 0001:000659F0 00000058 C=CODE     S=.text    G=(none)   M=ComConst ACBP=A9
 0001:00065A48 00000E65 C=CODE     S=.text    G=(none)   M=ComObj   ACBP=A9
 0001:000668B0 00000038 C=CODE     S=.text    G=(none)   M=MMSystem ACBP=A9
 0001:000668E8 00000068 C=CODE     S=.text    G=(none)   M=Registry ACBP=A9
 0001:00066950 00000354 C=CODE     S=.text    G=(none)   M=JvJCLUtils ACBP=A9
 0001:00066CA4 00000038 C=CODE     S=.text    G=(none)   M=RichEdit ACBP=A9
 0001:00066CDC 00000038 C=CODE     S=.text    G=(none)   M=ToolWin  ACBP=A9
 0001:00066D14 00000060 C=CODE     S=.text    G=(none)   M=ComStrs  ACBP=A9
 0001:00066D74 000000F5 C=CODE     S=.text    G=(none)   M=Buttons  ACBP=A9
 0001:00066E6C 00000038 C=CODE     S=.text    G=(none)   M=ExtDlgs  ACBP=A9
 0001:00066EA4 0000006C C=CODE     S=.text    G=(none)   M=Mapi     ACBP=A9
 0001:00066F10 00000058 C=CODE     S=.text    G=(none)   M=ExtActns ACBP=A9
 0001:00066F68 00001AF8 C=CODE     S=.text    G=(none)   M=ListActns ACBP=A9
 0001:00068A60 0000B6E8 C=CODE     S=.text    G=(none)   M=ComCtrls ACBP=A9
 0001:00074148 00000038 C=CODE     S=.text    G=(none)   M=MaskUtils ACBP=A9
 0001:00074180 00000038 C=CODE     S=.text    G=(none)   M=Mask     ACBP=A9
 0001:000741B8 00000038 C=CODE     S=.text    G=(none)   M=Grids    ACBP=A9
 0001:000741F0 000001D0 C=CODE     S=.text    G=(none)   M=JclResources ACBP=A9
 0001:000743C0 00000038 C=CODE     S=.text    G=(none)   M=JclBase  ACBP=A9
 0001:000743F8 00000038 C=CODE     S=.text    G=(none)   M=AccCtrl  ACBP=A9
 0001:00074430 00000040 C=CODE     S=.text    G=(none)   M=JclWin32 ACBP=A9
 0001:00074470 00000038 C=CODE     S=.text    G=(none)   M=JclConsole ACBP=A9
 0001:000744A8 00000068 C=CODE     S=.text    G=(none)   M=JclWideStrings ACBP=A9
 0001:00074510 00000038 C=CODE     S=.text    G=(none)   M=JclLogic ACBP=A9
 0001:00074548 00000158 C=CODE     S=.text    G=(none)   M=JclStrings ACBP=A9
 0001:000746A0 00000038 C=CODE     S=.text    G=(none)   M=Jcl8087  ACBP=A9
 0001:000746D8 00000038 C=CODE     S=.text    G=(none)   M=JclMath  ACBP=A9
 0001:00074710 00000084 C=CODE     S=.text    G=(none)   M=JclSysUtils ACBP=A9
 0001:00074794 00000038 C=CODE     S=.text    G=(none)   M=Snmp     ACBP=A9
 0001:000747CC 00000038 C=CODE     S=.text    G=(none)   M=TlHelp32 ACBP=A9
 0001:00074804 00000038 C=CODE     S=.text    G=(none)   M=PsAPI    ACBP=A9
 0001:0007483C 00000038 C=CODE     S=.text    G=(none)   M=JclRegistry ACBP=A9
 0001:00074874 00000038 C=CODE     S=.text    G=(none)   M=JclIniFiles ACBP=A9
 0001:000748AC 000006B5 C=CODE     S=.text    G=(none)   M=JclSysInfo ACBP=A9
 0001:00074F64 00000044 C=CODE     S=.text    G=(none)   M=JclShell ACBP=A9
 0001:00074FA8 00000038 C=CODE     S=.text    G=(none)   M=JclSecurity ACBP=A9
 0001:00074FE0 00000038 C=CODE     S=.text    G=(none)   M=JclDateTime ACBP=A9
 0001:00075018 00000124 C=CODE     S=.text    G=(none)   M=JclFileUtils ACBP=A9
 0001:0007513C 000001BF C=CODE     S=.text    G=(none)   M=JclRTTI  ACBP=A9
 0001:000752FC 00000038 C=CODE     S=.text    G=(none)   M=JclMime  ACBP=A9
 0001:00075334 000001D0 C=CODE     S=.text    G=(none)   M=JvPropertyStore ACBP=A9
 0001:00075504 0000013B C=CODE     S=.text    G=(none)   M=JvAppStorage ACBP=A9
 0001:00075640 00000044 C=CODE     S=.text    G=(none)   M=JvProgressUtils ACBP=A9
 0001:00075684 0000034B C=CODE     S=.text    G=(none)   M=JvJVCLUtils ACBP=A9
 0001:000759D0 00001BF0 C=CODE     S=.text    G=(none)   M=JvTrayIcon ACBP=A9
 0001:000775C0 0000034C C=CODE     S=.text    G=(none)   M=modRichEdit ACBP=A9
 0001:0007790C 00000114 C=CODE     S=.text    G=(none)   M=modSCPUtils ACBP=A9
 0001:00077A20 00001318 C=CODE     S=.text    G=(none)   M=fMain    ACBP=A9
 0001:00078D38 000003E8 C=CODE     S=.text    G=(none)   M=PseuWoWConsole ACBP=A9
 0002:00000000 0000008C C=DATA     S=.data    G=DGROUP   M=System   ACBP=A9
 0002:0000008C 00000018 C=DATA     S=.data    G=DGROUP   M=SysInit  ACBP=A9
 0002:000000A4 00000254 C=DATA     S=.data    G=DGROUP   M=SysUtils ACBP=A9
 0002:000002F8 00000110 C=DATA     S=.data    G=DGROUP   M=VarUtils ACBP=A9
 0002:00000408 00000186 C=DATA     S=.data    G=DGROUP   M=Variants ACBP=A9
 0002:00000590 0000000C C=DATA     S=.data    G=DGROUP   M=TypInfo  ACBP=A9
 0002:0000059C 00000010 C=DATA     S=.data    G=DGROUP   M=ActiveX  ACBP=A9
 0002:000005AC 00000100 C=DATA     S=.data    G=DGROUP   M=Classes  ACBP=A9
 0002:000006AC 00000304 C=DATA     S=.data    G=DGROUP   M=Graphics ACBP=A9
 0002:000009B0 00000004 C=DATA     S=.data    G=DGROUP   M=Printers ACBP=A9
 0002:000009B4 000000F4 C=DATA     S=.data    G=DGROUP   M=StdCtrls ACBP=A9
 0002:00000AA8 00000014 C=DATA     S=.data    G=DGROUP   M=ExtCtrls ACBP=A9
 0002:00000ABC 00000074 C=DATA     S=.data    G=DGROUP   M=Dialogs  ACBP=A9
 0002:00000B30 0000013C C=DATA     S=.data    G=DGROUP   M=Controls ACBP=A9
 0002:00000C6C 00000020 C=DATA     S=.data    G=DGROUP   M=ImgList  ACBP=A9
 0002:00000C8C 000000EC C=DATA     S=.data    G=DGROUP   M=Menus    ACBP=A9
 0002:00000D78 00000124 C=DATA     S=.data    G=DGROUP   M=Forms    ACBP=A9
 0002:00000E9C 00000008 C=DATA     S=.data    G=DGROUP   M=IniFiles ACBP=A9
 0002:00000EA4 0000000E C=DATA     S=.data    G=DGROUP   M=JvConsts ACBP=A9
 0002:00000EB4 00000438 C=DATA     S=.data    G=DGROUP   M=JvTypes  ACBP=A9
 0002:000012EC 00000030 C=DATA     S=.data    G=DGROUP   M=ComObj   ACBP=A9
 0002:0000131C 00000008 C=DATA     S=.data    G=DGROUP   M=Registry ACBP=A9
 0002:00001324 00000048 C=DATA     S=.data    G=DGROUP   M=JvJCLUtils ACBP=A9
 0002:0000136C 0000002C C=DATA     S=.data    G=DGROUP   M=Buttons  ACBP=A9
 0002:00001398 00000008 C=DATA     S=.data    G=DGROUP   M=Mapi     ACBP=A9
 0002:000013A0 00000110 C=DATA     S=.data    G=DGROUP   M=ComCtrls ACBP=A9
 0002:000014B0 00000004 C=DATA     S=.data    G=DGROUP   M=JclWideStrings ACBP=A9
 0002:000014B4 0000000C C=DATA     S=.data    G=DGROUP   M=JclStrings ACBP=A9
 0002:000014C0 00000008 C=DATA     S=.data    G=DGROUP   M=JclSysUtils ACBP=A9
 0002:000014C8 00000450 C=DATA     S=.data    G=DGROUP   M=JclSysInfo ACBP=A9
 0002:00001918 00000004 C=DATA     S=.data    G=DGROUP   M=JclShell ACBP=A9
 0002:0000191C 00000040 C=DATA     S=.data    G=DGROUP   M=JvPropertyStore ACBP=A9
 0002:0000195C 00000004 C=DATA     S=.data    G=DGROUP   M=JvProgressUtils ACBP=A9
 0002:00001960 0000005C C=DATA     S=.data    G=DGROUP   M=JvJVCLUtils ACBP=A9
 0002:000019BC 00000024 C=DATA     S=.data    G=DGROUP   M=JvTrayIcon ACBP=A9
 0002:00003000 0000070C C=BSS      S=.bss     G=DGROUP   M=System   ACBP=A9
 0002:0000370C 00000018 C=BSS      S=.bss     G=DGROUP   M=SysInit  ACBP=A9
 0002:00003724 00000004 C=BSS      S=.bss     G=DGROUP   M=Types    ACBP=A9
 0002:00003728 00000004 C=BSS      S=.bss     G=DGROUP   M=Windows  ACBP=A9
 0002:0000372C 00000004 C=BSS      S=.bss     G=DGROUP   M=Messages ACBP=A9
 0002:00003730 00000004 C=BSS      S=.bss     G=DGROUP   M=SysConst ACBP=A9
 0002:00003734 00000120 C=BSS      S=.bss     G=DGROUP   M=SysUtils ACBP=A9
 0002:00003854 0000005C C=BSS      S=.bss     G=DGROUP   M=VarUtils ACBP=A9
 0002:000038B0 00000184 C=BSS      S=.bss     G=DGROUP   M=Variants ACBP=A9
 0002:00003A34 00000004 C=BSS      S=.bss     G=DGROUP   M=RTLConsts ACBP=A9
 0002:00003A38 00000004 C=BSS      S=.bss     G=DGROUP   M=TypInfo  ACBP=A9
 0002:00003A3C 00000004 C=BSS      S=.bss     G=DGROUP   M=ActiveX  ACBP=A9
 0002:00003A40 00000044 C=BSS      S=.bss     G=DGROUP   M=Classes  ACBP=A9
 0002:00003A84 00000004 C=BSS      S=.bss     G=DGROUP   M=Consts   ACBP=A9
 0002:00003A88 00000060 C=BSS      S=.bss     G=DGROUP   M=Graphics ACBP=A9
 0002:00003AE8 00000004 C=BSS      S=.bss     G=DGROUP   M=Math     ACBP=A9
 0002:00003AEC 00000004 C=BSS      S=.bss     G=DGROUP   M=Contnrs  ACBP=A9
 0002:00003AF0 0000000C C=BSS      S=.bss     G=DGROUP   M=CommCtrl ACBP=A9
 0002:00003AFC 00000031 C=BSS      S=.bss     G=DGROUP   M=MultiMon ACBP=A9
 0002:00003B30 00000004 C=BSS      S=.bss     G=DGROUP   M=Imm      ACBP=A9
 0002:00003B34 00000008 C=BSS      S=.bss     G=DGROUP   M=HelpIntfs ACBP=A9
 0002:00003B3C 00000004 C=BSS      S=.bss     G=DGROUP   M=WinSpool ACBP=A9
 0002:00003B40 00000004 C=BSS      S=.bss     G=DGROUP   M=Printers ACBP=A9
 0002:00003B44 00000034 C=BSS      S=.bss     G=DGROUP   M=FlatSB   ACBP=A9
 0002:00003B78 00000004 C=BSS      S=.bss     G=DGROUP   M=StdCtrls ACBP=A9
 0002:00003B7C 00000004 C=BSS      S=.bss     G=DGROUP   M=ShellAPI ACBP=A9
 0002:00003B80 00000004 C=BSS      S=.bss     G=DGROUP   M=RegStr   ACBP=A9
 0002:00003B84 00000004 C=BSS      S=.bss     G=DGROUP   M=WinInet  ACBP=A9
 0002:00003B88 00000004 C=BSS      S=.bss     G=DGROUP   M=UrlMon   ACBP=A9
 0002:00003B8C 00000004 C=BSS      S=.bss     G=DGROUP   M=ShlObj   ACBP=A9
 0002:00003B90 00000004 C=BSS      S=.bss     G=DGROUP   M=CommDlg  ACBP=A9
 0002:00003B94 00000004 C=BSS      S=.bss     G=DGROUP   M=ExtCtrls ACBP=A9
 0002:00003B98 00000004 C=BSS      S=.bss     G=DGROUP   M=Dlgs     ACBP=A9
 0002:00003B9C 0000000C C=BSS      S=.bss     G=DGROUP   M=Dialogs  ACBP=A9
 0002:00003BA8 0000000C C=BSS      S=.bss     G=DGROUP   M=Clipbrd  ACBP=A9
 0002:00003BB4 00000004 C=BSS      S=.bss     G=DGROUP   M=StrUtils ACBP=A9
 0002:00003BB8 00000004 C=BSS      S=.bss     G=DGROUP   M=StdActns ACBP=A9
 0002:00003BBC 00000010 C=BSS      S=.bss     G=DGROUP   M=WinHelpViewer ACBP=A9
 0002:00003BCC 00000080 C=BSS      S=.bss     G=DGROUP   M=Controls ACBP=A9
 0002:00003C4C 00000004 C=BSS      S=.bss     G=DGROUP   M=ActnList ACBP=A9
 0002:00003C50 00000004 C=BSS      S=.bss     G=DGROUP   M=ImgList  ACBP=A9
 0002:00003C54 00000010 C=BSS      S=.bss     G=DGROUP   M=Menus    ACBP=A9
 0002:00003C64 00000020 C=BSS      S=.bss     G=DGROUP   M=Forms    ACBP=A9
 0002:00003C84 00000014 C=BSS      S=.bss     G=DGROUP   M=RedirectConsole ACBP=A9
 0002:00003C98 00000004 C=BSS      S=.bss     G=DGROUP   M=IniFiles ACBP=A9
 0002:00003C9C 00000004 C=BSS      S=.bss     G=DGROUP   M=WinSock  ACBP=A9
 0002:00003CA0 00000004 C=BSS      S=.bss     G=DGROUP   M=SyncObjs ACBP=A9
 0002:00003CA4 00000194 C=BSS      S=.bss     G=DGROUP   M=ScktComp ACBP=A9
 0002:00003E38 00000004 C=BSS      S=.bss     G=DGROUP   M=JvWin32  ACBP=A9
 0002:00003E3C 00000004 C=BSS      S=.bss     G=DGROUP   M=JvConsts ACBP=A9
 0002:00003E40 00000004 C=BSS      S=.bss     G=DGROUP   M=JVCLVer  ACBP=A9
 0002:00003E44 00000004 C=BSS      S=.bss     G=DGROUP   M=JvComponentBase ACBP=A9
 0002:00003E48 00000004 C=BSS      S=.bss     G=DGROUP   M=DateUtils ACBP=A9
 0002:00003E4C 00000004 C=BSS      S=.bss     G=DGROUP   M=JvResources ACBP=A9
 0002:00003E50 00000004 C=BSS      S=.bss     G=DGROUP   M=JvTypes  ACBP=A9
 0002:00003E54 00000004 C=BSS      S=.bss     G=DGROUP   M=JvVCL5Utils ACBP=A9
 0002:00003E58 00000004 C=BSS      S=.bss     G=DGROUP   M=ComConst ACBP=A9
 0002:00003E5C 00000011 C=BSS      S=.bss     G=DGROUP   M=ComObj   ACBP=A9
 0002:00003E70 00000004 C=BSS      S=.bss     G=DGROUP   M=MMSystem ACBP=A9
 0002:00003E74 00000004 C=BSS      S=.bss     G=DGROUP   M=Registry ACBP=A9
 0002:00003E78 00000008 C=BSS      S=.bss     G=DGROUP   M=JvJCLUtils ACBP=A9
 0002:00003E80 00000004 C=BSS      S=.bss     G=DGROUP   M=RichEdit ACBP=A9
 0002:00003E84 00000004 C=BSS      S=.bss     G=DGROUP   M=ToolWin  ACBP=A9
 0002:00003E88 00000004 C=BSS      S=.bss     G=DGROUP   M=ComStrs  ACBP=A9
 0002:00003E8C 00000030 C=BSS      S=.bss     G=DGROUP   M=Buttons  ACBP=A9
 0002:00003EBC 00000004 C=BSS      S=.bss     G=DGROUP   M=ExtDlgs  ACBP=A9
 0002:00003EC0 00000004 C=BSS      S=.bss     G=DGROUP   M=Mapi     ACBP=A9
 0002:00003EC4 00000009 C=BSS      S=.bss     G=DGROUP   M=ExtActns ACBP=A9
 0002:00003ED0 00000004 C=BSS      S=.bss     G=DGROUP   M=ListActns ACBP=A9
 0002:00003ED4 0000000C C=BSS      S=.bss     G=DGROUP   M=ComCtrls ACBP=A9
 0002:00003EE0 00000004 C=BSS      S=.bss     G=DGROUP   M=MaskUtils ACBP=A9
 0002:00003EE4 00000004 C=BSS      S=.bss     G=DGROUP   M=Mask     ACBP=A9
 0002:00003EE8 00000004 C=BSS      S=.bss     G=DGROUP   M=Grids    ACBP=A9
 0002:00003EEC 00000004 C=BSS      S=.bss     G=DGROUP   M=JclResources ACBP=A9
 0002:00003EF0 00000004 C=BSS      S=.bss     G=DGROUP   M=JclBase  ACBP=A9
 0002:00003EF4 00000004 C=BSS      S=.bss     G=DGROUP   M=AccCtrl  ACBP=A9
 0002:00003EF8 00000004 C=BSS      S=.bss     G=DGROUP   M=JclWin32 ACBP=A9
 0002:00003EFC 00000004 C=BSS      S=.bss     G=DGROUP   M=JclConsole ACBP=A9
 0002:00003F00 00000004 C=BSS      S=.bss     G=DGROUP   M=JclWideStrings ACBP=A9
 0002:00003F04 00000004 C=BSS      S=.bss     G=DGROUP   M=JclLogic ACBP=A9
 0002:00003F08 00000504 C=BSS      S=.bss     G=DGROUP   M=JclStrings ACBP=A9
 0002:0000440C 00000004 C=BSS      S=.bss     G=DGROUP   M=Jcl8087  ACBP=A9
 0002:00004410 00000004 C=BSS      S=.bss     G=DGROUP   M=JclMath  ACBP=A9
 0002:00004414 00000004 C=BSS      S=.bss     G=DGROUP   M=JclSysUtils ACBP=A9
 0002:00004418 00000004 C=BSS      S=.bss     G=DGROUP   M=Snmp     ACBP=A9
 0002:0000441C 00000004 C=BSS      S=.bss     G=DGROUP   M=TlHelp32 ACBP=A9
 0002:00004420 00000004 C=BSS      S=.bss     G=DGROUP   M=PsAPI    ACBP=A9
 0002:00004424 00000004 C=BSS      S=.bss     G=DGROUP   M=JclRegistry ACBP=A9
 0002:00004428 00000004 C=BSS      S=.bss     G=DGROUP   M=JclIniFiles ACBP=A9
 0002:0000442C 00000010 C=BSS      S=.bss     G=DGROUP   M=JclSysInfo ACBP=A9
 0002:0000443C 00000004 C=BSS      S=.bss     G=DGROUP   M=JclShell ACBP=A9
 0002:00004440 00000004 C=BSS      S=.bss     G=DGROUP   M=JclSecurity ACBP=A9
 0002:00004444 00000004 C=BSS      S=.bss     G=DGROUP   M=JclDateTime ACBP=A9
 0002:00004448 00000004 C=BSS      S=.bss     G=DGROUP   M=JclFileUtils ACBP=A9
 0002:0000444C 00000008 C=BSS      S=.bss     G=DGROUP   M=JclRTTI  ACBP=A9
 0002:00004454 00000004 C=BSS      S=.bss     G=DGROUP   M=JclMime  ACBP=A9
 0002:00004458 00000004 C=BSS      S=.bss     G=DGROUP   M=JvPropertyStore ACBP=A9
 0002:0000445C 00000008 C=BSS      S=.bss     G=DGROUP   M=JvAppStorage ACBP=A9
 0002:00004464 00000004 C=BSS      S=.bss     G=DGROUP   M=JvProgressUtils ACBP=A9
 0002:00004468 00000004 C=BSS      S=.bss     G=DGROUP   M=JvJVCLUtils ACBP=A9
 0002:0000446C 00000004 C=BSS      S=.bss     G=DGROUP   M=JvTrayIcon ACBP=A9
 0002:00004470 00000004 C=BSS      S=.bss     G=DGROUP   M=modRichEdit ACBP=A9
 0002:00004474 00000004 C=BSS      S=.bss     G=DGROUP   M=modSCPUtils ACBP=A9
 0002:00004478 00000008 C=BSS      S=.bss     G=DGROUP   M=fMain    ACBP=A9


  Address         Publics by Name

 0002:00003EFC       .01
 0002:00003B9C       .01
 0002:0000445C       .01
 0002:00003E40       .1
 0002:00003E3C       .1
 0002:00003E38       .1
 0002:00003854       .1
 0002:00003724       .1
 0002:00003C9C       .1
 0002:00003C94       .1
 0002:0000443C       .1
 0002:00004428       .1
 0002:00003A84       .1
 0002:00004440       .1
 0002:00003E54       .1
 0002:00003E58       .1
 0002:00003E78       .1
 0002:00003E80       .1
 0002:00004454       .1
 0002:00003E88       .1
 0002:00003F04       .1
 0002:00004464       .1
 0002:00003F08       .1
 0002:00004420       .1
 0002:00003A34       .1
 0002:0000441C       .1
 0002:00004418       .1
 0002:00003BC4       .1
 0002:00003BB4       .1
 0002:00003EC0       .1
 0002:00003EF4       .1
 0002:00003B98       .1
 0002:00003730       .1
 0002:0000372C       .1
 0002:00003B90       .1
 0002:00003B8C       .1
 0002:00003B88       .1
 0002:00003B84       .1
 0002:00003B80       .1
 0002:00003B7C       .1
 0002:00004470       .1
 0002:00003B64       .1
 0002:00003EEC       .1
 0002:0000440C       .1
 0002:00003B30       .1
 0002:00003B1C       .1
 0002:00004474       .1
 0002:00003AF0       .1
 0002:00003E48       .1
 0002:0000371C       .1
 0002:00003E4C       .1
 0002:00003EE8       .11
 0002:00003A8C       .12
 0002:00003B94       .12
 0002:00003EE0       .2
 0002:00003E44       .2
 0002:00003AE8       .2
 0002:0000446C       .2
 0002:00003B34       .2
 0002:00004424       .2
 0002:00003EF8       .2
 0002:0000447C       .2
 0002:0000442C       .2
 0002:00004444       .2
 0002:00003BAC       .2
 0002:00003AEC       .21
 0002:00003F00       .3
 0002:00003EBC       .3
 0002:00003B40       .3
 0002:00003A3C       .3
 0002:00003728       .3
 0002:00003C50       .3
 0002:00003B3C       .3
 0002:00003A48       .35
 0002:00003ED4       .36
 0002:00004458       .4
 0002:0000444C       .4
 0002:00003E8C       .4
 0002:00003E84       .4
 0002:00003EF0       .4
 0002:00003CA4       .41
 0002:00003C6C       .41
 0002:00003E5C       .41
 0002:00004448       .42
 0002:00003B78       .42
 0002:00004414       .5
 0002:000035BC       .5
 0002:00003E74       .5
 0002:00003EE4       .5
 0002:00003CA0       .6
 0002:00004468       .6
 0002:00003A38       .6
 0002:00003BB8       .63
 0002:00003E70       .7
 0002:00003E50       .7
 0002:00004410       .7
 0002:00003EC4       .72
 0002:00003BD4       .72
 0002:00003ED0       .8
 0002:00003C98       .8
 0002:00003C4C       .8
 0002:000038D0       .81
 0002:00003C5C       .9
 0002:00003844       .94
 0001:00001B00       @AbstractError
 0001:00002CA8       @AfterConstruction
 0001:00002AB4       @AsClass
 0001:00001DE4       @Assign
 0001:00001FA4       @AStrCmp
 0001:00002CB8       @BeforeDestruction
 0001:00002844       @BoundErr
 0001:00002B00       @CallDynaInst
 0001:00002C50       @ClassCreate
 0001:00002CA0       @ClassDestroy
 0001:00001EAC       @Close
 0001:000018D4       @Copy
 0001:000043E0       @CopyArray
 0001:000042C4       @CopyRecord
 0001:00004670       @DispCallByIDError
 0001:00003134       @DoneExcept
 0001:00004DAC       @DynArrayAsg
 0001:00004D70       @DynArrayClear
 0001:00004C5C       @DynArrayCopy
 0001:00004C7C       @DynArrayCopyRange
 0001:00004A9C       @DynArrayHigh
 0001:00004A94       @DynArrayLength
 0001:00004C50       @DynArraySetLength
 0001:00002014       @EofText
 0001:0000321C       @ExceptionHandler
 0001:0000204C       @FillChar
 0001:000042B8       @Finalize
 0001:000041CC       @FinalizeArray
 0001:00004198       @FinalizeRecord
 0001:00001EA0       @Flush
 0001:00002838       @FpuInit
 0001:00002774       @FpuMaskInit
 0001:0000175C       @FreeMem
 0001:0000173C       @GetMem
 0001:00005A94       @GetTls
 0001:0000365C       @Halt
 0001:00003584       @Halt0
 0001:00002DCC       @HandleAnyException
 0001:00003080       @HandleFinally
 0001:00002EF8       @HandleOnException
 0001:00005AE0       @InitExe
 0001:00004104       @InitializeArray
 0001:000040D4       @InitializeRecord
 0001:0000342C       @InitImports
 0001:00003404       @InitResStringImports
 0001:00003450       @InitWideStrings
 0001:0000548C       @IntfAddRef
 0001:00005460       @IntfCast
 0001:0000541C       @IntfClear
 0001:00005434       @IntfCopy
 0001:00002A90       @IsClass
 0001:00002744       @isNECWindows
 0001:00003B98       @LStrAddRef
 0001:0000371C       @LStrArrayClr
 0001:0000374C       @LStrAsg
 0001:000039B8       @LStrCat
 0001:000039FC       @LStrCat3
 0001:00003A70       @LStrCatN
 0001:000036F8       @LStrClr
 0001:00003AF4       @LStrCmp
 0001:00003C08       @LStrCopy
 0001:00003C48       @LStrDelete
 0001:00003960       @LStrFromArray
 0001:000038D8       @LStrFromChar
 0001:000038E8       @LStrFromPChar
 0001:000037E8       @LStrFromPCharLen
 0001:00003918       @LStrFromPWChar
 0001:0000384C       @LStrFromPWCharLen
 0001:00003954       @LStrFromString
 0001:00003978       @LStrFromWStr
 0001:00003C90       @LStrInsert
 0001:00003790       @LStrLAsg
 0001:000039B0       @LStrLen
 0001:00003CEC       @LStrPos
 0001:00003D34       @LStrSetLength
 0001:00003BA8       @LStrToPChar
 0001:0000398C       @LStrToString
 0001:000037BC       @NewAnsiString
 0001:00003DC0       @NewWideString
 0001:0000245C       @Pow10
 0001:00001F20       @PStrCmp
 0001:00001F04       @PStrNCpy
 0001:000030E0       @RaiseAgain
 0001:000030B8       @RaiseExcept
 0001:000020A8       @ReadChar
 0001:00002200       @ReadLn
 0001:00002194       @ReadLString
 0001:00002188       @ReadString
 0001:0000177C       @ReallocMem
 0001:00001B74       @ResetText
 0001:00001B80       @RewritText
 0001:00001AD0       @ROUND
 0001:00003668       @RunError
 0001:00002440       @SetEq
 0001:000033C4       @StartExe
 0001:00000330       @strlen
 0001:00001ADC       @TRUNC
 0001:00003164       @TryFinallyExit
 0001:00003C00       @UniqueStringA
 0001:00004870       @ValInt64
 0001:00002230       @ValLong
 0001:000045A0       @VarCast
 0001:00004590       @VarClear
 0001:00004668       @VarClr
 0001:0000464C       @VarCmpEQ
 0001:00004598       @VarCopy
 0001:0000460C       @VarFromBool
 0001:00004624       @VarFromCurr
 0001:00004644       @VarFromDisp
 0001:000045F0       @VarFromInt
 0001:000045F8       @VarFromInt64
 0001:0000463C       @VarFromIntf
 0001:0000462C       @VarFromLStr
 0001:00004614       @VarFromReal
 0001:0000461C       @VarFromTDateTime
 0001:00004634       @VarFromWStr
 0001:00004658       @VarNeg
 0001:00004660       @VarNot
 0001:000045B8       @VarToBool
 0001:000045C8       @VarToCurr
 0001:000045E8       @VarToDisp
 0001:000045A8       @VarToInt
 0001:000045B0       @VarToInt64
 0001:000045E0       @VarToIntf
 0001:000045D0       @VarToLStr
 0001:000045C0       @VarToReal
 0001:000045D8       @VarToWStr
 0001:00002340       @WriteBytes
 0001:00003D98       @WriteLString
 0001:00002394       @WriteSpaces
 0001:00003E00       @WStrArrayClr
 0001:00003E24       @WStrAsg
 0001:00003F60       @WStrCat
 0001:00003DE8       @WStrClr
 0001:00003FC0       @WStrCmp
 0001:00004044       @WStrCopy
 0001:00003F34       @WStrFromLStr
 0001:00003E48       @WStrFromPCharLen
 0001:00003EF8       @WStrFromPWChar
 0001:00003ED4       @WStrFromPWCharLen
 0001:00003F54       @WStrLen
 0001:00004090       @WStrSetLength
 0001:00003F44       @WStrToPWChar
 0001:0000241C       @_CLenToPasStr
 0001:00002410       @_CToPasStr
 0001:000018A4       @_IOTest
 0001:0000469C       @_lldiv
 0001:00004764       @_llmod
 0001:00004678       @_llmul
 0001:00004830       @_llshl
 0001:00004718       @_lludiv
 0001:000047E0       @_llumod
 0001:00004850       @_llushr
 0001:0000B4CC       Abort
 0001:0002E07C       AbortProc
 0001:0003C0BC       AbsMin
 0001:0000B8D4       AbstractErrorHandler
 0002:0000302C       AbstractErrorProc
 0001:00074428       AccCtrl
 0001:00060ED0       accept
 0002:00000128       AccessMode
 0001:0000180C       AcquireExceptionObject
 0001:0001A734       ActivateClassGroup
 0001:00006148       ActivateKeyboardLayout
 0002:00003C08       ActiveDrag
 0001:0001818C       ActiveX
 0001:0004B068       ActnList
 0001:00000454       AddBlockAfter
 0001:000775C0       AddColouredLine
 0001:00077660       AddColourToLine
 0002:000005AC       AddDataModule
 0001:00007840       AddExitProc
 0001:0001E1DC       AddFinished
 0001:0004E45C       AddIn
 0001:000052B0       AddModuleUnloadProc
 0001:000052C0       AddModuleUnloadProc
 0001:0001E214       AddNotFinished
 0001:00022D78       AddThread
 0001:000281B4       AdjustColor
 0001:00037874       AdjustColors
 0001:00007B18       AdjustLineBreaks
 0001:0006C2F4       AdjustLineBreaks
 0001:00055B7C       Adjustment
 0001:00006150       AdjustWindowRectEx
 0002:00000AB0       Alignments
 0002:00000D50       Alignments
 0002:000009EC       Alignments
 0002:00000D60       Alignments
 0002:00000A84       Alignments
 0001:0005CA78       AlignWork
 0001:00041748       AlignWork
 0001:00024560       AllocateHWnd
 0001:0007579C       AllocateHWndEx
 0002:00001910       AllocGranularity
 0001:000077F4       AllocMem
 0002:000035B4       AllocMemCount
 0002:000035B8       AllocMemSize
 0001:0002BC10       AllocPatternBitmap
 0001:00005A3C       AllocTlsBuffer
 0001:00021794       AncestorValid
 0002:00000B3C       AnchorAlign
 0001:00075FD8       AnimateFromTray
 0001:00075F9C       AnimateToTray
 0002:00000B30       AnimateWindowProc
 0002:00000C38       AnimationStyle
 0002:00003F0C       AnsiCaseMap
 0002:000014B4       AnsiCaseMapReady
 0002:0000420C       AnsiCharTypes
 0001:00007A20       AnsiCompareStr
 0001:00007A58       AnsiCompareText
 0001:00008164       AnsiLastChar
 0001:00006158       AnsiLower
 0001:000079EC       AnsiLowerCase
 0001:0000C0F4       AnsiLowerCaseFileName
 0001:0000C0BC       AnsiPos
 0001:000383E4       AnsiReplaceText
 0001:00052B40       AnsiSameCaption
 0001:00007A90       AnsiSameText
 0001:00007AA8       AnsiStrLIComp
 0001:0000C180       AnsiStrPos
 0001:0000C220       AnsiStrRScan
 0001:0000C248       AnsiStrScan
 0001:00005898       AnsiToUtf8
 0001:000079B8       AnsiUpperCase
 0001:00013CA0       AnyOp
 0001:000130CC       AnyToIntf
 0001:00009758       AppendChars
 0001:00009B1C       AppendFormat
 0001:000097BC       AppendNumber
 0001:0000979C       AppendString
 0002:00003C64       Application
 0002:000005BC       ApplicationHandleException
 0002:000005C4       ApplicationShowException
 0002:00000E94       AppVisible
 0002:00001404       Arrangements
 0001:0000B8B8       AssertErrorHandler
 0002:00003024       AssertErrorProc
 0001:000177C4       AssignLongStr
 0001:00017E40       AssignVariant
 0002:0000140C       AutoArrange
 0002:00003608       avail
 0001:00008298       BackfillGetDiskFreeSpaceEx
 0001:0003EC38       BackgroundClipped
 0001:0000D804       BackupVarBoolFromStr
 0001:0000D964       BackupVarBStrFromBool
 0001:0000D884       BackupVarBStrFromCy
 0001:0000D8F4       BackupVarBStrFromDate
 0001:0000D798       BackupVarCyFromStr
 0001:0000D72C       BackupVarDateFromStr
 0001:0000D5E8       BackupVarI4FromStr
 0001:0000D594       BackupVariantChangeTypeEx
 0001:0000D654       BackupVarR4FromStr
 0001:0000D6C0       BackupVarR8FromStr
 0002:00000420       BaseTypeMap
 0001:0001AB08       BeginGlobalLoading
 0001:00006160       BeginPaint
 0001:000036AC       BeginThread
 0001:000281C0       BetterSize
 0001:0004F240       BiDiDraw
 0001:00060ED8       bind
 0001:00022CE4       BinToHex
 0001:00005F40       BitBlt
 0002:0000136C       BitBtnCaptions
 0002:00003E90       BitBtnGlyphs
 0002:00000964       BitmapCanvasList
 0002:00003AA4       BitmapImageLock
 0001:0000D5D0       BiUnimplemented
 0002:00000680       BlockCode
 0002:000035E0       blockDescBlockList
 0002:000035E4       blockDescFreeList
 0002:00000590       BooleanIdents
 0002:0000041C       BooleanToStringRule
 0002:000014B8       Bools
 0001:00007F80       BoolToStr
 0001:00012188       BoolToWStrViaOS
 0002:00000A9C       Borders
 0002:000009B4       BorderStyles
 0002:000013E4       BorderStyles
 0002:00000AA8       BorderStyles
 0002:00000DDC       BorderStyles
 0001:00005C10       Bounds
 0001:00019A50       Bounds
 0002:00000CF8       Breaks
 0002:00003ADC       BrushManager
 0001:00051950       BuildImage
 0002:00000B04       ButtonCaptions
 0002:00000AD8       ButtonNames
 0002:00001968       ButtonNames
 0002:00000D74       Buttons
 0001:00066E44       Buttons
 0002:00000A7C       ButtonStyles
 0001:000279A0       BytesPerScanline
 0001:00027CF8       ByteSwapColors
 0001:0000BE70       ByteToCharIndex
 0001:0000BE48       ByteToCharLen
 0001:0000BE0C       ByteType
 0001:0000BD94       ByteTypeTest
 0001:0002449C       CalcJmpOffset
 0001:00049058       CalcSplitterPos
 0001:00006168       CallNextHookEx
 0001:0000CA48       CallTerminateProcs
 0001:00006170       CallWindowProc
 0001:0003D0DC       CancelDrag
 0002:00003AE0       CanvasList
 0002:00003C1C       CanvasList
 0002:00000AC4       Captions
 0002:00000BF4       CaptureControl
 0002:00000C98       cBooleanToItemAutoFlag
 0002:000004B4       CBooleanToRelationship
 0001:00005C2C       CenterPoint
 0002:00003BAA       CF_COMPONENT
 0002:00003BA8       CF_PICTURE
 0002:000038C8       ChangeAnyProc
 0002:000009CC       CharCases
 0002:00000A30       CharCases
 0001:00003818       CharFromWChar
 0001:000745FC       CharIsLower
 0001:00074610       CharIsUpper
 0001:0000C044       CharLength
 0001:00006178       CharLowerBuff
 0001:00000298       CharNext
 0001:00006180       CharNext
 0001:000261A8       CharsetToIdent
 0001:0000BF58       CharToByteIndex
 0001:0000BFBC       CharToByteLen
 0001:00006188       CharUpperBuff
 0001:00028770       CheckBool
 0001:0006B288       CheckCommonControl
 0001:00062768       CheckError
 0001:00002D48       CheckJmp
 0001:00006190       CheckMenuItem
 0002:00000CE8       Checks
 0001:0006219C       CheckSocketResult
 0001:00022E24       CheckSynchronize
 0001:000555B8       CheckTaskWindow
 0001:00014924       CheckType
 0001:00013D2C       CheckType
 0001:0003CD90       CheckUndock
 0001:0000BD74       CheckWin32Version
 0001:00006198       ChildWindowFromPoint
 0002:000019BC       cHintSize
 0002:000019D0       cInfoFlagValues
 0002:00000438       CInvalidCustomVariantType
 0002:00000C9C       cItemAutoFlagToBoolean
 0002:00000C94       cItemAutoFlagToMenu
 0001:000246E4       Classes
 0001:0001A4F8       ClassNotFound
 0001:00062300       Cleanup
 0002:000038C4       ClearAnyProc
 0001:00025A38       ClearColor
 0001:00066590       ClearExcepInfo
 0001:000751B0       ClearInfoList
 0001:00016AE0       ClearVariantTypeList
 0001:000061A0       ClientToScreen
 0001:000465FC       ClientToWindow
 0002:0000095C       ClipboardFormats
 0001:0003838C       Clipbrd
 0001:00000238       CloseHandle
 0001:00005CB8       CloseHandle
 0001:0002DF18       ClosePrinter
 0001:00060EE0       closesocket
 0002:00003040       CmdLine
 0002:0000303C       CmdShow
 0002:00000C90       cMenuAutoFlagToItem
 0002:000004C0       CmpTypeMap
 0001:0000D5DC       CmpUnimplemented
 0002:000012F4       CoAddRefServerProcess
 0002:000012EC       CoCreateInstanceEx
 0002:00001460       Codes
 0002:000013D4       Codes
 0002:00001304       CoInitFlags
 0001:00018130       CoInitialize
 0002:000012F0       CoInitializeEx
 0001:0001ADC4       CollectionsEqual
 0002:000006DC       Colors
 0001:00025FA0       ColorToIdent
 0001:00025F90       ColorToRGB
 0002:00000EB4       ColorValues
 0002:00001434       ColumnClicks
 0002:00001490       ComboBoxExStyles
 0002:00000A1C       ComboBoxStyles
 0002:0000149C       ComboExStyles
 0002:00003E64       ComClassManagerVar
 0001:00065A40       ComConst
 0002:00003AF4       ComCtl32DLL
 0001:00074140       ComCtrls
 0002:00003C60       CommandPool
 0001:0002C6B8       CommCtrl
 0001:000367B4       CommDlg
 0001:00000734       Commit
 0002:00003624       committedRoot
 0001:00066858       ComObj
 0001:0004DA40       CompareFront
 0001:00007920       CompareMem
 0001:000078F0       CompareStr
 0001:00005CC0       CompareString
 0001:00007940       CompareText
 0001:00007EA8       CompareWith
 0001:0001EBFC       ComponentCreated
 0001:00066D6C       ComStrs
 0001:00060EE8       connect
 0001:00024A08       Consts
 0001:0002C110       Contnrs
 0002:00003BDA       ControlAtom
 0002:00003BE0       ControlAtomString
 0001:0005A360       ControlHasHelp
 0001:00049CF4       Controls
 0002:000013B8       ConversionFormatList
 0002:000005E0       Convert
 0002:000005F0       Convert
 0001:0000B27C       ConvertAddr
 0001:000098AC       ConvertEraString
 0001:000077B8       ConvertError
 0001:000077D0       ConvertErrorFmt
 0001:00070808       ConvertFlags
 0001:00070678       ConvertMask
 0001:0007082C       ConvertStates
 0001:00009A14       ConvertYearString
 0001:00004AA4       CopyArray
 0001:0002924C       CopyBitmap
 0001:00029914       CopyBitmapAsMask
 0001:000298B0       CopyPalette
 0001:000509FC       CopyToBest
 0002:000012F8       CoReleaseServerProcess
 0002:000012FC       CoResumeClassObjects
 0002:00001300       CoSuspendClassObjects
 0001:00018138       CoUninitialize
 0001:0000BEC8       CountChars
 0002:00003ABC       CounterLock
 0002:0000043C       CRangeToType
 0002:00000EA8       crDragAlt
 0001:000755D0       CreateAppStoragePropertyEngineList
 0001:0000B7FC       CreateAssertException
 0001:0000B984       CreateAVObject
 0001:00005F48       CreateBitmap
 0001:00005F50       CreateBrushIndirect
 0001:00005F58       CreateCompatibleBitmap
 0001:00005F60       CreateCompatibleDC
 0001:0001EC7C       CreateComponent
 0001:00005F68       CreateDC
 0001:00005F78       CreateDIBitmap
 0001:00005F70       CreateDIBSection
 0001:00005CC8       CreateEvent
 0001:00005CD0       CreateFile
 0001:00000240       CreateFileA
 0001:00005F80       CreateFontIndirect
 0001:00005F88       CreateHalftonePalette
 0001:00005F90       CreateIC
 0001:000061A8       CreateIcon
 0001:0000B728       CreateInOutError
 0001:000061B0       CreateMenu
 0001:00005F98       CreatePalette
 0001:00005FA0       CreatePenIndirect
 0001:00005CD8       CreatePipe
 0001:000061B8       CreatePopupMenu
 0001:00005CE0       CreateProcess
 0001:00005FA8       CreateSolidBrush
 0001:00027D50       CreateSystemPalette
 0001:00005CE8       CreateThread
 0001:000002A0       CreateThread
 0001:00006720       CreateWindow
 0001:000061C0       CreateWindowEx
 0002:00000ABC       CreationControl
 0002:00000B34       CreationControl
 0002:0000057C       CRelationshipToBoolean
 0002:00000400       CResult
 0002:00000EAC       crMultiDragAlt
 0002:00000EA4       crMultiDragLink
 0002:00000EB0       crMultiDragLinkAlt
 0002:00000120       cSimpleBoolStrs
 0002:00000528       CText
 0002:00000A74       Ctl3DStyles
 0002:00000C30       Ctl3DStyles
 0002:00000524       CTruth
 0002:0000361C       curAlloc
 0001:000149E8       CurrCompare
 0002:0000373C       CurrencyDecimals
 0002:00003738       CurrencyFormat
 0002:00003734       CurrencyString
 0001:00009744       CurrentYear
 0001:000091E0       CurrToStr
 0001:00012120       CurrToWStrViaOS
 0002:00000E18       CursorMap
 0002:00000B44       Cursors
 0001:0003B990       CursorToIdent
 0002:00000E08       cUseAlpha
 0002:00000E10       cUseColorKey
 0002:00001994       cUtilWindowExClass
 0002:000002F8       CVarTypeToElementInfo
 0002:00000160       CWNear
 0001:000149C0       DateCompare
 0001:00013DF0       DateOp
 0002:0000373D       DateSeparator
 0001:0000A338       DateTimeToStr
 0001:0000A2AC       DateTimeToString
 0001:000092DC       DateTimeToTimeStamp
 0001:0000A308       DateToStr
 0001:00012154       DateToWStrViaOS
 0001:00064C50       DateUtils
 0002:00001324       Day
 0001:000096CC       DayOfWeek
 0002:0000015C       DCon10
 0002:000006D8       DDBsOnly
 0001:00024614       DeallocateHWnd
 0001:00075880       DeallocateHWndEx
 0002:00000014       DebugHook
 0002:0000373B       DecimalSeparator
 0001:000163C0       DecIndices
 0001:000096AC       DecodeDate
 0001:00009560       DecodeDateFully
 0001:000093D0       DecodeTime
 0001:000007C8       Decommit
 0001:00000DE4       DecommitFree
 0002:000035F8       decommittedRoot
 0001:0005D63C       Default
 0001:000580B4       Default
 0002:0000000C       Default8087CW
 0002:00000B38       DefaultDockTreeClass
 0001:0006F1E4       DefaultListViewSort
 0002:00000020       DefaultTextLineBreakStyle
 0002:0000092C       DefBrushData
 0002:00001960       DefCompanyName
 0002:000006AC       DefFontData
 0001:000061C8       DefFrameProc
 0002:000001EC       DefLongDayNames
 0002:000001A0       DefLongMonthNames
 0001:000061D0       DefMDIChildProc
 0002:0000090C       DefPenData
 0002:000001D0       DefShortDayNames
 0002:00000170       DefShortMonthNames
 0001:000061D8       DefWindowProc
 0001:00004E04       DelayLoadResourceModule
 0001:00000484       DeleteBlock
 0001:000003F4       DeleteCriticalSection
 0001:00005CF0       DeleteCriticalSection
 0001:00005FB0       DeleteDC
 0001:00000C2C       DeleteFree
 0001:000061E0       DeleteMenu
 0001:00005FB8       DeleteObject
 0001:000353C8       DeleteSelectedText
 0001:0007518C       DeleteType
 0001:00028E08       DeselectBitmap
 0001:000755E4       DestroyAppStoragePropertyEngineList
 0001:000061E8       DestroyCursor
 0001:000061F0       DestroyIcon
 0001:00066D74       DestroyLocals
 0001:000061F8       DestroyMenu
 0001:00006200       DestroyWindow
 0001:00038F90       DialogEnumerationTester
 0001:00038324       Dialogs
 0002:00000968       DIBPalSizes
 0002:0000007C       dig
 0002:0000144C       Directions
 0001:0005540C       DisableTaskWindows
 0001:00065FA4       DispatchInvoke
 0001:00066584       DispatchInvokeError
 0001:00006208       DispatchMessage
 0001:0005B5C8       DispatchShortCut
 0001:000665A0       DispCall
 0001:00066684       DispCallByID
 0002:00003000       DispCallByIDProc
 0001:000664B0       DispCallError
 0001:0000779C       DivMod
 0001:00037CEC       Dlgs
 0001:000415D8       DoAlign
 0001:0005C92C       DoAlign
 0001:00045578       DoCalcConstraints
 0002:00003C10       DockSiteList
 0001:0005161C       DoClick
 0001:00042C60       DoControlMsg
 0001:0002DF20       DocumentProperties
 0001:000553BC       DoDisableWindow
 0001:0003C6BC       DoDragOver
 0001:00007814       DoExitProc
 0001:0004732C       DoFindControlZone
 0001:000554F8       DoFindWindow
 0001:000478B8       DoFindZone
 0001:000473B0       DoForEach
 0001:00048CBC       DoGetNextLimit
 0001:00055384       DoneApplication
 0001:00049A1C       DoneControls
 0001:0000BCB0       DoneExceptions
 0001:000599BC       DoNestedActivation
 0001:0005C77C       DoPosition
 0001:00041198       DoPosition
 0001:000482E4       DoPrune
 0001:00037334       DoRect
 0001:000487BC       DoSaveZone
 0001:000489C0       DoSetNewBounds
 0002:00000598       DotSep
 0001:0004C1A4       DoWrite
 0001:000289C8       DoWrite
 0001:0001C310       DoWrite
 0001:000422D0       DoWriteDesignSize
 0001:0003FD70       DoWriteIsControl
 0002:00003BF4       DragCapture
 0002:00003BE8       DragControl
 0001:0003CE04       DragDone
 0001:0003C66C       DragFindTarget
 0001:0003C640       DragFindWindow
 0002:00003C0C       DragImageList
 0001:0003CA5C       DragInit
 0001:0003CBCC       DragInitControl
 0002:00003BF0       DragInternalObject
 0001:0003C5A0       DragMessage
 0002:00003BEC       DragObject
 0002:00003C18       DragSave
 0002:00003C00       DragSaveCursor
 0002:00003BF8       DragStartPos
 0002:00003C04       DragThreshold
 0001:0003C78C       DragTo
 0001:00006210       DrawAnimatedRects
 0001:0005D678       DrawAppIcon
 0002:00001964       DrawBitmap
 0001:00047E50       DrawCloseButton
 0001:00006218       DrawEdge
 0001:00006220       DrawFocusRect
 0001:00006228       DrawFrameControl
 0001:00047EA8       DrawGrabberLine
 0001:00006230       DrawIcon
 0001:00006238       DrawIconEx
 0002:00000C6C       DrawingStyles
 0001:00006240       DrawMenuBar
 0001:0005295C       DrawMenuItem
 0001:00006248       DrawText
 0001:00062ED4       DropStream
 0001:00027820       DupBits
 0001:0001636C       DynArrayBounds
 0001:00004ABC       DynArrayClear
 0001:000162E4       DynArrayDim
 0001:000162C8       DynArrayElTypeInfo
 0001:000167EC       DynArrayFromVariant
 0001:00016288       DynArrayIndex
 0001:00004AC4       DynArraySetLength
 0001:000162FC       DynArraySize
 0001:000164CC       DynArrayToVariant
 0001:0001642C       DynArrayVariantBounds
 0001:00016484       DynArrayVarType
 0002:00000D58       EdgeStyle
 0002:00000A64       EdgeStyles
 0002:00000C20       EdgeStyles
 0002:000013EC       EditStyles
 0001:0000B6FC       EHeapException.FreeInstance
 0002:000009E8       Empty
 0002:000013BC       Empty
 0001:00014828       EmptyCompare
 0001:000141E0       EmptyOp
 0002:000038B0       EmptyParam
 0002:000000A4       EmptyStr
 0002:000000A8       EmptyWideStr
 0001:00006250       EnableMenuItem
 0002:00000CF0       Enables
 0001:00006258       EnableScrollBar
 0001:000554C0       EnableTaskWindows
 0001:00006260       EnableWindow
 0001:00009530       EncodeDate
 0001:00009390       EncodeTime
 0001:00005FC0       EndDoc
 0001:0001AB90       EndGlobalLoading
 0001:00005FC8       EndPage
 0001:00006268       EndPaint
 0001:000036F0       EndThread
 0001:00005CF8       EnterCriticalSection
 0001:000003E4       EnterCriticalSection
 0001:00005D00       EnumCalendarInfoA
 0002:00003B18       EnumDisplayMonitors
 0001:0000AEF0       EnumEraNames
 0001:0000AF2C       EnumEraYearOffsets
 0001:000585B0       EnumMonitorsProc
 0001:0002DF28       EnumPrinters
 0001:00006270       EnumThreadWindows
 0001:00006278       EnumWindows
 0001:00065CD4       EOleException.Create
 0001:00065C04       EOleSysError.Create
 0001:00006280       EqualRect
 0002:00003804       EraNames
 0001:0000A5B0       EraToYear
 0002:00003820       EraYearOffsets
 0002:00000074       errCaption
 0001:0001DD68       Error
 0001:0004D790       Error
 0001:00001898       Error
 0001:0001A0BC       Error
 0002:00000004       ErrorAddr
 0001:0000184C       ErrorAt
 0001:0000B7A8       ErrorHandler
 0002:00000208       ErrorMap
 0002:00003008       ErrorProc
 0002:000033E8       ErrOutput
 0001:0007790C       EvaluateProperty
 0001:000017EC       ExceptAddr
 0002:0000300C       ExceptClsProc
 0001:0000BC1C       ExceptHandler
 0001:0000B528       Exception.Create
 0001:0000B564       Exception.CreateFmt
 0001:0000B6B4       Exception.CreateHelp
 0001:0000B5E4       Exception.CreateRes
 0001:0000B620       Exception.CreateResFmt
 0002:0000301C       ExceptionClass
 0001:0000B288       ExceptionErrorMessage
 0002:00000240       ExceptMap
 0001:000017CC       ExceptObject
 0002:00003010       ExceptObjProc
 0002:00003004       ExceptProc
 0001:00005FD0       ExcludeClipRect
 0002:00000000       ExitCode
 0001:000034C8       ExitDll
 0002:00003048       ExitProc
 0001:000002B0       ExitProcess
 0002:00003028       ExitProcessProc
 0002:0000011C       ExitProcList
 0001:000002A8       ExitThread
 0001:00066F60       ExtActns
 0001:00037C98       ExtCtrls
 0001:00066E9C       ExtDlgs
 0001:00008250       ExtractFileExt
 0001:00008218       ExtractFileName
 0001:000081E4       ExtractFilePath
 0001:00005FD8       ExtTextOut
 0002:00003840       FalseBoolStrs
 0002:00003BB0       FClipboard
 0002:00000150       FCon1E18
 0001:00060EB8       FD_SET
 0001:00060EC8       FD_ZERO
 0001:0002E030       FetchStr
 0001:000080EC       FileAge
 0001:000080E4       FileClose
 0001:00008028       FileCreate
 0001:0000804C       FileCreate
 0001:00008154       FileExists
 0002:00000960       FileFormats
 0002:00000008       FileMode
 0001:00001BC8       FileNOPProc
 0001:00007FCC       FileOpen
 0001:00008054       FileRead
 0002:000005D4       FilerSignature
 0001:000080AC       FileSeek
 0001:00005D08       FileTimeToDosDateTime
 0001:00005D10       FileTimeToLocalFileTime
 0001:00008080       FileWrite
 0001:00000D14       FillAfterGap
 0001:00000CC0       FillBeforeGap
 0001:00000DAC       FillerSizeAfterGap
 0001:00000D3C       FillerSizeBeforeGap
 0001:00006288       FillRect
 0001:00005940       Finalization
 0001:000649D4       Finalization
 0001:000752A0       Finalization
 0001:00064A40       Finalization
 0001:000778D4       Finalization
 0001:0004C82C       Finalization
 0001:00064B58       Finalization
 0001:000744B4       Finalization
 0001:00074470       Finalization
 0001:000752FC       Finalization
 0001:0004B038       Finalization
 0001:000754B4       Finalization
 0001:00064C20       Finalization
 0001:00049C8C       Finalization
 0001:0001815C       Finalization
 0001:00064ED8       Finalization
 0001:00077580       Finalization
 0001:0003662C       Finalization
 0001:0003666C       Finalization
 0001:000755F8       Finalization
 0001:00074510       Finalization
 0001:000382C8       Finalization
 0001:000366A4       Finalization
 0001:00005B24       Finalization
 0001:00065660       Finalization
 0001:000366DC       Finalization
 0001:00075640       Finalization
 0001:00005C58       Finalization
 0001:00036714       Finalization
 0001:000740C8       Finalization
 0001:00074874       Finalization
 0001:000180A4       Finalization
 0001:0002C0E0       Finalization
 0001:0007483C       Finalization
 0001:0003674C       Finalization
 0001:000779E8       Finalization
 0001:0002BC48       Finalization
 0001:000659B8       Finalization
 0001:0002BE28       Finalization
 0001:00036784       Finalization
 0001:00037C68       Finalization
 0001:00037CBC       Finalization
 0001:00065A10       Finalization
 0001:000667D8       Finalization
 0001:000668B0       Finalization
 0001:0006499C       Finalization
 0001:00075104       Finalization
 0001:00066900       Finalization
 0001:00064964       Finalization
 0001:0000D36C       Finalization
 0001:00074FE0       Finalization
 0001:0002C688       Finalization
 0001:00066C00       Finalization
 0001:00016F30       Finalization
 0001:00061380       Finalization
 0001:00066CA4       Finalization
 0001:000172F8       Finalization
 0001:00060F90       Finalization
 0001:0002F1D0       Finalization
 0001:00066CDC       Finalization
 0001:00074148       Finalization
 0001:00078D38       Finalization
 0001:00066D3C       Finalization
 0001:00074180       Finalization
 0001:00074438       Finalization
 0001:00038350       Finalization
 0001:00038434       Finalization
 0001:0002CE08       Finalization
 0001:00060E68       Finalization
 0001:00052C3C       Finalization
 0001:00074804       Finalization
 0001:000747CC       Finalization
 0001:00074794       Finalization
 0001:0005FE5C       Finalization
 0001:0005F8B0       Finalization
 0001:00074744       Finalization
 0001:0002CE48       Finalization
 0001:000741B8       Finalization
 0001:00066E0C       Finalization
 0001:000746D8       Finalization
 0001:00078D00       Finalization
 0001:00074FA8       Finalization
 0001:0000DECC       Finalization
 0001:0002DED0       Finalization
 0001:00074EFC       Finalization
 0001:00075964       Finalization
 0001:0002EEAC       Finalization
 0001:00074F64       Finalization
 0001:0000684C       Finalization
 0001:0003859C       Finalization
 0001:00074388       Finalization
 0001:0002463C       Finalization
 0001:00066E6C       Finalization
 0001:00074644       Finalization
 0001:000746A0       Finalization
 0001:000743C0       Finalization
 0001:00066EB8       Finalization
 0001:000391C0       Finalization
 0001:00006884       Finalization
 0001:0002DF38       Finalization
 0001:00006BD4       Finalization
 0001:00066F10       Finalization
 0001:000249D8       Finalization
 0001:00068A28       Finalization
 0001:000743F8       Finalization
 0001:00004AB4       FinalizeArray
 0001:00074D58       FinalizeSysInfo
 0001:00003304       FinalizeUnits
 0001:000513DC       Find
 0001:00020F04       FindAncestor
 0001:00004E74       FindBS
 0001:0001A5B8       FindClass
 0001:00004DFC       FindClassHInstance
 0001:00005D18       FindClose
 0001:000002C0       FindClose
 0001:00000C90       FindCommitted
 0001:0003B790       FindControl
 0001:00047AE4       FindControlAtPos
 0001:00016E40       FindCustomVariantType
 0001:00016D88       FindCustomVariantType
 0001:0003D128       FindDragTarget
 0001:0001EE2C       FindExistingComponent
 0001:000002C8       FindFirstFile
 0001:00005D20       FindFirstFile
 0001:00055604       FindGlobalComponent
 0001:0001AA20       FindGlobalComponent
 0002:00003A54       FindGlobalComponentProcs
 0001:00004DD4       FindHInstance
 0001:0001A8C8       FindIdentToInt
 0001:0001A84C       FindIntToIdent
 0002:00003BA4       FindMsg
 0001:0001E114       FindNestedComponent
 0001:0004D758       FindPopupControl
 0001:0000DB94       FindProc
 0001:00005D28       FindResource
 0001:00004E4C       FindResourceHInstance
 0001:0005F118       FindScanline
 0001:0005555C       FindTopMostWindow
 0001:0001FC9C       FindUniqueName
 0001:00015BD0       FindVarData
 0001:0003D0F4       FindVCLWindow
 0001:00006290       FindWindow
 0001:00006298       FindWindowEx
 0001:00038FE8       FindWinHelp
 0001:00029200       FixupBitFields
 0002:00000D68       Flags
 0002:00003850       FLanguages
 0001:0002F200       FlatSB
 0002:00003B44       FlatSB_EnableScrollBar
 0002:00003B50       FlatSB_GetScrollInfo
 0002:00003B54       FlatSB_GetScrollPos
 0002:00003B4C       FlatSB_GetScrollRange
 0002:00003B5C       FlatSB_SetScrollInfo
 0002:00003B58       FlatSB_SetScrollPos
 0001:0002EEF0       FlatSB_SetScrollProp
 0002:00003B60       FlatSB_SetScrollRange
 0002:00003B48       FlatSB_ShowScrollBar
 0001:00008E70       FloatToDecimal
 0001:000091B0       FloatToStr
 0001:00008B98       FloatToText
 0001:00001E94       Flush
 0001:00078D30       fMain
 0002:00000164       FMSecsPerDay
 0001:00008A94       FmtStr
 0002:00000D80       FocusCount
 0002:00000D7C       FocusMessages
 0002:0000087C       FontCharsets
 0002:00003AD4       FontManager
 0001:000555D8       ForegroundTask
 0002:0000016C       Format
 0001:00008A80       Format
 0001:000085EC       FormatBuf
 0001:000085E0       FormatClearStr
 0001:00008574       FormatError
 0002:00000148       FormatErrorStrs
 0001:00005D30       FormatMessage
 0001:000085CC       FormatVarToStr
 0001:0005F90C       Forms
 0001:00002454       FPower10
 0002:000009B0       FPrinter
 0001:000373F8       Frame3D
 0001:000062A0       FrameRect
 0001:0000CF4C       FreeAndNil
 0001:000009FC       FreeCommitted
 0001:00000F1C       FreeCurAlloc
 0001:0003D1E8       FreeDeviceContext
 0001:0003D2A4       FreeDeviceContexts
 0001:00024408       FreeIntConstList
 0001:000002D0       FreeLibrary
 0001:00005D38       FreeLibrary
 0001:00028D5C       FreeMemoryContexts
 0001:0002453C       FreeObjectInstance
 0001:00005D40       FreeResource
 0001:0000067C       FreeSpace
 0001:0000CA64       FreeTerminateProcs
 0001:0007513C       FreeTypeData
 0002:00003EDC       FRichEditModule
 0002:00004478       frmMain
 0001:00027810       GDICheck
 0001:00027768       GDIError
 0001:00005D48       GetACP
 0001:000062A8       GetActiveWindow
 0001:0005CE08       GetAnimation
 0001:00066B78       GetAnimation
 0001:00005FE0       GetBitmapBits
 0001:000003FC       GetBlockDesc
 0001:00005FE8       GetBrushOrgEx
 0001:000062B0       GetCapture
 0001:0003BA38       GetCaptureControl
 0001:0001A564       GetClass
 0001:000062B8       GetClassInfo
 0001:000062C0       GetClassName
 0001:000062C8       GetClientRect
 0001:00005FF0       GetClipBox
 0001:00000398       GetCmdShow
 0001:0004B288       GetColor
 0001:000002D8       GetCommandLine
 0001:00000848       GetCommitted
 0001:000008D8       GetCommittedAt
 0001:00021D4C       GetComponentValue
 0001:00042814       GetControlAtPos
 0001:00009808       GetCount
 0001:00005D50       GetCPInfo
 0001:00005FF8       GetCurrentPositionEx
 0001:00005D58       GetCurrentProcessId
 0001:00000390       GetCurrentThreadId
 0001:00005D60       GetCurrentThreadId
 0001:00006678       GetCurrentTime
 0001:000062D0       GetCursor
 0001:0005F128       GetCursorHeightMargin
 0001:000062D8       GetCursorPos
 0001:00009834       GetDate
 0001:00005D68       GetDateFormat
 0001:0000A4C8       GetDateOrder
 0001:000062E0       GetDC
 0001:000062E8       GetDCEx
 0001:00006000       GetDCOrgEx
 0001:0002B858       GetDefFontCharSet
 0001:0001B8C0       GetDesigner
 0001:000062F0       GetDesktopWindow
 0001:00006018       GetDeviceCaps
 0001:00028758       GetDIB
 0001:00006008       GetDIBColorTable
 0001:00006010       GetDIBits
 0001:000286A0       GetDIBSizes
 0001:00027980       GetDInColors
 0001:00005D70       GetDiskFreeSpaceA
 0002:00000118       GetDiskFreeSpaceEx
 0001:00048D9C       GetDockAlign
 0001:0003C3E4       GetDockSiteAtPos
 0001:000062F8       GetDoubleClickTime
 0001:0003C6F8       GetDropCtl
 0001:00002AD0       GetDynaMethod
 0001:00017368       GetEnumName
 0001:0001745C       GetEnumNameValue
 0001:000174A8       GetEnumValue
 0001:0000AFA4       GetEraNamesAndYearOffsets
 0001:0000A55C       GetEraYearOffset
 0001:00018148       GetErrorInfo
 0001:0000B96C       GetExceptionClass
 0001:0000BB50       GetExceptionObject
 0001:00005D78       GetExitCodeProcess
 0001:00005D80       GetExitCodeThread
 0001:0001A4EC       GetFieldClassTable
 0001:00000250       GetFileSize
 0001:00000248       GetFileType
 0001:00066A1C       GetFileVersion
 0001:00005F28       GetFileVersionInfo
 0001:00005F30       GetFileVersionInfoSize
 0001:00017B30       GetFloatProp
 0001:00006300       GetFocus
 0001:000261C8       GetFontData
 0001:00006308       GetForegroundWindow
 0001:0000C4E8       GetFormatSettings
 0001:00025734       GetHashCode
 0001:0005A398       GetHelpInfo
 0001:0002D2DC       GetHelpSystem
 0001:0005CBEC       GetHint
 0001:0005CC24       GetHintControl
 0001:00060F48       gethostbyname
 0001:00052ADC       GetHotkey
 0001:00006310       GetIconInfo
 0001:0006631C       GetIDsOfNames
 0001:00017F4C       GetInt64Prop
 0001:00017FB0       GetInterfaceProp
 0001:00006328       GetKeyboardLayout
 0001:00006330       GetKeyboardLayoutList
 0001:00006338       GetKeyboardState
 0001:0000273C       GetKeyboardType
 0001:00006318       GetKeyNameText
 0001:00006320       GetKeyState
 0001:00006340       GetLastActivePopup
 0001:00047064       GetLastChildZone
 0001:000002E0       GetLastError
 0001:00005D88       GetLastError
 0001:0006EE40       GetLength
 0001:0000AD68       GetLocaleChar
 0001:000002E8       GetLocaleInfo
 0001:00005D98       GetLocaleInfo
 0001:0000AD1C       GetLocaleStr
 0001:00005D90       GetLocalTime
 0001:0003B9F4       GetLongHint
 0001:000177D8       GetLongStrProp
 0001:00006348       GetMenu
 0001:0005A320       GetMenuHelpContext
 0001:00006350       GetMenuItemCount
 0001:00006358       GetMenuItemID
 0001:00006360       GetMenuItemInfo
 0001:0004FC28       GetMenuSize
 0001:00006368       GetMenuState
 0001:00006370       GetMenuString
 0001:00006378       GetMessagePos
 0001:00017ED4       GetMethodProp
 0001:00005DA0       GetModuleFileName
 0001:000002F0       GetModuleFileName
 0001:00005A1C       GetModuleHandle
 0001:000002F8       GetModuleHandle
 0001:00005DA8       GetModuleHandle
 0001:00075018       GetModulePath
 0002:00003B0C       GetMonitorInfo
 0002:00003B10       GetMonitorInfoA
 0002:00003B14       GetMonitorInfoW
 0001:0000ADCC       GetMonthDayNames
 0001:00074AB8       GetNativeSystemInfo
 0001:00006380       GetNextWindow
 0001:00006020       GetObject
 0001:00017600       GetOrdProp
 0001:00006028       GetPaletteEntries
 0001:00001978       GetParamStr
 0001:00006388       GetParent
 0001:000557D0       GetParentForm
 0001:00006030       GetPixel
 0001:00005DB0       GetPrivateProfileString
 0001:00000300       GetProcAddress
 0001:00005DB8       GetProcAddress
 0001:00005DC0       GetProfileString
 0001:00006390       GetProp
 0001:0001750C       GetPropInfo
 0001:0001757C       GetPropInfos
 0001:00055C90       GetRealScrollPosition
 0001:0004B268       GetRGBColor
 0001:00006398       GetScrollInfo
 0001:000063A0       GetScrollPos
 0001:000063A8       GetScrollRange
 0001:00060F50       getservbyname
 0001:00066B04       GetShellVersion
 0001:0003B9B0       GetShortHint
 0001:000176D0       GetShortStrProp
 0001:00017768       GetShortStrPropAsLongStr
 0001:00060EF0       getsockopt
 0001:000005A0       GetSpace
 0001:00000604       GetSpaceAt
 0001:0004D7E8       GetSpecialName
 0001:00000308       GetStartupInfo
 0001:00005DC8       GetStartupInfo
 0001:00000258       GetStdHandle
 0001:00005DD0       GetStdHandle
 0001:00006038       GetStockObject
 0001:00005DD8       GetStringTypeEx
 0001:00005DE0       GetStringTypeExA
 0001:00017908       GetStrProp
 0001:000063B0       GetSubMenu
 0001:000063B8       GetSysColor
 0001:00005DE8       GetSystemInfo
 0001:000063C0       GetSystemMenu
 0002:00003AFC       GetSystemMetrics
 0001:000063C8       GetSystemMetrics
 0001:00006040       GetSystemPaletteEntries
 0001:00006048       GetTextExtentPoint32
 0001:00006050       GetTextMetrics
 0001:00000310       GetThreadLocale
 0001:00005DF0       GetThreadLocale
 0001:00005DF8       GetTickCount
 0001:0000986C       GetTime
 0001:00005A48       GetTlsSize
 0001:0005D3AC       GetTopMostWindows
 0001:0003BB40       GetTopParent
 0001:000063D0       GetTopWindow
 0001:00075F58       GetTrayHandle
 0001:0001735C       GetTypeData
 0001:000063D8       GetUpdateRect
 0001:00015F04       GetVarArray
 0001:00015DC0       GetVarDataArrayInfo
 0001:00004568       GetVariantManager
 0001:00017E54       GetVariantProp
 0001:00005E00       GetVersion
 0001:00074430       GetVersionEx
 0001:00005E08       GetVersionEx
 0001:00017974       GetWideStrProp
 0001:00017858       GetWideStrPropAsLongStr
 0001:000063E0       GetWindow
 0001:000063E8       GetWindowDC
 0001:000063F0       GetWindowLong
 0001:00006058       GetWindowOrgEx
 0001:000063F8       GetWindowPlacement
 0001:00006400       GetWindowRect
 0001:000748CC       GetWindowsVersion
 0001:00006408       GetWindowText
 0001:00006410       GetWindowThreadProcessId
 0001:00006418       GetWindowThreadProcessId
 0002:000019C4       GKernel32Handle
 0001:00005E10       GlobalAddAtom
 0001:00005E18       GlobalAlloc
 0001:00006684       GlobalAllocPtr
 0001:00005E20       GlobalDeleteAtom
 0001:00005E28       GlobalFindAtom
 0002:00003A58       GlobalFixupList
 0001:0001E25C       GlobalFixupReferences
 0001:00005E30       GlobalFree
 0001:000066B0       GlobalFreePtr
 0001:00005E40       GlobalHandle
 0001:00005E38       GlobalLock
 0002:00003A40       GlobalNameSpace
 0001:00005E48       GlobalReAlloc
 0001:00006694       GlobalReAllocPtr
 0001:00005E50       GlobalUnlock
 0002:00003980       GOldVariantManager
 0001:0002BD1C       Graphics
 0001:000741E8       Grids
 0001:0001A6E0       GroupDescendentsWith
 0002:000019C8       GTriedLoadKernel32Dll
 0002:0000059C       GUID_NULL
 0002:000038D4       GVariantManager
 0001:0000EA3C       HandleConversionException
 0001:0001F4F4       HandleException
 0001:000766E4       HasDoubleClickFunctionality
 0001:00032890       HasPopup
 0001:0003539C       HasSelectedText
 0001:00076688       HasSingleClickFunctionality
 0002:00000010       HeapAllocFlags
 0002:000035C4       heapErrorCode
 0002:000035C8       heapLock
 0001:0002DF10       HelpIntfs
 0002:00003B38       HelpManager
 0002:00003BA0       HelpMsg
 0002:00003BC8       HelpViewer
 0002:00000114       HexDisplayPrefix
 0001:00022D20       HexToBin
 0001:000777CC       HexToColor
 0002:000013C0       HideScrollBars
 0002:000013FC       HideSelections
 0002:000009D8       HideSelections
 0002:000013C8       HideSelections
 0001:00048E18       HideZone
 0002:00003718       HInstance
 0002:00003C78       HintDoneEvent
 0001:0005CCF4       HintGetMsgHook
 0002:00003C7C       HintHook
 0001:0005CC98       HintMouseThread
 0002:00003C80       HintThread
 0002:00003C74       HintThreadID
 0001:0005CC44       HintTimerProc
 0002:00000D78       HintWindowClass
 0001:00006674       HiWord
 0001:0005CD38       HookHintHooks
 0001:00060EF8       htons
 0001:00006754       HwndMSWheel
 0002:00001478       IAlignment
 0002:00000D0C       IBreaks
 0002:00000D18       IChecks
 0002:00000D20       IDefaults
 0001:000261B8       IdentToCharset
 0001:00025FB0       IdentToColor
 0001:0003B9A0       IdentToCursor
 0001:0001A944       IdentToInt
 0002:00000D28       IEnables
 0001:000509CC       IfHotkeyAvailable
 0002:0000191C       IgnorePropertyList
 0001:0002C1CC       ImageList_Add
 0001:0002C1EC       ImageList_AddIcon
 0001:0002C21C       ImageList_BeginDrag
 0001:0002C1B4       ImageList_Create
 0001:0002C1BC       ImageList_Destroy
 0001:0002C22C       ImageList_DragEnter
 0001:0002C234       ImageList_DragLeave
 0001:0002C23C       ImageList_DragMove
 0001:0002C24C       ImageList_DragShowNolock
 0001:0002C1FC       ImageList_Draw
 0001:0002C204       ImageList_DrawEx
 0001:0002C224       ImageList_EndDrag
 0001:0002C1E4       ImageList_GetBkColor
 0001:0002C254       ImageList_GetDragImage
 0001:0002C214       ImageList_GetIcon
 0001:0002C26C       ImageList_GetIconSize
 0001:0002C1C4       ImageList_GetImageCount
 0001:0002C25C       ImageList_Read
 0001:0002C20C       ImageList_Remove
 0001:0002C1D4       ImageList_ReplaceIcon
 0001:0002C1DC       ImageList_SetBkColor
 0001:0002C244       ImageList_SetDragCursorImage
 0001:0002C274       ImageList_SetIconSize
 0001:0002C264       ImageList_Write
 0002:00000C7C       Images
 0001:0004C85C       ImgList
 0001:0002CE78       Imm
 0002:00000C60       IMM32DLL
 0001:00049A08       Imm32IsIME
 0002:00000168       IMSecsPerDay
 0001:0000EEC4       InBounds
 0001:0000EB28       InBounds
 0001:0000EEF4       Increment
 0001:0000EB58       Increment
 0001:0002C1F8       IndexToOverlayMask
 0001:0002C2C0       IndexToStateImageMask
 0001:00060F00       inet_addr
 0001:00006420       InflateRect
 0002:000014C0       InfMantissa
 0001:00060EB0       IniFiles
 0001:00000A88       InitAllocator
 0001:0002C6C0       InitAnApi
 0002:00003B24       InitApis
 0001:0002C120       InitComCtl
 0001:0006B25C       InitCommonControl
 0001:0002C118       InitCommonControls
 0001:0002C180       InitCommonControlsEx
 0001:00066760       InitComObj
 0001:0001ABEC       InitComponent
 0002:00003634       InitContext
 0001:00049AA4       InitControls
 0001:0002B89C       InitDefFontData
 0001:0000CA84       InitDriveSpacePtr
 0001:0000BC2C       InitExceptions
 0001:0002EF4C       InitFlatSB
 0001:00038174       InitGlobals
 0001:00028558       InitializeBitmapInfoHeader
 0001:000003DC       InitializeCriticalSection
 0001:00005E58       InitializeCriticalSection
 0002:000035C0       initialized
 0001:0002EF24       InitializeFlatSB
 0001:00005AD4       InitializeModule
 0001:00005C90       InitializeSecurityDescriptor
 0001:0000DBC0       InitializeVarUtils
 0001:000496A8       InitIMM32
 0001:0001AC94       InitInheritedComponent
 0001:0000C2FC       InitLeadBytes
 0001:0002CD9C       InitMultiMonStubs
 0001:0000BD1C       InitPlatformId
 0002:00003044       InitProc
 0001:0005F824       InitProcs
 0001:00075888       InitScreenCursors
 0001:0002B820       InitScreenLogPixels
 0001:00074B7C       InitSysInfo
 0001:0000C374       InitSysLocale
 0001:00005A50       InitThreadTLS
 0001:00003364       InitUnits
 0001:00004548       InitVariantManager
 0001:0003B6A8       InitWndProc
 0002:00000C00       InnerStyles
 0002:00000A44       InnerStyles
 0002:00003050       Input
 0001:0004110C       InsertBefore
 0001:0005C71C       InsertBefore
 0001:00000E94       InsertFree
 0001:00050A80       InsertHotkeyFarEastFormat
 0001:00006428       InsertMenu
 0001:00006430       InsertMenuItem
 0002:00003A7C       InstBlockList
 0002:00003A80       InstFreeList
 0001:0001495C       Int64Compare
 0001:00013F58       Int64Op
 0001:00014948       IntCompare
 0002:00003A4C       IntConstList
 0002:00001510       IntelCacheDescription
 0001:0000CAEC       InterlockedDecrement
 0001:00000388       InterlockedDecrement
 0001:0000CAF8       InterlockedExchange
 0001:0000CB00       InterlockedExchangeAdd
 0001:00000380       InterlockedIncrement
 0001:0000CAE0       InterlockedIncrement
 0001:00001C08       InternalClose
 0001:000256C0       InternalDeletePalette
 0001:00001E4C       InternalFlush
 0001:00000CF0       InternalFreeMem
 0001:000286A8       InternalGetDIB
 0001:0002863C       InternalGetDIBSizes
 0001:0001AA84       InternalReadComponentRes
 0001:00003BB4       InternalUniqueString
 0001:00006060       IntersectClipRect
 0001:00005B80       IntersectRect
 0001:00006438       IntersectRect
 0001:00013E4C       IntOp
 0001:00007D48       IntToHex
 0001:0001A984       IntToIdent
 0001:00007D14       IntToStr
 0001:00007CE4       IntToStr
 0001:00006440       InvalidateRect
 0001:000276FC       InvalidBitmap
 0001:000276E4       InvalidGraphic
 0001:00027708       InvalidIcon
 0001:000276CC       InvalidOperation
 0001:00019A8C       InvalidPoint
 0001:00019A78       InvalidPoint
 0002:0000384C       InvalidPointer
 0001:00002988       InvokeImplGetter
 0001:00060F08       ioctlsocket
 0001:00001918       IOResult
 0002:00000D48       IOwnerDraw
 0002:00000D30       IRadios
 0002:00000D40       IRTL
 0001:00055760       IsAccel
 0001:00051C30       IsAccelChar
 0001:00075EB4       IsApplicationMinimized
 0001:0003C19C       IsBeforeTargetWindow
 0001:00006448       IsChild
 0002:0000304C       IsConsole
 0001:00021C40       IsDefault
 0001:00021EBC       IsDefault
 0001:00022478       IsDefaultValue
 0001:00022340       IsDefaultValue
 0001:0002214C       IsDefaultValue
 0001:00021BA8       IsDefaultValue
 0001:00021B04       IsDefaultValue
 0001:000219D4       IsDefaultValue
 0001:0003C5F8       IsDelphiHandle
 0001:00006450       IsDialogMessage
 0001:00016304       IsDynArrayRectangular
 0002:00000D38       ISeparators
 0001:00006458       IsIconic
 0001:00051C8C       IsInitialChar
 0001:0000942C       IsLeapYear
 0002:00003038       IsLibrary
 0002:0000304D       IsMultiThread
 0001:00046AC8       IsOrientationSet
 0001:00006460       IsRectEmpty
 0001:00005BE0       IsRectEmpty
 0001:0003C3A0       IsSiteChildOfClient
 0001:000175D0       IsStoredProp
 0001:0001AA60       IsUniqueGlobalComponentName
 0002:00003A44       IsUniqueGlobalComponentNameProc
 0001:00007C80       IsValidIdent
 0001:0000C35C       IsWesternGroup
 0002:000014FC       IsWin2003
 0002:00001504       IsWin2003R2
 0002:000014F4       IsWin2K
 0002:000014C8       IsWin95
 0002:000014CC       IsWin95OSR2
 0002:000014D0       IsWin98
 0002:000014D4       IsWin98SE
 0001:00006468       IsWindow
 0001:00006470       IsWindowEnabled
 0001:00006478       IsWindowVisible
 0002:0000150C       IsWinLonghorn
 0002:000014D8       IsWinME
 0002:000014DC       IsWinNT
 0001:0005F9B8       IsWinNT
 0002:000014E0       IsWinNT3
 0002:000014E4       IsWinNT31
 0002:000014E8       IsWinNT35
 0002:000014EC       IsWinNT351
 0002:000014F0       IsWinNT4
 0002:00001508       IsWinVista
 0002:000014F8       IsWinXP
 0002:00001500       IsWinXP64
 0001:00006480       IsZoomed
 0001:0004DBB4       Iterate
 0001:0004DC14       IterateMenus
 0001:000746D0       Jcl8087
 0001:000743F0       JclBase
 0001:000744A0       JclConsole
 0001:00075010       JclDateTime
 0001:00075134       JclFileUtils
 0001:000748A4       JclIniFiles
 0001:00074540       JclLogic
 0001:00074708       JclMath
 0001:0007532C       JclMime
 0001:0007486C       JclRegistry
 0001:000743B8       JclResources
 0001:000752E0       JclRTTI
 0001:00074FD8       JclSecurity
 0001:00074FA0       JclShell
 0001:0007468C       JclStrings
 0001:00074F48       JclSysInfo
 0001:0007478C       JclSysUtils
 0001:000744FC       JclWideStrings
 0001:00074468       JclWin32
 0002:00000018       JITEnable
 0001:00075630       JvAppStorage
 0001:00064A70       JVCLVer
 0001:00064B88       JvComponentBase
 0001:00064A04       JvConsts
 0001:00066C9C       JvJCLUtils
 0001:000759C0       JvJVCLUtils
 0001:0007567C       JvProgressUtils
 0001:000754FC       JvPropertyStore
 0001:00064F08       JvResources
 0001:000775B8       JvTrayIcon
 0001:000659A4       JvTypes
 0001:000659E8       JvVCL5Utils
 0001:000649CC       JvWin32
 0002:00004430       KernelVersionHi
 0001:00055714       KeyboardStateToShiftState
 0001:000556D8       KeyDataToShiftState
 0001:00055684       KeysToShiftState
 0001:00006488       KillTimer
 0001:00008194       LastDelimiter
 0001:0000C288       LCIDToCodePage
 0002:000000F4       LeadBytes
 0001:000003EC       LeaveCriticalSection
 0001:00005E60       LeaveCriticalSection
 0002:00000024       LibModuleList
 0001:00006068       LineTo
 0001:00068A58       ListActns
 0001:0003D170       ListAdd
 0001:00060F10       listen
 0001:00067D70       ListItemsCompare
 0001:0003D198       ListRemove
 0002:00003802       ListSeparator
 0001:0002C3D4       ListView_Arrange
 0001:0002C480       ListView_CreateDragImage
 0001:0002C324       ListView_DeleteAllItems
 0001:0002C42C       ListView_DeleteColumn
 0001:0002C30C       ListView_DeleteItem
 0001:0002C35C       ListView_FindItem
 0001:0002C554       ListView_GetCheckState
 0001:0002C650       ListView_GetColumnOrderArray
 0001:0002C444       ListView_GetColumnWidth
 0001:0002C3EC       ListView_GetEditControl
 0001:0002C2C4       ListView_GetItem
 0001:0002C2B0       ListView_GetItemCount
 0001:0002C36C       ListView_GetItemRect
 0001:0002C544       ListView_GetItemState
 0001:0002C338       ListView_GetNextItem
 0001:0002C4DC       ListView_GetOrigin
 0001:0002C60C       ListView_GetSelectedCount
 0001:0002C4CC       ListView_GetTopIndex
 0001:0002C3A8       ListView_HitTest
 0001:0002C41C       ListView_InsertColumn
 0001:0002C2F4       ListView_InsertItem
 0001:0002C3B8       ListView_RedrawItems
 0001:0002C27C       ListView_SetBkColor
 0001:0002C574       ListView_SetCheckState
 0001:0002C400       ListView_SetColumn
 0001:0002C634       ListView_SetColumnOrderArray
 0001:0002C45C       ListView_SetColumnWidth
 0001:0002C61C       ListView_SetExtendedListViewStyle
 0001:0002C294       ListView_SetImageList
 0001:0002C2DC       ListView_SetItem
 0001:0002C5D0       ListView_SetItemCount
 0001:0002C5E0       ListView_SetItemCountEx
 0001:0002C514       ListView_SetItemState
 0001:0002C5A0       ListView_SetItemText
 0001:0002C4B4       ListView_SetTextBkColor
 0001:0002C49C       ListView_SetTextColor
 0001:0002C66C       ListView_SetWorkAreas
 0001:0002C5F0       ListView_SortItems
 0001:0002C4F4       ListView_Update
 0001:00006490       LoadBitmap
 0001:00074580       LoadCaseMap
 0001:00074548       LoadCharTypes
 0001:00065DA0       LoadComExProcs
 0001:00006498       LoadCursor
 0001:000064A0       LoadIcon
 0001:00075EF0       LoadKernel32Dll
 0001:000064A8       LoadKeyboardLayout
 0001:00005E68       LoadLibrary
 0001:00000318       LoadLibraryEx
 0001:00005E70       LoadResource
 0001:00005040       LoadResourceModule
 0001:000058E8       LoadResString
 0001:000064B0       LoadString
 0001:00000320       LoadString
 0001:00005A24       LocalAlloc
 0001:000003BC       LocalAlloc
 0001:000003C4       LocalFree
 0001:0000AD90       LocalGetLocaleStr
 0001:00005E78       LockResource
 0002:00003744       LongDateFormat
 0002:000037D8       LongDayNames
 0002:0000378C       LongMonthNames
 0002:00003758       LongTimeFormat
 0001:000078B4       LowerCase
 0001:00005F18       lstrcmp
 0001:00005F20       lstrcpy
 0001:00000328       lstrcpyn
 0002:00003A2C       LVarTypes
 0002:00003A30       LVarTypeSync
 0002:00003030       MainInstance
 0002:00003034       MainThreadID
 0001:0000044C       MakeEmpty
 0001:0000346C       MakeErrorMessage
 0002:00000C4C       MakeLast
 0001:00006668       MakeLong
 0001:00006718       MakeLParam
 0001:000244A4       MakeObjectInstance
 0001:000066C4       MakeROP4
 0001:0000B8EC       MapException
 0001:00066F08       Mapi
 0002:00001398       MAPIDLL
 0002:0000139C       MAPIModule
 0001:0000317C       MapToRunError
 0001:000064B8       MapVirtualKey
 0001:000064C0       MapWindowPoints
 0001:000741B0       Mask
 0002:00000C84       Mask
 0001:00006070       MaskBlt
 0001:00074178       MaskUtils
 0001:0002BE58       Math
 0001:0002BE20       Max
 0001:00058100       MaximizedChildren
 0002:0000002C       MemoryManager
 0002:00000CA0       MenuKeyCaps
 0001:00052CAC       Menus
 0001:0000049C       MergeBlockAfter
 0001:00000F68       MergeCommit
 0001:000064C8       MessageBox
 0001:000002B8       MessageBox
 0001:000068B4       Messages
 0001:0001B4E4       Min
 0001:0002BE18       Min
 0001:00040A54       MinVar
 0002:00003B2C       MMAvailable
 0001:000668E0       MMSystem
 0002:00000C64       ModeMap
 0001:00059D2C       ModifySystemMenu
 0001:00077904       modRichEdit
 0001:00077A18       modSCPUtils
 0002:0000008C       Module
 0002:0000370D       ModuleIsCpp
 0002:0000370C       ModuleIsLib
 0001:00024474       ModuleUnload
 0002:00000028       ModuleUnloadList
 0002:00003B08       MonitorFromPoint
 0002:00003B04       MonitorFromRect
 0002:00003B00       MonitorFromWindow
 0002:00001330       Month
 0002:000000C4       MonthDays
 0002:00003BCC       Mouse
 0001:00001938       Move
 0001:00006078       MoveToEx
 0001:0003D1B8       MoveWindowOrg
 0001:000064D0       MsgWaitForMultipleObjects
 0001:00005E80       MulDiv
 0001:00005E88       MultiByteToWideChar
 0001:00000338       MultiByteToWideChar
 0001:0005F2DC       MultiLineWidth
 0001:0002CE38       MultiMon
 0002:000013F4       MultiSelections
 0002:00004438       MyGetFreeSystemResources
 0001:00077DE8       MyLineOut
 0002:00003E6C       NeedToUninitialize
 0001:00015170       NegateAny
 0001:000150C0       NegateAsDouble
 0001:00015118       NegateByte
 0001:00015184       NegateCustom
 0001:0001513C       NegateLongWord
 0001:000150EC       NegateVariant
 0001:000150D8       NegateViaOS
 0001:0001512C       NegateWord
 0002:00003739       NegCurrFormat
 0001:00000FF4       NewCommit
 0001:00001020       NewCommitAt
 0002:00003BD0       NewStyleControls
 0001:0000C080       NextCharIndex
 0001:00046AAC       NextVisibleZone
 0002:000005D8       NilMethod
 0002:0000001C       NoErrMsg
 0001:0004E9C8       NormalDraw
 0001:00015618       NotAny
 0001:00015570       NotAsOrdinal
 0001:000154A0       NotAsString
 0001:0001562C       NotCustom
 0001:00002D34       NotifyAnyExcept
 0001:0001B958       NotifyDesigner
 0001:00002D08       NotifyExcept
 0001:00002D68       NotifyExceptFinally
 0001:0001AB60       NotifyGlobalLoading
 0001:00005340       NotifyModuleUnload
 0001:00002CE4       NotifyNonDelphiException
 0001:00002D20       NotifyOnExcept
 0001:00002CC8       NotifyReRaise
 0001:00002D90       NotifyTerminate
 0001:00002DAC       NotifyUnhandled
 0001:000155EC       NotVariant
 0001:000155D8       NotViaOS
 0001:000096F4       Now
 0001:0005160C       NthParentOf
 0001:00060F18       ntohs
 0001:00016F28       Null
 0002:00000414       NullAsStringValue
 0001:0001483C       NullCompare
[...]
 0002:000013AC       TextConversionFormat
 0002:000013B8       ConversionFormatList
 0002:000013BC       Empty
 0002:000013C0       HideScrollBars
 0002:000013C8       HideSelections
 0002:000013D0       Painting
 0002:000013D4       Codes
 0002:000013E4       BorderStyles
 0002:000013EC       EditStyles
 0002:000013F4       MultiSelections
 0002:000013FC       HideSelections
 0002:00001404       Arrangements
 0002:0000140C       AutoArrange
 0002:00001414       WrapText
 0002:0000141C       ViewStyles
 0002:0000142C       ShowColumns
 0002:00001434       ColumnClicks
 0002:0000143C       ViewStyles
 0002:0000144C       Directions
 0002:00001460       Codes
 0002:00001478       IAlignment
 0002:00001490       ComboBoxExStyles
 0002:0000149C       ComboExStyles
 0002:000014B0       WideCRLF
 0002:000014B4       AnsiCaseMapReady
 0002:000014B8       Bools
 0002:000014C0       InfMantissa
 0002:000014C8       IsWin95
 0002:000014CC       IsWin95OSR2
 0002:000014D0       IsWin98
 0002:000014D4       IsWin98SE
 0002:000014D8       IsWinME
 0002:000014DC       IsWinNT
 0002:000014E0       IsWinNT3
 0002:000014E4       IsWinNT31
 0002:000014E8       IsWinNT35
 0002:000014EC       IsWinNT351
 0002:000014F0       IsWinNT4
 0002:000014F4       IsWin2K
 0002:000014F8       IsWinXP
 0002:000014FC       IsWin2003
 0002:00001500       IsWinXP64
 0002:00001504       IsWin2003R2
 0002:00001508       IsWinVista
 0002:0000150C       IsWinLonghorn
 0002:00001510       IntelCacheDescription
 0002:0000190C       ProcessorCount
 0002:00001910       AllocGranularity
 0002:00001914       PageSize
 0002:00001918       RtdlMsiLibHandle
 0002:0000191C       IgnorePropertyList
 0002:0000195C       ProgressList
 0002:00001960       DefCompanyName
 0002:00001964       DrawBitmap
 0002:00001968       ButtonNames
 0002:00001994       cUtilWindowExClass
 0002:000019BC       cHintSize
 0002:000019C4       GKernel32Handle
 0002:000019C8       GTriedLoadKernel32Dll
 0002:000019CC       RegisterServiceProcess
 0002:000019D0       cInfoFlagValues
 0002:00003000       DispCallByIDProc
 0002:00003004       ExceptProc
 0002:00003008       ErrorProc
 0002:0000300C       ExceptClsProc
 0002:00003010       ExceptObjProc
 0002:00003014       RaiseExceptionProc
 0002:00003018       RTLUnwindProc
 0002:0000301C       ExceptionClass
 0002:00003020       SafeCallErrorProc
 0002:00003024       AssertErrorProc
 0002:00003028       ExitProcessProc
 0002:0000302C       AbstractErrorProc
 0002:00003030       MainInstance
 0002:00003034       MainThreadID
 0002:00003038       IsLibrary
 0002:0000303C       CmdShow
 0002:00003040       CmdLine
 0002:00003044       InitProc
 0002:00003048       ExitProc
 0002:0000304C       IsConsole
 0002:0000304D       IsMultiThread
 0002:0000304E       Test8086
 0002:00003050       Input
 0002:0000321C       Output
 0002:000033E8       ErrOutput
 0002:000035B4       AllocMemCount
 0002:000035B8       AllocMemSize
 0002:000035BC       .5
 0002:000035C0       initialized
 0002:000035C4       heapErrorCode
 0002:000035C8       heapLock
 0002:000035E0       blockDescBlockList
 0002:000035E4       blockDescFreeList
 0002:000035E8       spaceRoot
 0002:000035F8       decommittedRoot
 0002:00003608       avail
 0002:00003614       rover
 0002:00003618       remBytes
 0002:0000361C       curAlloc
 0002:00003620       smallTab
 0002:00003624       committedRoot
 0002:00003634       InitContext
 0002:00003660       VariantManager
 0002:0000370C       ModuleIsLib
 0002:0000370D       ModuleIsCpp
 0002:00003710       TlsIndex
 0002:00003718       HInstance
 0002:0000371C       .1
 0002:00003720       tlsBuffer
 0002:00003724       .1
 0002:00003728       .3
 0002:0000372C       .1
 0002:00003730       .1
 0002:00003734       CurrencyString
 0002:00003738       CurrencyFormat
 0002:00003739       NegCurrFormat
 0002:0000373A       ThousandSeparator
 0002:0000373B       DecimalSeparator
 0002:0000373C       CurrencyDecimals
 0002:0000373D       DateSeparator
 0002:00003740       ShortDateFormat
 0002:00003744       LongDateFormat
 0002:00003748       TimeSeparator
 0002:0000374C       TimeAMString
 0002:00003750       TimePMString
 0002:00003754       ShortTimeFormat
 0002:00003758       LongTimeFormat
 0002:0000375C       ShortMonthNames
 0002:0000378C       LongMonthNames
 0002:000037BC       ShortDayNames
 0002:000037D8       LongDayNames
 0002:000037F4       SysLocale
 0002:00003802       ListSeparator
 0002:00003804       EraNames
 0002:00003820       EraYearOffsets
 0002:0000383C       TrueBoolStrs
 0002:00003840       FalseBoolStrs
 0002:00003844       .94
 0002:00003848       OutOfMemory
 0002:0000384C       InvalidPointer
 0002:00003850       FLanguages
 0002:00003854       .1
 0002:00003858       TempVariantChangeTypeEx
 0002:0000385C       TempVarNeg
 0002:00003860       TempVarNot
 0002:00003864       TempVarAdd
 0002:00003868       TempVarSub
 0002:0000386C       TempVarMul
 0002:00003870       TempVarDiv
 0002:00003874       TempVarIDiv
 0002:00003878       TempVarMod
 0002:0000387C       TempVarAnd
 0002:00003880       TempVarOr
 0002:00003884       TempVarXor
 0002:00003888       TempVarCmp
 0002:0000388C       TempVarI4FromStr
 0002:00003890       TempVarR4FromStr
 0002:00003894       TempVarR8FromStr
 0002:00003898       TempVarDateFromStr
 0002:0000389C       TempVarCyFromStr
 0002:000038A0       TempVarBoolFromStr
 0002:000038A4       TempVarBstrFromCy
 0002:000038A8       TempVarBstrFromDate
 0002:000038AC       TempVarBstrFromBool
 0002:000038B0       EmptyParam
 0002:000038C0       VarDispProc
 0002:000038C4       ClearAnyProc
 0002:000038C8       ChangeAnyProc
 0002:000038CC       RefAnyProc
 0002:000038D0       .81
 0002:000038D4       GVariantManager
 0002:00003980       GOldVariantManager
 0002:00003A2C       LVarTypes
 0002:00003A30       LVarTypeSync
 0002:00003A34       .1
 0002:00003A38       .6
 0002:00003A3C       .3
 0002:00003A40       GlobalNameSpace
 0002:00003A44       IsUniqueGlobalComponentNameProc
 0002:00003A48       .35
 0002:00003A4C       IntConstList
 0002:00003A50       RegGroups
 0002:00003A54       FindGlobalComponentProcs
 0002:00003A58       GlobalFixupList
 0002:00003A5C       ProcPosted
 0002:00003A60       ThreadLock
 0002:00003A78       ThreadCount
 0002:00003A7C       InstBlockList
 0002:00003A80       InstFreeList
 0002:00003A84       .1
 0002:00003A88       SystemPalette16
 0002:00003A8C       .12
 0002:00003A90       ScreenLogPixels
 0002:00003A94       StockPen
 0002:00003A98       StockBrush
 0002:00003A9C       StockFont
 0002:00003AA0       StockIcon
 0002:00003AA4       BitmapImageLock
 0002:00003ABC       CounterLock
 0002:00003AD4       FontManager
 0002:00003AD8       PenManager
 0002:00003ADC       BrushManager
 0002:00003AE0       CanvasList
 0002:00003AE4       PatternManager
 0002:00003AE8       .2
 0002:00003AEC       .21
 0002:00003AF0       .1
 0002:00003AF4       ComCtl32DLL
 0002:00003AF8       _InitCommonControlsEx
 0002:00003AFC       GetSystemMetrics
 0002:00003B00       MonitorFromWindow
 0002:00003B04       MonitorFromRect
 0002:00003B08       MonitorFromPoint
 0002:00003B0C       GetMonitorInfo
 0002:00003B10       GetMonitorInfoA
 0002:00003B14       GetMonitorInfoW
 0002:00003B18       EnumDisplayMonitors
 0002:00003B1C       .1
 0002:00003B20       User32Dll
 0002:00003B24       InitApis
 0002:00003B2C       MMAvailable
 0002:00003B30       .1
 0002:00003B34       .2
 0002:00003B38       HelpManager
 0002:00003B3C       .3
 0002:00003B40       .3
 0002:00003B44       FlatSB_EnableScrollBar
 0002:00003B48       FlatSB_ShowScrollBar
 0002:00003B4C       FlatSB_GetScrollRange
 0002:00003B50       FlatSB_GetScrollInfo
 0002:00003B54       FlatSB_GetScrollPos
 0002:00003B58       FlatSB_SetScrollPos
 0002:00003B5C       FlatSB_SetScrollInfo
 0002:00003B60       FlatSB_SetScrollRange
 0002:00003B64       .1
 0002:00003B68       _FlatSB_GetScrollProp
 0002:00003B6C       _FlatSB_SetScrollProp
 0002:00003B70       _InitializeFlatSB
 0002:00003B74       _UninitializeFlatSB
 0002:00003B78       .42
 0002:00003B7C       .1
 0002:00003B80       .1
 0002:00003B84       .1
 0002:00003B88       .1
 0002:00003B8C       .1
 0002:00003B90       .1
 0002:00003B94       .12
 0002:00003B98       .1
 0002:00003B9C       .01
 0002:00003BA0       HelpMsg
 0002:00003BA4       FindMsg
 0002:00003BA8       CF_PICTURE
 0002:00003BAA       CF_COMPONENT
 0002:00003BAC       .2
 0002:00003BB0       FClipboard
 0002:00003BB4       .1
 0002:00003BB8       .63
 0002:00003BBC       WinHelpTester
 0002:00003BC0       ViewerName
 0002:00003BC4       .1
 0002:00003BC8       HelpViewer
 0002:00003BCC       Mouse
 0002:00003BD0       NewStyleControls
 0002:00003BD4       .72
 0002:00003BD8       WindowAtom
 0002:00003BDA       ControlAtom
 0002:00003BDC       WindowAtomString
 0002:00003BE0       ControlAtomString
 0002:00003BE4       RM_GetObjectInstance
 0002:00003BE8       DragControl
 0002:00003BEC       DragObject
 0002:00003BF0       DragInternalObject
 0002:00003BF4       DragCapture
 0002:00003BF8       DragStartPos
 0002:00003C00       DragSaveCursor
 0002:00003C04       DragThreshold
 0002:00003C08       ActiveDrag
 0002:00003C0C       DragImageList
 0002:00003C10       DockSiteList
 0002:00003C14       QualifyingSites
 0002:00003C18       DragSave
 0002:00003C1C       CanvasList
 0002:00003C20       _WINNLSEnableIME
 0002:00003C24       _ImmGetContext
 0002:00003C28       _ImmReleaseContext
 0002:00003C2C       _ImmGetConversionStatus
 0002:00003C30       _ImmSetConversionStatus
 0002:00003C34       _ImmSetOpenStatus
 0002:00003C38       _ImmSetCompositionWindow
 0002:00003C3C       _ImmSetCompositionFont
 0002:00003C40       _ImmGetCompositionString
 0002:00003C44       _ImmIsIME
 0002:00003C48       _ImmNotifyIME
 0002:00003C4C       .8
 0002:00003C50       .3
 0002:00003C54       PopupList
 0002:00003C58       ShortCutItems
 0002:00003C5C       .9
 0002:00003C60       CommandPool
 0002:00003C64       Application
 0002:00003C68       Screen
 0002:00003C6C       .41
 0002:00003C70       RM_TaskbarCreated
 0002:00003C74       HintThreadID
 0002:00003C78       HintDoneEvent
 0002:00003C7C       HintHook
 0002:00003C80       HintThread
 0002:00003C84       RC_SendBuf
 0002:00003C88       RC_End
 0002:00003C8C       RC_ExitCode
 0002:00003C90       RC_LineOut
 0002:00003C94       .1
 0002:00003C98       .8
 0002:00003C9C       .1
 0002:00003CA0       .6
 0002:00003CA4       .41
 0002:00003CA8       WSAData
 0002:00003E38       .1
 0002:00003E3C       .1
 0002:00003E40       .1
 0002:00003E44       .2
 0002:00003E48       .1
 0002:00003E4C       .1
 0002:00003E50       .7
 0002:00003E54       .1
 0002:00003E58       .1
 0002:00003E5C       .41
 0002:00003E60       OleUninitializing
 0002:00003E64       ComClassManagerVar
 0002:00003E68       SaveInitProc
 0002:00003E6C       NeedToUninitialize
 0002:00003E70       .7
 0002:00003E74       .5
 0002:00003E78       .1
 0002:00003E7C       ShellVersion
 0002:00003E80       .1
 0002:00003E84       .4
 0002:00003E88       .1
 0002:00003E8C       .4
 0002:00003E90       BitBtnGlyphs
 0002:00003EBC       .3
 0002:00003EC0       .1
 0002:00003EC4       .72
 0002:00003EC8       UrlMonHandle
 0002:00003ECC       UrlMonInitialized
 0002:00003ED0       .8
 0002:00003ED4       .36
 0002:00003ED8       ShellModule
 0002:00003EDC       FRichEditModule
 0002:00003EE0       .2
 0002:00003EE4       .5
 0002:00003EE8       .11
 0002:00003EEC       .1
 0002:00003EF0       .4
 0002:00003EF4       .1
 0002:00003EF8       .2
 0002:00003EFC       .01
 0002:00003F00       .3
 0002:00003F04       .1
 0002:00003F08       .1
 0002:00003F0C       AnsiCaseMap
 0002:0000420C       AnsiCharTypes
 0002:0000440C       .1
 0002:00004410       .7
 0002:00004414       .5
 0002:00004418       .1
 0002:0000441C       .1
 0002:00004420       .1
 0002:00004424       .2
 0002:00004428       .1
 0002:0000442C       .2
 0002:00004430       KernelVersionHi
 0002:00004434       ResmeterLibHandle
 0002:00004438       MyGetFreeSystemResources
 0002:0000443C       .1
 0002:00004440       .1
 0002:00004444       .2
 0002:00004448       .42
 0002:0000444C       .4
 0002:00004450       TypeList
 0002:00004454       .1
 0002:00004458       .4
 0002:0000445C       .01
 0002:00004460       RegisteredAppStoragePropertyEngineList
 0002:00004464       .1
 0002:00004468       .6
 0002:0000446C       .2
 0002:00004470       .1
 0002:00004474       .1
 0002:00004478       frmMain
 0002:0000447C       .2


Line numbers for RedirectConsole(RedirectConsole.pas) segment .text

    36 0001:0005F950    37 0001:0005F96D    38 0001:0005F9A7    42 0001:0005F9B8
    43 0001:0005F9BE    44 0001:0005F9C5    45 0001:0005F9CB    46 0001:0005F9D3
    50 0001:0005F9DC    52 0001:0005FA02    53 0001:0005FA23    54 0001:0005FA2C
    51 0001:0005FA49    56 0001:0005FA5A    57 0001:0005FA91    69 0001:0005FAA4
    71 0001:0005FAEB    72 0001:0005FAF4    73 0001:0005FB02    74 0001:0005FB14
    75 0001:0005FB22    77 0001:0005FB2A    78 0001:0005FB44    79 0001:0005FB4F
    82 0001:0005FB54    83 0001:0005FB6E    84 0001:0005FB79    85 0001:0005FB82
    86 0001:0005FB8B    89 0001:0005FB90    90 0001:0005FB9C    91 0001:0005FBA6
    92 0001:0005FBAF    93 0001:0005FBB8    94 0001:0005FBC1    96 0001:0005FBCA
    98 0001:0005FBF8    99 0001:0005FC17   100 0001:0005FC20   101 0001:0005FC29
   102 0001:0005FC32   103 0001:0005FC3B   106 0001:0005FC40   107 0001:0005FC4E
   108 0001:0005FC55   111 0001:0005FC5C   112 0001:0005FC68   113 0001:0005FC79
   114 0001:0005FC8C   116 0001:0005FCA2   117 0001:0005FCAB   118 0001:0005FCB9
   119 0001:0005FCC2   120 0001:0005FCCE   121 0001:0005FCE0   122 0001:0005FCFD
   119 0001:0005FD0B   125 0001:0005FD15   126 0001:0005FD27   131 0001:0005FD46
   132 0001:0005FD5C   130 0001:0005FD6D   134 0001:0005FD78   136 0001:0005FD85
   137 0001:0005FD91   138 0001:0005FD9D   139 0001:0005FDA6   140 0001:0005FDAF
   141 0001:0005FDB8   142 0001:0005FDEE   144 0001:0005FE98   144 0001:0005FE9F

Line numbers for JvWin32(JvWin32.pas) segment .text

   334 0001:000649CC   334 0001:000649D3

Line numbers for JvConsts(JvConsts.pas) segment .text

   273 0001:00064A04   273 0001:00064A0B

Line numbers for modRichEdit(modRichEdit.pas) segment .text

    14 0001:000775C0    17 0001:000775EA    18 0001:00077608    19 0001:00077615
    20 0001:00077625    22 0001:00077658    29 0001:00077660    30 0001:0007768D
    32 0001:000776A7    34 0001:000776AF    39 0001:000776E0    40 0001:000776F3
    42 0001:00077711    43 0001:0007771B    44 0001:00077747    52 0001:00077753
    55 0001:0007776F    32 0001:00077771    58 0001:00077779    59 0001:000777A9
    62 0001:000777CC    63 0001:000777F3    64 0001:00077809    69 0001:000778C2
    71 0001:00077904    71 0001:0007790B

Line numbers for modSCPUtils(modSCPUtils.pas) segment .text

    88 0001:0007790C    89 0001:00077946    91 0001:0007794D    92 0001:00077957
    94 0001:00077959    96 0001:0007798E    97 0001:00077990    99 0001:000779E0
   600 0001:00077A18   600 0001:00077A1F

Line numbers for fMain(fMain.pas) segment .text

    77 0001:00077DE8    79 0001:00077E05    80 0001:00077E2F    83 0001:00077E34
    84 0001:00077E37    85 0001:00077E42    86 0001:00077E49    87 0001:00077E50
    88 0001:00077E57    93 0001:00077E5C    94 0001:00077E78    95 0001:00077EB0
    96 0001:00077ED3    97 0001:00077EDA    98 0001:00077EE1    99 0001:00077F26
   103 0001:00077F6C   104 0001:00077F71   108 0001:00077F74   109 0001:00077F83
   110 0001:00077F8D   111 0001:00077F97   112 0001:00077FA1   115 0001:00077FE4
   117 0001:0007800C   120 0001:0007802E   122 0001:00078034   123 0001:00078040
   127 0001:00078047   128 0001:0007804E   129 0001:00078059   130 0001:00078067
   132 0001:00078091   135 0001:000780B4   136 0001:000780B7   138 0001:000780C5
   139 0001:000780CA   141 0001:000780CD   144 0001:000780D0   145 0001:000780D3
   146 0001:000780E0   149 0001:000780E9   150 0001:000780F0   154 0001:000780F2
   155 0001:000780FE   158 0001:00078105   159 0001:00078112   163 0001:00078114
   164 0001:00078131   165 0001:0007813B   166 0001:0007814D   167 0001:00078198
   171 0001:000781D0   172 0001:000781DD   176 0001:000781E0   179 0001:000781E3
   181 0001:000781F2   182 0001:000781F9   183 0001:00078206   184 0001:00078217
   188 0001:0007821E   190 0001:0007822D   191 0001:0007823E   194 0001:0007824B
   199 0001:000782A4   201 0001:000782AE   203 0001:000782BD   204 0001:000782C4
   205 0001:000782D1   206 0001:000782E2   210 0001:000782E8   211 0001:000782F9
   212 0001:00078306   214 0001:0007830A   220 0001:00078354   221 0001:00078357
   224 0001:00078360   225 0001:00078367   227 0001:00078374   228 0001:0007837D
   231 0001:0007838C   233 0001:00078399   237 0001:0007839C   238 0001:000783C6
   239 0001:00078408   246 0001:00078424   247 0001:0007842E   248 0001:00078434
   250 0001:0007844C   251 0001:00078452   252 0001:00078458   248 0001:00078465
   254 0001:00078468   258 0001:00078470   259 0001:0007848D   261 0001:00078493
   263 0001:000784AF   264 0001:000784B4   268 0001:000784B6   269 0001:000784CC
   270 0001:000784E4   271 0001:000784F1   273 0001:00078518   277 0001:00078520
   278 0001:00078523   280 0001:00078532   283 0001:00078543   285 0001:00078552
   287 0001:00078563   290 0001:000785B8   291 0001:000785DF   293 0001:000785FD
   294 0001:0007862D   297 0001:00078640   298 0001:00078660   300 0001:00078666
   302 0001:00078677   305 0001:000786A2   308 0001:000786A8   309 0001:000786D0
   310 0001:000786D2   312 0001:000786E8   314 0001:00078706   315 0001:00078708
   316 0001:0007870F   317 0001:00078719   320 0001:00078744   325 0001:0007876C
   326 0001:00078771   328 0001:0007877F   330 0001:00078794   331 0001:000787AF
   328 0001:000787B0   333 0001:000787B3   338 0001:000787B8   339 0001:000787DE
   340 0001:000787EC   341 0001:00078825   342 0001:0007882B   344 0001:0007883E
   346 0001:00078847   347 0001:0007885C   349 0001:0007886C   351 0001:0007888C
   353 0001:00078892   354 0001:0007889A   356 0001:000788AB   358 0001:000788DD
   364 0001:0007891C   365 0001:0007893C   367 0001:0007894A   368 0001:00078983
   369 0001:000789A8   371 0001:000789B1   373 0001:000789E4   374 0001:00078A11
   377 0001:00078A1E   379 0001:00078A29   382 0001:00078A42   384 0001:00078A58
   385 0001:00078A5D   387 0001:00078A71   390 0001:00078A89   391 0001:00078A91
   393 0001:00078AC3   396 0001:00078B3C   397 0001:00078B3F   398 0001:00078B48
   399 0001:00078B61   406 0001:00078B64   407 0001:00078B9D   409 0001:00078BAD
   410 0001:00078BBB   414 0001:00078BD0   416 0001:00078BD8   418 0001:00078BF6
   420 0001:00078C0A   421 0001:00078C18   422 0001:00078C3D   412 0001:00078C60
   426 0001:00078C78   428 0001:00078C88   429 0001:00078CC8   431 0001:00078D30
   431 0001:00078D37

Line numbers for PseuWoWConsole(F:\wowstuff\PseuWow\src\tools\PseuWoWConsole\src\PseuWoWConsole.dpr) segment .text

    12 0001:000790B0    13 0001:000790C0    14 0001:000790CC    15 0001:000790DD
    16 0001:000790F5    17 0001:00079101

Bound resource files

c:\program files\borland\delphi6\Lib\CONTROLS.RES
c:\program files\borland\delphi6\Lib\BUTTONS.RES
c:\program files\borland\delphi6\Lib\EXTDLGS.RES
Z:\VCL\jedi vcl\Resources\JvConsts.res
fMain.DFM
PseuWoWConsole.RES
PseuWoWConsole.drf


Program entry point at 0001:000790B0
